Component: Arm Compiler for Embedded 6.21 Tool: armlink [5ec1fa00]

==============================================================================

Section Cross References

    gd32e23x_it.o(.ARM.exidx.text.NMI_Handler) refers to gd32e23x_it.o(.text.NMI_Handler) for [Anonymous Symbol]
    gd32e23x_it.o(.ARM.exidx.text.HardFault_Handler) refers to gd32e23x_it.o(.text.HardFault_Handler) for [Anonymous Symbol]
    gd32e23x_it.o(.ARM.exidx.text.MemManage_Handler) refers to gd32e23x_it.o(.text.MemManage_Handler) for [Anonymous Symbol]
    gd32e23x_it.o(.ARM.exidx.text.BusFault_Handler) refers to gd32e23x_it.o(.text.BusFault_Handler) for [Anonymous Symbol]
    gd32e23x_it.o(.ARM.exidx.text.UsageFault_Handler) refers to gd32e23x_it.o(.text.UsageFault_Handler) for [Anonymous Symbol]
    gd32e23x_it.o(.ARM.exidx.text.SVC_Handler) refers to gd32e23x_it.o(.text.SVC_Handler) for [Anonymous Symbol]
    gd32e23x_it.o(.ARM.exidx.text.DebugMon_Handler) refers to gd32e23x_it.o(.text.DebugMon_Handler) for [Anonymous Symbol]
    gd32e23x_it.o(.ARM.exidx.text.PendSV_Handler) refers to gd32e23x_it.o(.text.PendSV_Handler) for [Anonymous Symbol]
    gd32e23x_it.o(.ARM.exidx.text.SysTick_Handler) refers to gd32e23x_it.o(.text.SysTick_Handler) for [Anonymous Symbol]
    main.o(.text.USART0_IRQHandler) refers to gd32e23x_usart.o(.text.usart_interrupt_flag_get) for usart_interrupt_flag_get
    main.o(.text.USART0_IRQHandler) refers to gd32e23x_usart.o(.text.usart_interrupt_flag_clear) for usart_interrupt_flag_clear
    main.o(.text.USART0_IRQHandler) refers to porg_rs485.o(.text.int_RX) for int_RX
    main.o(.ARM.exidx.text.USART0_IRQHandler) refers to main.o(.text.USART0_IRQHandler) for [Anonymous Symbol]
    main.o(.text.TIMER2_IRQHandler) refers to gd32e23x_timer.o(.text.timer_interrupt_flag_get) for timer_interrupt_flag_get
    main.o(.text.TIMER2_IRQHandler) refers to gd32e23x_gpio.o(.text.gpio_bit_set) for gpio_bit_set
    main.o(.text.TIMER2_IRQHandler) refers to gd32e23x_gpio.o(.text.gpio_bit_reset) for gpio_bit_reset
    main.o(.text.TIMER2_IRQHandler) refers to gd32e23x_timer.o(.text.timer_interrupt_flag_clear) for timer_interrupt_flag_clear
    main.o(.text.TIMER2_IRQHandler) refers to main.o(.bss.TIM_Cnt) for TIM_Cnt
    main.o(.text.TIMER2_IRQHandler) refers to main.o(.bss.SEC_LDOP_TEST) for SEC_LDOP_TEST
    main.o(.text.TIMER2_IRQHandler) refers to main.o(.bss.SEC_SMOKE_TEST) for SEC_SMOKE_TEST
    main.o(.ARM.exidx.text.TIMER2_IRQHandler) refers to main.o(.text.TIMER2_IRQHandler) for [Anonymous Symbol]
    main.o(.text.main) refers to systick.o(.text.systick_config) for systick_config
    main.o(.text.main) refers to main.o(.text.rcu_config) for rcu_config
    main.o(.text.main) refers to data.o(.text.gpio_init) for gpio_init
    main.o(.text.main) refers to main.o(.text.nvic_config) for nvic_config
    main.o(.text.main) refers to adc.o(.text.adc_config) for adc_config
    main.o(.text.main) refers to main.o(.text.timer_config) for timer_config
    main.o(.text.main) refers to 24cxx.o(.text.AT24CXX_Init) for AT24CXX_Init
    main.o(.text.main) refers to gd32f350r_eval.o(.text.gd_eval_com_init) for gd_eval_com_init
    main.o(.text.main) refers to bsp_ds18b20.o(.text.DS18B20_GPIO_Init) for DS18B20_GPIO_Init
    main.o(.text.main) refers to sgp30.o(.text.SGP30_Init) for SGP30_Init
    main.o(.text.main) refers to porg_rs485.o(.text.RS485_init_data) for RS485_init_data
    main.o(.text.main) refers to gd32e23x_usart.o(.text.usart_flag_get) for usart_flag_get
    main.o(.text.main) refers to gd32e23x_usart.o(.text.usart_interrupt_enable) for usart_interrupt_enable
    main.o(.text.main) refers to data.o(.text.calibration_init) for calibration_init
    main.o(.text.main) refers to bsp_ds18b20.o(.text.DS18B20_GetTemperture) for DS18B20_GetTemperture
    main.o(.text.main) refers to f2d.o(.text) for __aeabi_f2d
    main.o(.text.main) refers to printfa.o(i.__0printf) for printf
    main.o(.text.main) refers to sgp30.o(.text.SGP30_Get_Value) for SGP30_Get_Value
    main.o(.text.main) refers to systick.o(.text.delay_ms) for delay_ms
    main.o(.text.main) refers to adc.o(.text.get_adc_Average) for get_adc_Average
    main.o(.text.main) refers to main.o(.text.mabub) for mabub
    main.o(.text.main) refers to main.o(.text.group_trans) for group_trans
    main.o(.text.main) refers to main.o(.rodata.str1.1) for [Anonymous Symbol]
    main.o(.text.main) refers to sgp30.o(.bss.sgp_data) for sgp_data
    main.o(.text.main) refers to main.o(.bss.SEC_LDOP_TEST) for SEC_LDOP_TEST
    main.o(.text.main) refers to data.o(.bss.adcData) for adcData
    main.o(.text.main) refers to main.o(.bss.SEC_SMOKE_TEST) for SEC_SMOKE_TEST
    main.o(.text.main) refers to main.o(.bss.temp_adc) for temp_adc
    main.o(.text.main) refers to main.o(.bss.count) for count
    main.o(.text.main) refers to main.o(.bss.SmokeIns_group) for SmokeIns_group
    main.o(.text.main) refers to main.o(.bss.Paixu_group) for Paixu_group
[...]
    Removing gd32e23x_wwdgt.o(.text.wwdgt_counter_update), (44 bytes).
    Removing gd32e23x_wwdgt.o(.ARM.exidx.text.wwdgt_counter_update), (8 bytes).
    Removing gd32e23x_wwdgt.o(.text.wwdgt_config), (92 bytes).
    Removing gd32e23x_wwdgt.o(.ARM.exidx.text.wwdgt_config), (8 bytes).
    Removing gd32e23x_wwdgt.o(.text.wwdgt_interrupt_enable), (20 bytes).
    Removing gd32e23x_wwdgt.o(.ARM.exidx.text.wwdgt_interrupt_enable), (8 bytes).
    Removing gd32e23x_wwdgt.o(.text.wwdgt_flag_get), (40 bytes).
    Removing gd32e23x_wwdgt.o(.ARM.exidx.text.wwdgt_flag_get), (8 bytes).
    Removing gd32e23x_wwdgt.o(.text.wwdgt_flag_clear), (16 bytes).
    Removing gd32e23x_wwdgt.o(.ARM.exidx.text.wwdgt_flag_clear), (8 bytes).

1103 unused section(s) (total 38431 bytes) removed from the image.

==============================================================================

Image Symbol Table

    Local Symbols

    Symbol Name                              Value     Ov Type        Size  Object(Section)

    ../clib/division.s                       0x00000000   Number         0  aeabi_sdiv.o ABSOLUTE
    ../clib/division.s                       0x00000000   Number         0  aeabi_sdiv_div0.o ABSOLUTE
    ../clib/microlib/division.c              0x00000000   Number         0  uidiv.o ABSOLUTE
    ../clib/microlib/division.c              0x00000000   Number         0  uldiv.o ABSOLUTE
    ../clib/microlib/division.c              0x00000000   Number         0  uidiv_div0.o ABSOLUTE
    ../clib/microlib/division.c              0x00000000   Number         0  idiv_div0.o ABSOLUTE
    ../clib/microlib/division.c              0x00000000   Number         0  idiv0.o ABSOLUTE
    ../clib/microlib/init/entry.s            0x00000000   Number         0  entry.o ABSOLUTE
    ../clib/microlib/init/entry.s            0x00000000   Number         0  entry2.o ABSOLUTE
    ../clib/microlib/init/entry.s            0x00000000   Number         0  entry5.o ABSOLUTE
    ../clib/microlib/init/entry.s            0x00000000   Number         0  entry7a.o ABSOLUTE
    ../clib/microlib/init/entry.s            0x00000000   Number         0  entry7b.o ABSOLUTE
    ../clib/microlib/init/entry.s            0x00000000   Number         0  entry8a.o ABSOLUTE
    ../clib/microlib/init/entry.s            0x00000000   Number         0  entry8b.o ABSOLUTE
    ../clib/microlib/init/entry.s            0x00000000   Number         0  entry9a.o ABSOLUTE
    ../clib/microlib/init/entry.s            0x00000000   Number         0  entry9b.o ABSOLUTE
    ../clib/microlib/init/entry.s            0x00000000   Number         0  entry10a.o ABSOLUTE
    ../clib/microlib/init/entry.s            0x00000000   Number         0  entry10b.o ABSOLUTE
    ../clib/microlib/init/entry.s            0x00000000   Number         0  entry11a.o ABSOLUTE
    ../clib/microlib/init/entry.s            0x00000000   Number         0  entry11b.o ABSOLUTE
    ../clib/microlib/longlong.c              0x00000000   Number         0  llshl.o ABSOLUTE
    ../clib/microlib/longlong.c              0x00000000   Number         0  llushr.o ABSOLUTE
    ../clib/microlib/longlong.c              0x00000000   Number         0  llsshr.o ABSOLUTE
    ../clib/microlib/printf/printf.c         0x00000000   Number         0  printfa.o ABSOLUTE
    ../clib/microlib/stdio/streams.c         0x00000000   Number         0  stdout.o ABSOLUTE
    ../clib/microlib/stubs.s                 0x00000000   Number         0  iusefp.o ABSOLUTE
    ../fplib/microlib/d2f.c                  0x00000000   Number         0  d2f.o ABSOLUTE
    ../fplib/microlib/f2d.c                  0x00000000   Number         0  f2d.o ABSOLUTE
    ../fplib/microlib/fpadd.c                0x00000000   Number         0  dadd.o ABSOLUTE
    ../fplib/microlib/fpdiv.c                0x00000000   Number         0  fdiv.o ABSOLUTE
    ../fplib/microlib/fpdiv.c                0x00000000   Number         0  ddiv.o ABSOLUTE
    ../fplib/microlib/fpepilogue.c           0x00000000   Number         0  fepilogue.o ABSOLUTE
    ../fplib/microlib/fpepilogue.c           0x00000000   Number         0  depilogue.o ABSOLUTE
    ../fplib/microlib/fpfix.c                0x00000000   Number         0  ffixui.o ABSOLUTE
    ../fplib/microlib/fpfix.c                0x00000000   Number         0  dfixul.o ABSOLUTE
    ../fplib/microlib/fpflt.c                0x00000000   Number         0  ffltui.o ABSOLUTE
    ../fplib/microlib/fpflt.c                0x00000000   Number         0  dflti.o ABSOLUTE
    ../fplib/microlib/fpmul.c                0x00000000   Number         0  fmul.o ABSOLUTE
    ../fplib/microlib/fpmul.c                0x00000000   Number         0  dmul.o ABSOLUTE
    ..\Firmware\CMSIS\GD\GD32E23x\Source\ARM\startup_gd32e23x.s 0x00000000   Number         0  startup_gd32e23x.o ABSOLUTE
    24cxx.c                                  0x00000000   Number         0  24cxx.o ABSOLUTE
    IIC.c                                    0x00000000   Number         0  iic.o ABSOLUTE
    PORG_RS485.c                             0x00000000   Number         0  porg_rs485.o ABSOLUTE
    adc.c                                    0x00000000   Number         0  adc.o ABSOLUTE
    bsp_ds18b20.c                            0x00000000   Number         0  bsp_ds18b20.o ABSOLUTE
    bsp_usart.c                              0x00000000   Number         0  bsp_usart.o ABSOLUTE
    cdrcmple.s                               0x00000000   Number         0  cdrcmple.o ABSOLUTE
    data.c                                   0x00000000   Number         0  data.o ABSOLUTE
    dc.s                                     0x00000000   Number         0  dc.o ABSOLUTE
    gd32e23x_adc.c                           0x00000000   Number         0  gd32e23x_adc.o ABSOLUTE
    gd32e23x_cmp.c                           0x00000000   Number         0  gd32e23x_cmp.o ABSOLUTE
    gd32e23x_crc.c                           0x00000000   Number         0  gd32e23x_crc.o ABSOLUTE
    gd32e23x_dbg.c                           0x00000000   Number         0  gd32e23x_dbg.o ABSOLUTE
    gd32e23x_dma.c                           0x00000000   Number         0  gd32e23x_dma.o ABSOLUTE
    gd32e23x_exti.c                          0x00000000   Number         0  gd32e23x_exti.o ABSOLUTE
    gd32e23x_fmc.c                           0x00000000   Number         0  gd32e23x_fmc.o ABSOLUTE
    gd32e23x_fwdgt.c                         0x00000000   Number         0  gd32e23x_fwdgt.o ABSOLUTE
    gd32e23x_gpio.c                          0x00000000   Number         0  gd32e23x_gpio.o ABSOLUTE
    gd32e23x_i2c.c                           0x00000000   Number         0  gd32e23x_i2c.o ABSOLUTE
    gd32e23x_it.c                            0x00000000   Number         0  gd32e23x_it.o ABSOLUTE
    gd32e23x_misc.c                          0x00000000   Number         0  gd32e23x_misc.o ABSOLUTE
    gd32e23x_pmu.c                           0x00000000   Number         0  gd32e23x_pmu.o ABSOLUTE
    gd32e23x_rcu.c                           0x00000000   Number         0  gd32e23x_rcu.o ABSOLUTE
    gd32e23x_rtc.c                           0x00000000   Number         0  gd32e23x_rtc.o ABSOLUTE
    gd32e23x_spi.c                           0x00000000   Number         0  gd32e23x_spi.o ABSOLUTE
    gd32e23x_syscfg.c                        0x00000000   Number         0  gd32e23x_syscfg.o ABSOLUTE
    gd32e23x_timer.c                         0x00000000   Number         0  gd32e23x_timer.o ABSOLUTE
    gd32e23x_usart.c                         0x00000000   Number         0  gd32e23x_usart.o ABSOLUTE
    gd32e23x_wwdgt.c                         0x00000000   Number         0  gd32e23x_wwdgt.o ABSOLUTE
    gd32f350r_eval.c                         0x00000000   Number         0  gd32f350r_eval.o ABSOLUTE
    handlers.s                               0x00000000   Number         0  handlers.o ABSOLUTE
    init.s                                   0x00000000   Number         0  init.o ABSOLUTE
    main.c                                   0x00000000   Number         0  main.o ABSOLUTE
    sgp30.c                                  0x00000000   Number         0  sgp30.o ABSOLUTE
    system_gd32e23x.c                        0x00000000   Number         0  system_gd32e23x.o ABSOLUTE
    systick.c                                0x00000000   Number         0  systick.o ABSOLUTE
    RESET                                    0x08000000   Section      204  startup_gd32e23x.o(RESET)
    .ARM.Collect$$$$00000000                 0x080000cc   Section        0  entry.o(.ARM.Collect$$$$00000000)
    .ARM.Collect$$$$00000001                 0x080000cc   Section        4  entry2.o(.ARM.Collect$$$$00000001)
    .ARM.Collect$$$$00000004                 0x080000d0   Section        4  entry5.o(.ARM.Collect$$$$00000004)
    .ARM.Collect$$$$00000008                 0x080000d4   Section        0  entry7b.o(.ARM.Collect$$$$00000008)
    .ARM.Collect$$$$0000000A                 0x080000d4   Section        0  entry8b.o(.ARM.Collect$$$$0000000A)
    .ARM.Collect$$$$0000000B                 0x080000d4   Section        8  entry9a.o(.ARM.Collect$$$$0000000B)
    __lit__00000000                          0x080000dc   Data           4  entry2.o(.ARM.Collect$$$$00002712)
    .ARM.Collect$$$$0000000D                 0x080000dc   Section        0  entry10a.o(.ARM.Collect$$$$0000000D)
    .ARM.Collect$$$$0000000F                 0x080000dc   Section        0  entry11a.o(.ARM.Collect$$$$0000000F)
    .ARM.Collect$$$$00002712                 0x080000dc   Section        4  entry2.o(.ARM.Collect$$$$00002712)
    .text                                    0x080000e0   Section       28  startup_gd32e23x.o(.text)
    .text                                    0x080000fc   Section        0  fmul.o(.text)
    .text                                    0x08000176   Section        0  fdiv.o(.text)
    .text                                    0x080001f4   Section        0  dmul.o(.text)
    .text                                    0x080002c4   Section        0  ffltui.o(.text)
    .text                                    0x080002d4   Section        0  dflti.o(.text)
    .text                                    0x080002fc   Section        0  ffixui.o(.text)
    .text                                    0x08000324   Section        0  f2d.o(.text)
    .text                                    0x0800034c   Section        0  d2f.o(.text)
    .text                                    0x08000384   Section        0  uldiv.o(.text)
    .text                                    0x080003e4   Section        0  iusefp.o(.text)
    .text                                    0x080003e4   Section        0  fepilogue.o(.text)
    .text                                    0x08000466   Section        0  depilogue.o(.text)
    .text                                    0x08000524   Section        0  dadd.o(.text)
    .text                                    0x08000688   Section        0  ddiv.o(.text)
    .text                                    0x08000778   Section        0  dfixul.o(.text)
    .text                                    0x080007b8   Section       40  cdrcmple.o(.text)
    .text                                    0x080007e0   Section       48  init.o(.text)
    .text                                    0x08000810   Section        0  uidiv_div0.o(.text)
    .text                                    0x0800084e   Section        0  llshl.o(.text)
    .text                                    0x0800086e   Section        0  llushr.o(.text)
    .text                                    0x08000890   Section        0  llsshr.o(.text)
    [Anonymous Symbol]                       0x080008b6   Section        0  24cxx.o(.text.AT24CXX_Init)
    [Anonymous Symbol]                       0x080008be   Section        0  24cxx.o(.text.AT24CXX_ReadLenByte)
    [Anonymous Symbol]                       0x08000918   Section        0  24cxx.o(.text.AT24CXX_ReadOneByte)
    [Anonymous Symbol]                       0x08000974   Section        0  24cxx.o(.text.AT24CXX_WriteLenByte)
    [Anonymous Symbol]                       0x080009be   Section        0  24cxx.o(.text.AT24CXX_WriteOneByte)
    [Anonymous Symbol]                       0x08000a0c   Section        0  bsp_ds18b20.o(.text.DS18B20_Check)
    __arm_cp.1_0                             0x08000b24   Number         4  bsp_ds18b20.o(.text.DS18B20_Check)
    [Anonymous Symbol]                       0x08000b28   Section        0  bsp_ds18b20.o(.text.DS18B20_GPIO_Init)
    [Anonymous Symbol]                       0x08000b64   Section        0  bsp_ds18b20.o(.text.DS18B20_GetTemperture)
    __arm_cp.5_0                             0x08000bf0   Number         4  bsp_ds18b20.o(.text.DS18B20_GetTemperture)
    __arm_cp.5_1                             0x08000bf4   Number         4  bsp_ds18b20.o(.text.DS18B20_GetTemperture)
    [Anonymous Symbol]                       0x08000bf8   Section        0  bsp_ds18b20.o(.text.DS18B20_Read_Byte)
    [Anonymous Symbol]                       0x08000c9c   Section        0  bsp_ds18b20.o(.text.DS18B20_Start)
    [Anonymous Symbol]                       0x08000cb0   Section        0  bsp_ds18b20.o(.text.DS18B20_Write_Byte)
    [Anonymous Symbol]                       0x08000d4a   Section        0  iic.o(.text.Delay_us)
    [Anonymous Symbol]                       0x08000d5a   Section        0  gd32e23x_it.o(.text.HardFault_Handler)
    [Anonymous Symbol]                       0x08000d60   Section        0  sgp30.o(.text.IIC2_Read_Byte)
    [Anonymous Symbol]                       0x08000df4   Section        0  sgp30.o(.text.IIC2_Send_Ack)
    [Anonymous Symbol]                       0x08000e78   Section        0  sgp30.o(.text.IIC2_Send_Byte)
    [Anonymous Symbol]                       0x08000f00   Section        0  sgp30.o(.text.IIC2_Start)
    [Anonymous Symbol]                       0x08000f60   Section        0  sgp30.o(.text.IIC2_Stop)
    [Anonymous Symbol]                       0x08000fb4   Section        0  sgp30.o(.text.IIC2_WaitAck)
    __arm_cp.4_0                             0x08001080   Number         4  sgp30.o(.text.IIC2_WaitAck)
    [Anonymous Symbol]                       0x08001084   Section        0  iic.o(.text.IIC_ACK)
    [Anonymous Symbol]                       0x080010c4   Section        0  iic.o(.text.IIC_Init)
    [Anonymous Symbol]                       0x08001116   Section        0  iic.o(.text.IIC_NACK)
    [Anonymous Symbol]                       0x08001156   Section        0  iic.o(.text.IIC_Read_Byte)
    [Anonymous Symbol]                       0x080011de   Section        0  iic.o(.text.IIC_Send_Byte)
    [Anonymous Symbol]                       0x08001268   Section        0  iic.o(.text.IIC_Start)
    [Anonymous Symbol]                       0x080012a8   Section        0  iic.o(.text.IIC_Stop)
    [Anonymous Symbol]                       0x080012e8   Section        0  iic.o(.text.IIC_Wait_ACK)
    [Anonymous Symbol]                       0x08001358   Section        0  gd32e23x_it.o(.text.NMI_Handler)
    [Anonymous Symbol]                       0x0800135a   Section        0  gd32e23x_it.o(.text.PendSV_Handler)
    [Anonymous Symbol]                       0x0800135c   Section        0  porg_rs485.o(.text.RS485_init_data)
    __arm_cp.0_0                             0x080013c0   Number         4  porg_rs485.o(.text.RS485_init_data)
    __arm_cp.0_1                             0x080013c4   Number         4  porg_rs485.o(.text.RS485_init_data)
    __arm_cp.0_2                             0x080013c8   Number         4  porg_rs485.o(.text.RS485_init_data)
    __arm_cp.0_3                             0x080013cc   Number         4  porg_rs485.o(.text.RS485_init_data)
    __arm_cp.0_4                             0x080013d0   Number         4  porg_rs485.o(.text.RS485_init_data)
    __arm_cp.0_5                             0x080013d4   Number         4  porg_rs485.o(.text.RS485_init_data)
    __arm_cp.0_6                             0x080013d8   Number         4  porg_rs485.o(.text.RS485_init_data)
    [Anonymous Symbol]                       0x080013dc   Section        0  sgp30.o(.text.SGP30_GPIO_Init)
    __arm_cp.0_0                             0x0800141c   Number         4  sgp30.o(.text.SGP30_GPIO_Init)
    [Anonymous Symbol]                       0x08001420   Section        0  sgp30.o(.text.SGP30_Get_Value)
    __arm_cp.10_0                            0x08001444   Number         4  sgp30.o(.text.SGP30_Get_Value)
    [Anonymous Symbol]                       0x08001448   Section        0  sgp30.o(.text.SGP30_Init)
    [Anonymous Symbol]                       0x08001458   Section        0  sgp30.o(.text.SGP30_Read)
    [Anonymous Symbol]                       0x080014da   Section        0  sgp30.o(.text.SGP30_Write_cmd)
    [Anonymous Symbol]                       0x0800151e   Section        0  gd32e23x_it.o(.text.SVC_Handler)
    [Anonymous Symbol]                       0x08001520   Section        0  gd32e23x_it.o(.text.SysTick_Handler)
    [Anonymous Symbol]                       0x08001524   Section        0  system_gd32e23x.o(.text.SystemInit)
    __arm_cp.0_0                             0x080015ac   Number         4  system_gd32e23x.o(.text.SystemInit)
    __arm_cp.0_1                             0x080015b0   Number         4  system_gd32e23x.o(.text.SystemInit)
    __arm_cp.0_2                             0x080015b4   Number         4  system_gd32e23x.o(.text.SystemInit)
    __arm_cp.0_3                             0x080015b8   Number         4  system_gd32e23x.o(.text.SystemInit)
    __arm_cp.0_4                             0x080015bc   Number         4  system_gd32e23x.o(.text.SystemInit)
    __arm_cp.0_5                             0x080015c0   Number         4  system_gd32e23x.o(.text.SystemInit)
    __arm_cp.0_6                             0x080015c4   Number         4  system_gd32e23x.o(.text.SystemInit)
    __arm_cp.0_7                             0x080015c8   Number         4  system_gd32e23x.o(.text.SystemInit)
    __arm_cp.0_8                             0x080015cc   Number         4  system_gd32e23x.o(.text.SystemInit)
    [Anonymous Symbol]                       0x080015d0   Section        0  main.o(.text.TIMER2_IRQHandler)
    __arm_cp.1_0                             0x08001674   Number         4  main.o(.text.TIMER2_IRQHandler)
    __arm_cp.1_1                             0x08001678   Number         4  main.o(.text.TIMER2_IRQHandler)
    __arm_cp.1_2                             0x0800167c   Number         4  main.o(.text.TIMER2_IRQHandler)
    __arm_cp.1_3                             0x08001680   Number         4  main.o(.text.TIMER2_IRQHandler)
    [Anonymous Symbol]                       0x08001684   Section        0  main.o(.text.USART0_IRQHandler)
    __arm_cp.0_0                             0x080016a4   Number         4  main.o(.text.USART0_IRQHandler)
    __arm_cp.0_1                             0x080016a8   Number         4  main.o(.text.USART0_IRQHandler)
    __NVIC_EnableIRQ                         0x080016ad   Thumb Code    48  gd32e23x_misc.o(.text.__NVIC_EnableIRQ)
    [Anonymous Symbol]                       0x080016ac   Section        0  gd32e23x_misc.o(.text.__NVIC_EnableIRQ)
    __arm_cp.2_0                             0x080016dc   Number         4  gd32e23x_misc.o(.text.__NVIC_EnableIRQ)
    __NVIC_SetPriority                       0x080016e1   Thumb Code   124  gd32e23x_misc.o(.text.__NVIC_SetPriority)
    [Anonymous Symbol]                       0x080016e0   Section        0  gd32e23x_misc.o(.text.__NVIC_SetPriority)
    __arm_cp.1_0                             0x0800175c   Number         4  gd32e23x_misc.o(.text.__NVIC_SetPriority)
    __arm_cp.1_1                             0x08001760   Number         4  gd32e23x_misc.o(.text.__NVIC_SetPriority)
    [Anonymous Symbol]                       0x08001764   Section        0  gd32e23x_adc.o(.text.adc_calibration_enable)
    [Anonymous Symbol]                       0x0800179c   Section        0  gd32e23x_adc.o(.text.adc_channel_length_config)
    __arm_cp.11_0                            0x080017fc   Number         4  gd32e23x_adc.o(.text.adc_channel_length_config)
    __arm_cp.11_1                            0x08001800   Number         4  gd32e23x_adc.o(.text.adc_channel_length_config)
    [Anonymous Symbol]                       0x08001804   Section        0  adc.o(.text.adc_config)
    [Anonymous Symbol]                       0x08001854   Section        0  gd32e23x_adc.o(.text.adc_data_alignment_config)
    [Anonymous Symbol]                       0x08001880   Section        0  gd32e23x_adc.o(.text.adc_enable)
    [Anonymous Symbol]                       0x08001898   Section        0  gd32e23x_adc.o(.text.adc_external_trigger_config)
    [Anonymous Symbol]                       0x08001914   Section        0  gd32e23x_adc.o(.text.adc_external_trigger_source_config)
    __arm_cp.16_0                            0x08001964   Number         4  gd32e23x_adc.o(.text.adc_external_trigger_source_config)
    [Anonymous Symbol]                       0x08001968   Section        0  gd32e23x_adc.o(.text.adc_flag_clear)
    [Anonymous Symbol]                       0x0800197c   Section        0  gd32e23x_adc.o(.text.adc_flag_get)
    __arm_cp.20_0                            0x080019a4   Number         4  gd32e23x_adc.o(.text.adc_flag_get)
    [Anonymous Symbol]                       0x080019a8   Section        0  gd32e23x_adc.o(.text.adc_regular_channel_config)
    __arm_cp.12_0                            0x08001af0   Number         4  gd32e23x_adc.o(.text.adc_regular_channel_config)
    __arm_cp.12_1                            0x08001af4   Number         4  gd32e23x_adc.o(.text.adc_regular_channel_config)
    __arm_cp.12_2                            0x08001af8   Number         4  gd32e23x_adc.o(.text.adc_regular_channel_config)
    __arm_cp.12_3                            0x08001afc   Number         4  gd32e23x_adc.o(.text.adc_regular_channel_config)
    __arm_cp.12_4                            0x08001b00   Number         4  gd32e23x_adc.o(.text.adc_regular_channel_config)
    [Anonymous Symbol]                       0x08001b04   Section        0  gd32e23x_adc.o(.text.adc_regular_data_read)
    __arm_cp.18_0                            0x08001b0c   Number         4  gd32e23x_adc.o(.text.adc_regular_data_read)
    [Anonymous Symbol]                       0x08001b10   Section        0  gd32e23x_adc.o(.text.adc_software_trigger_enable)
    __arm_cp.17_0                            0x08001b4c   Number         4  gd32e23x_adc.o(.text.adc_software_trigger_enable)
    [Anonymous Symbol]                       0x08001b50   Section        0  data.o(.text.calibration_init)
    __arm_cp.0_0                             0x08001cd8   Number         4  data.o(.text.calibration_init)
    __arm_cp.0_1                             0x08001cdc   Number         4  data.o(.text.calibration_init)
    __arm_cp.0_2                             0x08001ce0   Number         4  data.o(.text.calibration_init)
    __arm_cp.0_3                             0x08001ce4   Number         4  data.o(.text.calibration_init)
    __arm_cp.0_4                             0x08001ce8   Number         4  data.o(.text.calibration_init)
    __arm_cp.0_5                             0x08001cec   Number         4  data.o(.text.calibration_init)
    __arm_cp.0_6                             0x08001cf0   Number         4  data.o(.text.calibration_init)
    __arm_cp.0_7                             0x08001cf4   Number         4  data.o(.text.calibration_init)
    __arm_cp.0_8                             0x08001cf8   Number         4  data.o(.text.calibration_init)
    __arm_cp.0_9                             0x08001cfc   Number         4  data.o(.text.calibration_init)
    __arm_cp.0_10                            0x08001d00   Number         4  data.o(.text.calibration_init)
    __arm_cp.0_11                            0x08001d04   Number         4  data.o(.text.calibration_init)
    [Anonymous Symbol]                       0x08001d08   Section        0  systick.o(.text.delay_1ms)
    [Anonymous Symbol]                       0x08001d78   Section        0  systick.o(.text.delay_1us)
    [Anonymous Symbol]                       0x08001de8   Section        0  systick.o(.text.delay_ms)
    __arm_cp.4_0                             0x08001e58   Number         4  systick.o(.text.delay_ms)
    [Anonymous Symbol]                       0x08001e5c   Section        0  systick.o(.text.delay_us)
    __arm_cp.2_0                             0x08001ecc   Number         4  systick.o(.text.delay_us)
    __arm_cp.2_1                             0x08001ed0   Number         4  systick.o(.text.delay_us)
    __arm_cp.2_2                             0x08001ed4   Number         4  systick.o(.text.delay_us)
    __arm_cp.2_3                             0x08001ed8   Number         4  systick.o(.text.delay_us)
    [Anonymous Symbol]                       0x08001edc   Section        0  bsp_usart.o(.text.fputc)
    [Anonymous Symbol]                       0x08001ef4   Section        0  gd32f350r_eval.o(.text.gd_eval_com_init)
    __arm_cp.6_0                             0x08001fc4   Number         4  gd32f350r_eval.o(.text.gd_eval_com_init)
    __arm_cp.6_1                             0x08001fc8   Number         4  gd32f350r_eval.o(.text.gd_eval_com_init)
    __arm_cp.6_2                             0x08001fcc   Number         4  gd32f350r_eval.o(.text.gd_eval_com_init)
    __arm_cp.6_3                             0x08001fd0   Number         4  gd32f350r_eval.o(.text.gd_eval_com_init)
    __arm_cp.6_4                             0x08001fd4   Number         4  gd32f350r_eval.o(.text.gd_eval_com_init)
    [Anonymous Symbol]                       0x08001fd8   Section        0  adc.o(.text.get_adc)
    __arm_cp.1_0                             0x08002014   Number         4  adc.o(.text.get_adc)
    [Anonymous Symbol]                       0x08002018   Section        0  adc.o(.text.get_adc_Average)
    [Anonymous Symbol]                       0x0800206c   Section        0  gd32e23x_gpio.o(.text.gpio_af_set)
    [Anonymous Symbol]                       0x0800212c   Section        0  gd32e23x_gpio.o(.text.gpio_bit_reset)
    [Anonymous Symbol]                       0x0800213c   Section        0  gd32e23x_gpio.o(.text.gpio_bit_set)
    [Anonymous Symbol]                       0x0800214c   Section        0  gd32e23x_gpio.o(.text.gpio_bit_write)
    [Anonymous Symbol]                       0x08002170   Section        0  data.o(.text.gpio_init)
    __arm_cp.1_0                             0x08002208   Number         4  data.o(.text.gpio_init)
    [Anonymous Symbol]                       0x0800220c   Section        0  gd32e23x_gpio.o(.text.gpio_input_bit_get)
    [Anonymous Symbol]                       0x08002236   Section        0  gd32e23x_gpio.o(.text.gpio_mode_set)
    [Anonymous Symbol]                       0x080022c4   Section        0  gd32e23x_gpio.o(.text.gpio_output_options_set)
    [Anonymous Symbol]                       0x0800234e   Section        0  main.o(.text.group_trans)
    [Anonymous Symbol]                       0x0800238c   Section        0  iic.o(.text.iic_read_sda)
    [Anonymous Symbol]                       0x080023b6   Section        0  iic.o(.text.iic_write_scl)
    [Anonymous Symbol]                       0x080023e2   Section        0  iic.o(.text.iic_write_sda)
    [Anonymous Symbol]                       0x08002410   Section        0  porg_rs485.o(.text.int_RX)
    __arm_cp.3_0                             0x0800252c   Number         4  porg_rs485.o(.text.int_RX)
    __arm_cp.3_1                             0x08002530   Number         4  porg_rs485.o(.text.int_RX)
    __arm_cp.3_2                             0x08002534   Number         4  porg_rs485.o(.text.int_RX)
    __arm_cp.3_3                             0x08002538   Number         4  porg_rs485.o(.text.int_RX)
    __arm_cp.3_4                             0x0800253c   Number         4  porg_rs485.o(.text.int_RX)
    __arm_cp.3_5                             0x08002540   Number         4  porg_rs485.o(.text.int_RX)
    __arm_cp.3_6                             0x08002544   Number         4  porg_rs485.o(.text.int_RX)
    __arm_cp.3_7                             0x08002548   Number         4  porg_rs485.o(.text.int_RX)
    __arm_cp.3_8                             0x0800254c   Number         4  porg_rs485.o(.text.int_RX)
    [Anonymous Symbol]                       0x08002550   Section        0  main.o(.text.mabub)
    [Anonymous Symbol]                       0x08002668   Section        0  main.o(.text.main)
    __arm_cp.2_0                             0x08002884   Number         4  main.o(.text.main)
    __arm_cp.2_1                             0x08002888   Number         4  main.o(.text.main)
    __arm_cp.2_2                             0x0800288c   Number         4  main.o(.text.main)
    __arm_cp.2_3                             0x08002890   Number         4  main.o(.text.main)
    __arm_cp.2_4                             0x08002894   Number         4  main.o(.text.main)
    __arm_cp.2_5                             0x08002898   Number         4  main.o(.text.main)
    __arm_cp.2_6                             0x0800289c   Number         4  main.o(.text.main)
    __arm_cp.2_7                             0x080028a0   Number         4  main.o(.text.main)
    __arm_cp.2_8                             0x080028a4   Number         4  main.o(.text.main)
    __arm_cp.2_9                             0x080028a8   Number         4  main.o(.text.main)
    __arm_cp.2_10                            0x080028ac   Number         4  main.o(.text.main)
    __arm_cp.2_11                            0x080028b0   Number         4  main.o(.text.main)
    __arm_cp.2_12                            0x080028b4   Number         4  main.o(.text.main)
    __arm_cp.2_13                            0x080028b8   Number         4  main.o(.text.main)
    __arm_cp.2_14                            0x080028bc   Number         4  main.o(.text.main)
    __arm_cp.2_15                            0x080028c0   Number         4  main.o(.text.main)
    __arm_cp.2_16                            0x080028c4   Number         4  main.o(.text.main)
    __arm_cp.2_17                            0x080028c8   Number         4  main.o(.text.main)
    __arm_cp.2_18                            0x080028cc   Number         4  main.o(.text.main)
    __arm_cp.2_19                            0x080028d0   Number         4  main.o(.text.main)
    [Anonymous Symbol]                       0x080028d4   Section        0  main.o(.text.nvic_config)
    [Anonymous Symbol]                       0x080028e8   Section        0  gd32e23x_misc.o(.text.nvic_irq_enable)
    [Anonymous Symbol]                       0x08002914   Section        0  gd32e23x_misc.o(.text.nvic_vector_table_set)
    __arm_cp.7_0                             0x0800292c   Number         4  gd32e23x_misc.o(.text.nvic_vector_table_set)
    __arm_cp.7_1                             0x08002930   Number         4  gd32e23x_misc.o(.text.nvic_vector_table_set)
    [Anonymous Symbol]                       0x08002934   Section        0  gd32e23x_rcu.o(.text.rcu_adc_clock_config)
    __arm_cp.14_2                            0x08002ab4   Number         4  gd32e23x_rcu.o(.text.rcu_adc_clock_config)
    [Anonymous Symbol]                       0x08002ab8   Section        0  gd32e23x_rcu.o(.text.rcu_clock_freq_get)
    __arm_cp.38_0                            0x08002d10   Number         4  gd32e23x_rcu.o(.text.rcu_clock_freq_get)
    __arm_cp.38_1                            0x08002d14   Number         4  gd32e23x_rcu.o(.text.rcu_clock_freq_get)
    __arm_cp.38_2                            0x08002d18   Number         4  gd32e23x_rcu.o(.text.rcu_clock_freq_get)
    __arm_cp.38_3                            0x08002d1c   Number         4  gd32e23x_rcu.o(.text.rcu_clock_freq_get)
    __arm_cp.38_4                            0x08002d20   Number         4  gd32e23x_rcu.o(.text.rcu_clock_freq_get)
    __arm_cp.38_5                            0x08002d24   Number         4  gd32e23x_rcu.o(.text.rcu_clock_freq_get)
    __arm_cp.38_6                            0x08002d28   Number         4  gd32e23x_rcu.o(.text.rcu_clock_freq_get)
    __arm_cp.38_7                            0x08002d2c   Number         4  gd32e23x_rcu.o(.text.rcu_clock_freq_get)
    __arm_cp.38_8                            0x08002d30   Number         4  gd32e23x_rcu.o(.text.rcu_clock_freq_get)
    [Anonymous Symbol]                       0x08002d34   Section        0  main.o(.text.rcu_config)
    __arm_cp.3_0                             0x08002d58   Number         4  main.o(.text.rcu_config)
    __arm_cp.3_1                             0x08002d5c   Number         4  main.o(.text.rcu_config)
    __arm_cp.3_2                             0x08002d60   Number         4  main.o(.text.rcu_config)
    __arm_cp.3_3                             0x08002d64   Number         4  main.o(.text.rcu_config)
    [Anonymous Symbol]                       0x08002d68   Section        0  gd32e23x_rcu.o(.text.rcu_periph_clock_enable)
    [Anonymous Symbol]                       0x08002d8c   Section        0  gd32e23x_rcu.o(.text.rcu_periph_reset_disable)
    [Anonymous Symbol]                       0x08002db0   Section        0  gd32e23x_rcu.o(.text.rcu_periph_reset_enable)
    system_clock_72m_hxtal                   0x08002dd5   Thumb Code   208  system_gd32e23x.o(.text.system_clock_72m_hxtal)
    [Anonymous Symbol]                       0x08002dd4   Section        0  system_gd32e23x.o(.text.system_clock_72m_hxtal)
    __arm_cp.3_0                             0x08002ea4   Number         4  system_gd32e23x.o(.text.system_clock_72m_hxtal)
    __arm_cp.3_1                             0x08002ea8   Number         4  system_gd32e23x.o(.text.system_clock_72m_hxtal)
    __arm_cp.3_2                             0x08002eac   Number         4  system_gd32e23x.o(.text.system_clock_72m_hxtal)
    __arm_cp.3_3                             0x08002eb0   Number         4  system_gd32e23x.o(.text.system_clock_72m_hxtal)
    system_clock_config                      0x08002eb5   Thumb Code     8  system_gd32e23x.o(.text.system_clock_config)
    [Anonymous Symbol]                       0x08002eb4   Section        0  system_gd32e23x.o(.text.system_clock_config)
    [Anonymous Symbol]                       0x08002ebc   Section        0  gd32e23x_misc.o(.text.systick_clksource_set)
    __arm_cp.10_0                            0x08002ee4   Number         4  gd32e23x_misc.o(.text.systick_clksource_set)
    [Anonymous Symbol]                       0x08002ee8   Section        0  systick.o(.text.systick_config)
    __arm_cp.0_0                             0x08002f14   Number         4  systick.o(.text.systick_config)
    __arm_cp.0_1                             0x08002f18   Number         4  systick.o(.text.systick_config)
    __arm_cp.0_2                             0x08002f1c   Number         4  systick.o(.text.systick_config)
    __arm_cp.0_3                             0x08002f20   Number         4  systick.o(.text.systick_config)
    __arm_cp.0_4                             0x08002f24   Number         4  systick.o(.text.systick_config)
    [Anonymous Symbol]                       0x08002f28   Section        0  main.o(.text.timer_config)
    __arm_cp.5_1                             0x08002f68   Number         4  main.o(.text.timer_config)
    [Anonymous Symbol]                       0x08002f6c   Section        0  gd32e23x_timer.o(.text.timer_deinit)
    __arm_cp.0_1                             0x08003034   Number         4  gd32e23x_timer.o(.text.timer_deinit)
    __arm_cp.0_7                             0x08003038   Number         4  gd32e23x_timer.o(.text.timer_deinit)
    __arm_cp.0_8                             0x0800303c   Number         4  gd32e23x_timer.o(.text.timer_deinit)
    __arm_cp.0_9                             0x08003040   Number         4  gd32e23x_timer.o(.text.timer_deinit)
    __arm_cp.0_10                            0x08003044   Number         4  gd32e23x_timer.o(.text.timer_deinit)
    __arm_cp.0_11                            0x08003048   Number         4  gd32e23x_timer.o(.text.timer_deinit)
    [Anonymous Symbol]                       0x0800304c   Section        0  gd32e23x_timer.o(.text.timer_enable)
    [Anonymous Symbol]                       0x08003060   Section        0  gd32e23x_timer.o(.text.timer_init)
    __arm_cp.2_0                             0x08003144   Number         4  gd32e23x_timer.o(.text.timer_init)
    __arm_cp.2_1                             0x08003148   Number         4  gd32e23x_timer.o(.text.timer_init)
    __arm_cp.2_2                             0x0800314c   Number         4  gd32e23x_timer.o(.text.timer_init)
    __arm_cp.2_3                             0x08003150   Number         4  gd32e23x_timer.o(.text.timer_init)
    __arm_cp.2_4                             0x08003154   Number         4  gd32e23x_timer.o(.text.timer_init)
    __arm_cp.2_5                             0x08003158   Number         4  gd32e23x_timer.o(.text.timer_init)
    [Anonymous Symbol]                       0x0800315c   Section        0  gd32e23x_timer.o(.text.timer_interrupt_enable)
    [Anonymous Symbol]                       0x08003170   Section        0  gd32e23x_timer.o(.text.timer_interrupt_flag_clear)
    [Anonymous Symbol]                       0x08003184   Section        0  gd32e23x_timer.o(.text.timer_interrupt_flag_get)
    [Anonymous Symbol]                       0x080031c0   Section        0  gd32e23x_timer.o(.text.timer_struct_para_init)
    __arm_cp.1_0                             0x080031e4   Number         4  gd32e23x_timer.o(.text.timer_struct_para_init)
    [Anonymous Symbol]                       0x080031e8   Section        0  gd32e23x_usart.o(.text.usart_baudrate_set)
    __arm_cp.1_2                             0x08003294   Number         4  gd32e23x_usart.o(.text.usart_baudrate_set)
    [Anonymous Symbol]                       0x08003298   Section        0  gd32e23x_usart.o(.text.usart_data_receive)
    [Anonymous Symbol]                       0x080032a8   Section        0  gd32e23x_usart.o(.text.usart_data_transmit)
    __arm_cp.18_0                            0x080032bc   Number         4  gd32e23x_usart.o(.text.usart_data_transmit)
    [Anonymous Symbol]                       0x080032c0   Section        0  gd32e23x_usart.o(.text.usart_deinit)
    __arm_cp.0_0                             0x08003304   Number         4  gd32e23x_usart.o(.text.usart_deinit)
    __arm_cp.0_2                             0x08003308   Number         4  gd32e23x_usart.o(.text.usart_deinit)
    __arm_cp.0_3                             0x0800330c   Number         4  gd32e23x_usart.o(.text.usart_deinit)
    [Anonymous Symbol]                       0x08003310   Section        0  gd32e23x_usart.o(.text.usart_enable)
    [Anonymous Symbol]                       0x08003322   Section        0  gd32e23x_usart.o(.text.usart_flag_get)
    [Anonymous Symbol]                       0x0800335e   Section        0  gd32e23x_usart.o(.text.usart_interrupt_enable)
    [Anonymous Symbol]                       0x08003380   Section        0  gd32e23x_usart.o(.text.usart_interrupt_flag_clear)
    __arm_cp.73_0                            0x080033bc   Number         4  gd32e23x_usart.o(.text.usart_interrupt_flag_clear)
    [Anonymous Symbol]                       0x080033c0   Section        0  gd32e23x_usart.o(.text.usart_interrupt_flag_get)
    [Anonymous Symbol]                       0x08003422   Section        0  gd32e23x_usart.o(.text.usart_receive_config)
    [Anonymous Symbol]                       0x08003440   Section        0  bsp_usart.o(.text.usart_send_data)
    __arm_cp.1_0                             0x08003468   Number         4  bsp_usart.o(.text.usart_send_data)
    __arm_cp.1_1                             0x0800346c   Number         4  bsp_usart.o(.text.usart_send_data)
    [Anonymous Symbol]                       0x08003470   Section        0  gd32e23x_usart.o(.text.usart_transmit_config)
    i.__0printf                              0x08003490   Section        0  printfa.o(i.__0printf)
    i.__ARM_clz                              0x080034b0   Section        0  depilogue.o(i.__ARM_clz)
    i.__scatterload_copy                     0x080034de   Section       14  handlers.o(i.__scatterload_copy)
    i.__scatterload_null                     0x080034ec   Section        2  handlers.o(i.__scatterload_null)
    i.__scatterload_zeroinit                 0x080034ee   Section       14  handlers.o(i.__scatterload_zeroinit)
    _fp_digits                               0x080034fd   Thumb Code   344  printfa.o(i._fp_digits)
    i._fp_digits                             0x080034fc   Section        0  printfa.o(i._fp_digits)
    _printf_core                             0x08003671   Thumb Code  1754  printfa.o(i._printf_core)
    i._printf_core                           0x08003670   Section        0  printfa.o(i._printf_core)
    _printf_post_padding                     0x08003d5d   Thumb Code    32  printfa.o(i._printf_post_padding)
    i._printf_post_padding                   0x08003d5c   Section        0  printfa.o(i._printf_post_padding)
    _printf_pre_padding                      0x08003d7d   Thumb Code    44  printfa.o(i._printf_pre_padding)
    i._printf_pre_padding                    0x08003d7c   Section        0  printfa.o(i._printf_pre_padding)
    [Anonymous Symbol]                       0x08003da8   Section        0  main.o(.rodata.str1.1)
    .data                                    0x20000000   Section        4  stdout.o(.data)
    COM_CLK                                  0x20000004   Data           2  gd32f350r_eval.o(.data.COM_CLK)
    [Anonymous Symbol]                       0x20000004   Section        0  gd32f350r_eval.o(.data.COM_CLK)
    COM_RX_PIN                               0x20000008   Data           4  gd32f350r_eval.o(.data.COM_RX_PIN)
    [Anonymous Symbol]                       0x20000008   Section        0  gd32f350r_eval.o(.data.COM_RX_PIN)
    COM_TX_PIN                               0x2000000c   Data           4  gd32f350r_eval.o(.data.COM_TX_PIN)
    [Anonymous Symbol]                       0x2000000c   Section        0  gd32f350r_eval.o(.data.COM_TX_PIN)
    count_1ms                                0x200000ec   Data           4  systick.o(.bss.count_1ms)
    [Anonymous Symbol]                       0x200000ec   Section        0  systick.o(.bss.count_1ms)
    count_1us                                0x200000f0   Data           4  systick.o(.bss.count_1us)
    [Anonymous Symbol]                       0x200000f0   Section        0  systick.o(.bss.count_1us)
    STACK                                    0x20000110   Section     1024  startup_gd32e23x.o(STACK)

    Global Symbols

    Symbol Name                              Value     Ov Type        Size  Object(Section)

    BuildAttributes$$THM_ISAv3M$S$8M$PE$A:L22$X:L11$S22$IEEE1$IW$~IW$USESV6$~STKCKD$USESV7$~SHL$OTIME$ROPI$EBA8$MICROLIB$REQ8$PRES8$EABIv2 0x00000000   Number         0  anon$$obj.o ABSOLUTE
    __cpp_initialize__aeabi_                  - Undefined Weak Reference
    __cxa_finalize                            - Undefined Weak Reference
    __decompress                              - Undefined Weak Reference
    _clock_init                               - Undefined Weak Reference
    _microlib_exit                            - Undefined Weak Reference
    __Vectors_Size                           0x000000cc   Number         0  startup_gd32e23x.o ABSOLUTE
    __Vectors                                0x08000000   Data           4  startup_gd32e23x.o(RESET)
    __Vectors_End                            0x080000cc   Data           0  startup_gd32e23x.o(RESET)
    __main                                   0x080000cd   Thumb Code     0  entry.o(.ARM.Collect$$$$00000000)
    _main_stk                                0x080000cd   Thumb Code     0  entry2.o(.ARM.Collect$$$$00000001)
    _main_scatterload                        0x080000d1   Thumb Code     0  entry5.o(.ARM.Collect$$$$00000004)
    __main_after_scatterload                 0x080000d5   Thumb Code     0  entry5.o(.ARM.Collect$$$$00000004)
    _main_clock                              0x080000d5   Thumb Code     0  entry7b.o(.ARM.Collect$$$$00000008)
    _main_cpp_init                           0x080000d5   Thumb Code     0  entry8b.o(.ARM.Collect$$$$0000000A)
    _main_init                               0x080000d5   Thumb Code     0  entry9a.o(.ARM.Collect$$$$0000000B)
    __rt_final_cpp                           0x080000dd   Thumb Code     0  entry10a.o(.ARM.Collect$$$$0000000D)
    __rt_final_exit                          0x080000dd   Thumb Code     0  entry11a.o(.ARM.Collect$$$$0000000F)
    Reset_Handler                            0x080000e1   Thumb Code     8  startup_gd32e23x.o(.text)
    ADC_CMP_IRQHandler                       0x080000f3   Thumb Code     0  startup_gd32e23x.o(.text)
    DMA_Channel0_IRQHandler                  0x080000f3   Thumb Code     0  startup_gd32e23x.o(.text)
    DMA_Channel1_2_IRQHandler                0x080000f3   Thumb Code     0  startup_gd32e23x.o(.text)
    DMA_Channel3_4_IRQHandler                0x080000f3   Thumb Code     0  startup_gd32e23x.o(.text)
    EXTI0_1_IRQHandler                       0x080000f3   Thumb Code     0  startup_gd32e23x.o(.text)
    EXTI2_3_IRQHandler                       0x080000f3   Thumb Code     0  startup_gd32e23x.o(.text)
    EXTI4_15_IRQHandler                      0x080000f3   Thumb Code     0  startup_gd32e23x.o(.text)
    FMC_IRQHandler                           0x080000f3   Thumb Code     0  startup_gd32e23x.o(.text)
    I2C0_ER_IRQHandler                       0x080000f3   Thumb Code     0  startup_gd32e23x.o(.text)
    I2C0_EV_IRQHandler                       0x080000f3   Thumb Code     0  startup_gd32e23x.o(.text)
    I2C1_ER_IRQHandler                       0x080000f3   Thumb Code     0  startup_gd32e23x.o(.text)
    I2C1_EV_IRQHandler                       0x080000f3   Thumb Code     0  startup_gd32e23x.o(.text)
    LVD_IRQHandler                           0x080000f3   Thumb Code     0  startup_gd32e23x.o(.text)
    RCU_IRQHandler                           0x080000f3   Thumb Code     0  startup_gd32e23x.o(.text)
    RTC_IRQHandler                           0x080000f3   Thumb Code     0  startup_gd32e23x.o(.text)
    SPI0_IRQHandler                          0x080000f3   Thumb Code     0  startup_gd32e23x.o(.text)
    SPI1_IRQHandler                          0x080000f3   Thumb Code     0  startup_gd32e23x.o(.text)
    TIMER0_BRK_UP_TRG_COM_IRQHandler         0x080000f3   Thumb Code     0  startup_gd32e23x.o(.text)
    TIMER0_Channel_IRQHandler                0x080000f3   Thumb Code     0  startup_gd32e23x.o(.text)
    TIMER13_IRQHandler                       0x080000f3   Thumb Code     0  startup_gd32e23x.o(.text)
    TIMER14_IRQHandler                       0x080000f3   Thumb Code     0  startup_gd32e23x.o(.text)
    TIMER15_IRQHandler                       0x080000f3   Thumb Code     0  startup_gd32e23x.o(.text)
    TIMER16_IRQHandler                       0x080000f3   Thumb Code     0  startup_gd32e23x.o(.text)
    TIMER5_IRQHandler                        0x080000f3   Thumb Code     0  startup_gd32e23x.o(.text)
    USART1_IRQHandler                        0x080000f3   Thumb Code     0  startup_gd32e23x.o(.text)
    WWDGT_IRQHandler                         0x080000f3   Thumb Code     0  startup_gd32e23x.o(.text)
    __aeabi_fmul                             0x080000fd   Thumb Code   122  fmul.o(.text)
    __aeabi_fdiv                             0x08000177   Thumb Code   124  fdiv.o(.text)
    __aeabi_dmul                             0x080001f5   Thumb Code   202  dmul.o(.text)
    __aeabi_ui2f                             0x080002c5   Thumb Code    14  ffltui.o(.text)
    __aeabi_i2d                              0x080002d5   Thumb Code    34  dflti.o(.text)
    __aeabi_f2uiz                            0x080002fd   Thumb Code    40  ffixui.o(.text)
    __aeabi_f2d                              0x08000325   Thumb Code    40  f2d.o(.text)
    __aeabi_d2f                              0x0800034d   Thumb Code    56  d2f.o(.text)
    __aeabi_uldivmod                         0x08000385   Thumb Code    96  uldiv.o(.text)
    __I$use$fp                               0x080003e5   Thumb Code     0  iusefp.o(.text)
    _float_round                             0x080003e5   Thumb Code    16  fepilogue.o(.text)
    _float_epilogue                          0x080003f5   Thumb Code   114  fepilogue.o(.text)
    _double_round                            0x08000467   Thumb Code    26  depilogue.o(.text)
    _double_epilogue                         0x08000481   Thumb Code   164  depilogue.o(.text)
    __aeabi_dadd                             0x08000525   Thumb Code   328  dadd.o(.text)
    __aeabi_dsub                             0x0800066d   Thumb Code    12  dadd.o(.text)
    __aeabi_drsub                            0x08000679   Thumb Code    12  dadd.o(.text)
    __aeabi_ddiv                             0x08000689   Thumb Code   234  ddiv.o(.text)
    __aeabi_d2ulz                            0x08000779   Thumb Code    54  dfixul.o(.text)
    __aeabi_cdrcmple                         0x080007b9   Thumb Code    38  cdrcmple.o(.text)
    __scatterload                            0x080007e1   Thumb Code    38  init.o(.text)
    __scatterload_rt2                        0x080007e1   Thumb Code     0  init.o(.text)
    __aeabi_uidiv$div0                       0x08000811   Thumb Code     0  uidiv_div0.o(.text)
    __aeabi_uidivmod                         0x08000811   Thumb Code    62  uidiv_div0.o(.text)
    __aeabi_llsl                             0x0800084f   Thumb Code    32  llshl.o(.text)
    _ll_shift_l                              0x0800084f   Thumb Code     0  llshl.o(.text)
    __aeabi_llsr                             0x0800086f   Thumb Code    34  llushr.o(.text)
    _ll_ushift_r                             0x0800086f   Thumb Code     0  llushr.o(.text)
    __aeabi_lasr                             0x08000891   Thumb Code    38  llsshr.o(.text)
    _ll_sshift_r                             0x08000891   Thumb Code     0  llsshr.o(.text)
    AT24CXX_Init                             0x080008b7   Thumb Code     8  24cxx.o(.text.AT24CXX_Init)
    AT24CXX_ReadLenByte                      0x080008bf   Thumb Code    90  24cxx.o(.text.AT24CXX_ReadLenByte)
    AT24CXX_ReadOneByte                      0x08000919   Thumb Code    92  24cxx.o(.text.AT24CXX_ReadOneByte)
    AT24CXX_WriteLenByte                     0x08000975   Thumb Code    74  24cxx.o(.text.AT24CXX_WriteLenByte)
    AT24CXX_WriteOneByte                     0x080009bf   Thumb Code    78  24cxx.o(.text.AT24CXX_WriteOneByte)
    DS18B20_Check                            0x08000a0d   Thumb Code   280  bsp_ds18b20.o(.text.DS18B20_Check)
    DS18B20_GPIO_Init                        0x08000b29   Thumb Code    58  bsp_ds18b20.o(.text.DS18B20_GPIO_Init)
    DS18B20_GetTemperture                    0x08000b65   Thumb Code   140  bsp_ds18b20.o(.text.DS18B20_GetTemperture)
    DS18B20_Read_Byte                        0x08000bf9   Thumb Code   164  bsp_ds18b20.o(.text.DS18B20_Read_Byte)
    DS18B20_Start                            0x08000c9d   Thumb Code    20  bsp_ds18b20.o(.text.DS18B20_Start)
    DS18B20_Write_Byte                       0x08000cb1   Thumb Code   154  bsp_ds18b20.o(.text.DS18B20_Write_Byte)
    Delay_us                                 0x08000d4b   Thumb Code    16  iic.o(.text.Delay_us)
    HardFault_Handler                        0x08000d5b   Thumb Code     4  gd32e23x_it.o(.text.HardFault_Handler)
    IIC2_Read_Byte                           0x08000d61   Thumb Code   148  sgp30.o(.text.IIC2_Read_Byte)
    IIC2_Send_Ack                            0x08000df5   Thumb Code   132  sgp30.o(.text.IIC2_Send_Ack)
    IIC2_Send_Byte                           0x08000e79   Thumb Code   136  sgp30.o(.text.IIC2_Send_Byte)
    IIC2_Start                               0x08000f01   Thumb Code    96  sgp30.o(.text.IIC2_Start)
    IIC2_Stop                                0x08000f61   Thumb Code    84  sgp30.o(.text.IIC2_Stop)
    IIC2_WaitAck                             0x08000fb5   Thumb Code   204  sgp30.o(.text.IIC2_WaitAck)
    IIC_ACK                                  0x08001085   Thumb Code    64  iic.o(.text.IIC_ACK)
    IIC_Init                                 0x080010c5   Thumb Code    82  iic.o(.text.IIC_Init)
    IIC_NACK                                 0x08001117   Thumb Code    64  iic.o(.text.IIC_NACK)
    IIC_Read_Byte                            0x08001157   Thumb Code   136  iic.o(.text.IIC_Read_Byte)
    IIC_Send_Byte                            0x080011df   Thumb Code   138  iic.o(.text.IIC_Send_Byte)
    IIC_Start                                0x08001269   Thumb Code    64  iic.o(.text.IIC_Start)
    IIC_Stop                                 0x080012a9   Thumb Code    64  iic.o(.text.IIC_Stop)
    IIC_Wait_ACK                             0x080012e9   Thumb Code   112  iic.o(.text.IIC_Wait_ACK)
    NMI_Handler                              0x08001359   Thumb Code     2  gd32e23x_it.o(.text.NMI_Handler)
    PendSV_Handler                           0x0800135b   Thumb Code     2  gd32e23x_it.o(.text.PendSV_Handler)
    RS485_init_data                          0x0800135d   Thumb Code   100  porg_rs485.o(.text.RS485_init_data)
    SGP30_GPIO_Init                          0x080013dd   Thumb Code    64  sgp30.o(.text.SGP30_GPIO_Init)
    SGP30_Get_Value                          0x08001421   Thumb Code    36  sgp30.o(.text.SGP30_Get_Value)
    SGP30_Init                               0x08001449   Thumb Code    16  sgp30.o(.text.SGP30_Init)
    SGP30_Read                               0x08001459   Thumb Code   130  sgp30.o(.text.SGP30_Read)
    SGP30_Write_cmd                          0x080014db   Thumb Code    68  sgp30.o(.text.SGP30_Write_cmd)
    SVC_Handler                              0x0800151f   Thumb Code     2  gd32e23x_it.o(.text.SVC_Handler)
    SysTick_Handler                          0x08001521   Thumb Code     2  gd32e23x_it.o(.text.SysTick_Handler)
    SystemInit                               0x08001525   Thumb Code   136  system_gd32e23x.o(.text.SystemInit)
    TIMER2_IRQHandler                        0x080015d1   Thumb Code   164  main.o(.text.TIMER2_IRQHandler)
    USART0_IRQHandler                        0x08001685   Thumb Code    32  main.o(.text.USART0_IRQHandler)
    adc_calibration_enable                   0x08001765   Thumb Code    56  gd32e23x_adc.o(.text.adc_calibration_enable)
    adc_channel_length_config                0x0800179d   Thumb Code    96  gd32e23x_adc.o(.text.adc_channel_length_config)
    adc_config                               0x08001805   Thumb Code    78  adc.o(.text.adc_config)
    adc_data_alignment_config                0x08001855   Thumb Code    44  gd32e23x_adc.o(.text.adc_data_alignment_config)
    adc_enable                               0x08001881   Thumb Code    24  gd32e23x_adc.o(.text.adc_enable)
    adc_external_trigger_config              0x08001899   Thumb Code   124  gd32e23x_adc.o(.text.adc_external_trigger_config)
    adc_external_trigger_source_config       0x08001915   Thumb Code    80  gd32e23x_adc.o(.text.adc_external_trigger_source_config)
    adc_flag_clear                           0x08001969   Thumb Code    20  gd32e23x_adc.o(.text.adc_flag_clear)
    adc_flag_get                             0x0800197d   Thumb Code    40  gd32e23x_adc.o(.text.adc_flag_get)
    adc_regular_channel_config               0x080019a9   Thumb Code   328  gd32e23x_adc.o(.text.adc_regular_channel_config)
    adc_regular_data_read                    0x08001b05   Thumb Code     8  gd32e23x_adc.o(.text.adc_regular_data_read)
    adc_software_trigger_enable              0x08001b11   Thumb Code    60  gd32e23x_adc.o(.text.adc_software_trigger_enable)
    calibration_init                         0x08001b51   Thumb Code   392  data.o(.text.calibration_init)
    delay_1ms                                0x08001d09   Thumb Code   112  systick.o(.text.delay_1ms)
    delay_1us                                0x08001d79   Thumb Code   112  systick.o(.text.delay_1us)
    delay_ms                                 0x08001de9   Thumb Code   112  systick.o(.text.delay_ms)
    delay_us                                 0x08001e5d   Thumb Code   112  systick.o(.text.delay_us)
    fputc                                    0x08001edd   Thumb Code    22  bsp_usart.o(.text.fputc)
    gd_eval_com_init                         0x08001ef5   Thumb Code   208  gd32f350r_eval.o(.text.gd_eval_com_init)
    get_adc                                  0x08001fd9   Thumb Code    60  adc.o(.text.get_adc)
    get_adc_Average                          0x08002019   Thumb Code    84  adc.o(.text.get_adc_Average)
    gpio_af_set                              0x0800206d   Thumb Code   192  gd32e23x_gpio.o(.text.gpio_af_set)
    gpio_bit_reset                           0x0800212d   Thumb Code    16  gd32e23x_gpio.o(.text.gpio_bit_reset)
    gpio_bit_set                             0x0800213d   Thumb Code    16  gd32e23x_gpio.o(.text.gpio_bit_set)
    gpio_bit_write                           0x0800214d   Thumb Code    36  gd32e23x_gpio.o(.text.gpio_bit_write)
    gpio_init                                0x08002171   Thumb Code   152  data.o(.text.gpio_init)
    gpio_input_bit_get                       0x0800220d   Thumb Code    42  gd32e23x_gpio.o(.text.gpio_input_bit_get)
    gpio_mode_set                            0x08002237   Thumb Code   142  gd32e23x_gpio.o(.text.gpio_mode_set)
    gpio_output_options_set                  0x080022c5   Thumb Code   138  gd32e23x_gpio.o(.text.gpio_output_options_set)
    group_trans                              0x0800234f   Thumb Code    62  main.o(.text.group_trans)
    iic_read_sda                             0x0800238d   Thumb Code    42  iic.o(.text.iic_read_sda)
    iic_write_scl                            0x080023b7   Thumb Code    44  iic.o(.text.iic_write_scl)
    iic_write_sda                            0x080023e3   Thumb Code    44  iic.o(.text.iic_write_sda)
    int_RX                                   0x08002411   Thumb Code   284  porg_rs485.o(.text.int_RX)
    mabub                                    0x08002551   Thumb Code   278  main.o(.text.mabub)
    main                                     0x08002669   Thumb Code   540  main.o(.text.main)
    nvic_config                              0x080028d5   Thumb Code    20  main.o(.text.nvic_config)
    nvic_irq_enable                          0x080028e9   Thumb Code    44  gd32e23x_misc.o(.text.nvic_irq_enable)
    nvic_vector_table_set                    0x08002915   Thumb Code    24  gd32e23x_misc.o(.text.nvic_vector_table_set)
    rcu_adc_clock_config                     0x08002935   Thumb Code   384  gd32e23x_rcu.o(.text.rcu_adc_clock_config)
    rcu_clock_freq_get                       0x08002ab9   Thumb Code   600  gd32e23x_rcu.o(.text.rcu_clock_freq_get)
    rcu_config                               0x08002d35   Thumb Code    36  main.o(.text.rcu_config)
    rcu_periph_clock_enable                  0x08002d69   Thumb Code    36  gd32e23x_rcu.o(.text.rcu_periph_clock_enable)
    rcu_periph_reset_disable                 0x08002d8d   Thumb Code    36  gd32e23x_rcu.o(.text.rcu_periph_reset_disable)
    rcu_periph_reset_enable                  0x08002db1   Thumb Code    36  gd32e23x_rcu.o(.text.rcu_periph_reset_enable)
    systick_clksource_set                    0x08002ebd   Thumb Code    40  gd32e23x_misc.o(.text.systick_clksource_set)
    systick_config                           0x08002ee9   Thumb Code    44  systick.o(.text.systick_config)
    timer_config                             0x08002f29   Thumb Code    64  main.o(.text.timer_config)
    timer_deinit                             0x08002f6d   Thumb Code   200  gd32e23x_timer.o(.text.timer_deinit)
    timer_enable                             0x0800304d   Thumb Code    18  gd32e23x_timer.o(.text.timer_enable)
    timer_init                               0x08003061   Thumb Code   228  gd32e23x_timer.o(.text.timer_init)
    timer_interrupt_enable                   0x0800315d   Thumb Code    20  gd32e23x_timer.o(.text.timer_interrupt_enable)
    timer_interrupt_flag_clear               0x08003171   Thumb Code    20  gd32e23x_timer.o(.text.timer_interrupt_flag_clear)
    timer_interrupt_flag_get                 0x08003185   Thumb Code    58  gd32e23x_timer.o(.text.timer_interrupt_flag_get)
    timer_struct_para_init                   0x080031c1   Thumb Code    36  gd32e23x_timer.o(.text.timer_struct_para_init)
    usart_baudrate_set                       0x080031e9   Thumb Code   172  gd32e23x_usart.o(.text.usart_baudrate_set)
    usart_data_receive                       0x08003299   Thumb Code    16  gd32e23x_usart.o(.text.usart_data_receive)
    usart_data_transmit                      0x080032a9   Thumb Code    20  gd32e23x_usart.o(.text.usart_data_transmit)
    usart_deinit                             0x080032c1   Thumb Code    68  gd32e23x_usart.o(.text.usart_deinit)
    usart_enable                             0x08003311   Thumb Code    18  gd32e23x_usart.o(.text.usart_enable)
    usart_flag_get                           0x08003323   Thumb Code    60  gd32e23x_usart.o(.text.usart_flag_get)
    usart_interrupt_enable                   0x0800335f   Thumb Code    34  gd32e23x_usart.o(.text.usart_interrupt_enable)
    usart_interrupt_flag_clear               0x08003381   Thumb Code    60  gd32e23x_usart.o(.text.usart_interrupt_flag_clear)
    usart_interrupt_flag_get                 0x080033c1   Thumb Code    98  gd32e23x_usart.o(.text.usart_interrupt_flag_get)
    usart_receive_config                     0x08003423   Thumb Code    30  gd32e23x_usart.o(.text.usart_receive_config)
    usart_send_data                          0x08003441   Thumb Code    40  bsp_usart.o(.text.usart_send_data)
    usart_transmit_config                    0x08003471   Thumb Code    30  gd32e23x_usart.o(.text.usart_transmit_config)
    __0printf                                0x08003491   Thumb Code    24  printfa.o(i.__0printf)
    __1printf                                0x08003491   Thumb Code     0  printfa.o(i.__0printf)
    __2printf                                0x08003491   Thumb Code     0  printfa.o(i.__0printf)
    __c89printf                              0x08003491   Thumb Code     0  printfa.o(i.__0printf)
    printf                                   0x08003491   Thumb Code     0  printfa.o(i.__0printf)
    __ARM_clz                                0x080034b1   Thumb Code    46  depilogue.o(i.__ARM_clz)
    __scatterload_copy                       0x080034df   Thumb Code    14  handlers.o(i.__scatterload_copy)
    __scatterload_null                       0x080034ed   Thumb Code     2  handlers.o(i.__scatterload_null)
    __scatterload_zeroinit                   0x080034ef   Thumb Code    14  handlers.o(i.__scatterload_zeroinit)
    Region$$Table$$Base                      0x08003dfc   Number         0  anon$$obj.o(Region$$Table)
    Region$$Table$$Limit                     0x08003e1c   Number         0  anon$$obj.o(Region$$Table)
    __stdout                                 0x20000000   Data           4  stdout.o(.data)
    SystemCoreClock                          0x20000010   Data           4  system_gd32e23x.o(.data.SystemCoreClock)
    AIR_OBS_F                                0x20000018   Data           1  data.o(.bss.AIR_OBS_F)
    N2_OBS_F                                 0x20000019   Data           1  data.o(.bss.N2_OBS_F)
    OBS_AIR                                  0x2000001a   Data           2  data.o(.bss.OBS_AIR)
    OBS_BIAS                                 0x2000001c   Data           2  data.o(.bss.OBS_BIAS)
    OBS_FLAG                                 0x2000001e   Data           1  data.o(.bss.OBS_FLAG)
    OBS_N2                                   0x20000020   Data           2  data.o(.bss.OBS_N2)
    OBS_OVER_F                               0x20000022   Data           1  data.o(.bss.OBS_OVER_F)
    OBS_Y                                    0x20000024   Data           2  data.o(.bss.OBS_Y)
    Paixu_group                              0x20000026   Data          80  main.o(.bss.Paixu_group)
    RS485_C                                  0x20000076   Data           1  porg_rs485.o(.bss.RS485_C)
    R_DATA                                   0x20000077   Data          18  porg_rs485.o(.bss.R_DATA)
    R_counter                                0x20000089   Data           1  porg_rs485.o(.bss.R_counter)
    SEC_LDOP_TEST                            0x2000008a   Data           1  main.o(.bss.SEC_LDOP_TEST)
    SEC_SMOKE_TEST                           0x2000008b   Data           1  main.o(.bss.SEC_SMOKE_TEST)
    SmokeIns_group                           0x2000008c   Data          80  main.o(.bss.SmokeIns_group)
    Smoke_AIR                                0x200000dc   Data           2  data.o(.bss.Smoke_AIR)
    Smoke_N2                                 0x200000de   Data           2  data.o(.bss.Smoke_N2)
    TIM_Cnt                                  0x200000e0   Data           2  main.o(.bss.TIM_Cnt)
    TR_JISHU                                 0x200000e2   Data           1  porg_rs485.o(.bss.TR_JISHU)
    T_counter                                0x200000e3   Data           1  porg_rs485.o(.bss.T_counter)
    adcData                                  0x200000e4   Data           6  data.o(.bss.adcData)
    count                                    0x200000ea   Data           1  main.o(.bss.count)
    esadd                                    0x200000f4   Data           1  porg_rs485.o(.bss.esadd)
    esdata                                   0x200000f5   Data           1  porg_rs485.o(.bss.esdata)
    net_control_data                         0x200000f6   Data           1  porg_rs485.o(.bss.net_control_data)
    rs_485_contror                           0x200000f7   Data           1  porg_rs485.o(.bss.rs_485_contror)
    sgp_data                                 0x200000f8   Data           8  sgp30.o(.bss.sgp_data)
    sum                                      0x20000100   Data           4  main.o(.bss.sum)
    temp16                                   0x20000104   Data           2  data.o(.bss.temp16)
    temp8                                    0x20000106   Data           1  data.o(.bss.temp8)
    temp_adc                                 0x20000108   Data           2  main.o(.bss.temp_adc)
    __initial_sp                             0x20000510   Data           0  startup_gd32e23x.o(STACK)



==============================================================================

Memory Map of the image

  Image Entry point : 0x080000cd

  Load Region LR_IROM1 (Base: 0x08000000, Size: 0x00003e38, Max: 0x00010000, ABSOLUTE)

    Execution Region ER_IROM1 (Exec base: 0x08000000, Load base: 0x08000000, Size: 0x00003e1c, Max: 0x00010000, ABSOLUTE)

    Exec Addr    Load Addr    Size         Type   Attr      Idx    E Section Name        Object

    0x08000000   0x08000000   0x000000cc   Data   RO          309    RESET               startup_gd32e23x.o
    0x080000cc   0x080000cc   0x00000000   Code   RO         1453  * .ARM.Collect$$$$00000000  mc_p.l(entry.o)
    0x080000cc   0x080000cc   0x00000004   Code   RO         1500    .ARM.Collect$$$$00000001  mc_p.l(entry2.o)
    0x080000d0   0x080000d0   0x00000004   Code   RO         1503    .ARM.Collect$$$$00000004  mc_p.l(entry5.o)
    0x080000d4   0x080000d4   0x00000000   Code   RO         1505    .ARM.Collect$$$$00000008  mc_p.l(entry7b.o)
    0x080000d4   0x080000d4   0x00000000   Code   RO         1507    .ARM.Collect$$$$0000000A  mc_p.l(entry8b.o)
    0x080000d4   0x080000d4   0x00000008   Code   RO         1508    .ARM.Collect$$$$0000000B  mc_p.l(entry9a.o)
    0x080000dc   0x080000dc   0x00000000   Code   RO         1510    .ARM.Collect$$$$0000000D  mc_p.l(entry10a.o)
    0x080000dc   0x080000dc   0x00000000   Code   RO         1512    .ARM.Collect$$$$0000000F  mc_p.l(entry11a.o)
    0x080000dc   0x080000dc   0x00000004   Code   RO         1501    .ARM.Collect$$$$00002712  mc_p.l(entry2.o)
    0x080000e0   0x080000e0   0x0000001c   Code   RO          310    .text               startup_gd32e23x.o
    0x080000fc   0x080000fc   0x0000007a   Code   RO         1484    .text               mf_p.l(fmul.o)
    0x08000176   0x08000176   0x0000007c   Code   RO         1486    .text               mf_p.l(fdiv.o)
    0x080001f2   0x080001f2   0x00000002   PAD
    0x080001f4   0x080001f4   0x000000d0   Code   RO         1488    .text               mf_p.l(dmul.o)
    0x080002c4   0x080002c4   0x0000000e   Code   RO         1490    .text               mf_p.l(ffltui.o)
    0x080002d2   0x080002d2   0x00000002   PAD
    0x080002d4   0x080002d4   0x00000028   Code   RO         1492    .text               mf_p.l(dflti.o)
    0x080002fc   0x080002fc   0x00000028   Code   RO         1494    .text               mf_p.l(ffixui.o)
    0x08000324   0x08000324   0x00000028   Code   RO         1496    .text               mf_p.l(f2d.o)
    0x0800034c   0x0800034c   0x00000038   Code   RO         1498    .text               mf_p.l(d2f.o)
    0x08000384   0x08000384   0x00000060   Code   RO         1519    .text               mc_p.l(uldiv.o)
    0x080003e4   0x080003e4   0x00000000   Code   RO         1521    .text               mc_p.l(iusefp.o)
    0x080003e4   0x080003e4   0x00000082   Code   RO         1522    .text               mf_p.l(fepilogue.o)
    0x08000466   0x08000466   0x000000be   Code   RO         1524    .text               mf_p.l(depilogue.o)
    0x08000524   0x08000524   0x00000164   Code   RO         1528    .text               mf_p.l(dadd.o)
    0x08000688   0x08000688   0x000000f0   Code   RO         1530    .text               mf_p.l(ddiv.o)
    0x08000778   0x08000778   0x00000040   Code   RO         1532    .text               mf_p.l(dfixul.o)
    0x080007b8   0x080007b8   0x00000028   Code   RO         1534    .text               mf_p.l(cdrcmple.o)
    0x080007e0   0x080007e0   0x00000030   Code   RO         1536    .text               mc_p.l(init.o)
    0x08000810   0x08000810   0x0000003e   Code   RO         1540    .text               mc_p.l(uidiv_div0.o)
    0x0800084e   0x0800084e   0x00000020   Code   RO         1546    .text               mc_p.l(llshl.o)
    0x0800086e   0x0800086e   0x00000022   Code   RO         1548    .text               mc_p.l(llushr.o)
    0x08000890   0x08000890   0x00000026   Code   RO         1550    .text               mc_p.l(llsshr.o)
    0x080008b6   0x080008b6   0x00000008   Code   RO          127    .text.AT24CXX_Init  24cxx.o
    0x080008be   0x080008be   0x0000005a   Code   RO          133    .text.AT24CXX_ReadLenByte  24cxx.o
    0x08000918   0x08000918   0x0000005c   Code   RO          129    .text.AT24CXX_ReadOneByte  24cxx.o
    0x08000974   0x08000974   0x0000004a   Code   RO          135    .text.AT24CXX_WriteLenByte  24cxx.o
    0x080009be   0x080009be   0x0000004e   Code   RO          131    .text.AT24CXX_WriteOneByte  24cxx.o
    0x08000a0c   0x08000a0c   0x0000011c   Code   RO          261    .text.DS18B20_Check  bsp_ds18b20.o
    0x08000b28   0x08000b28   0x0000003a   Code   RO          259    .text.DS18B20_GPIO_Init  bsp_ds18b20.o
    0x08000b62   0x08000b62   0x00000002   PAD
    0x08000b64   0x08000b64   0x00000094   Code   RO          269    .text.DS18B20_GetTemperture  bsp_ds18b20.o
    0x08000bf8   0x08000bf8   0x000000a4   Code   RO          263    .text.DS18B20_Read_Byte  bsp_ds18b20.o
    0x08000c9c   0x08000c9c   0x00000014   Code   RO          267    .text.DS18B20_Start  bsp_ds18b20.o
    0x08000cb0   0x08000cb0   0x0000009a   Code   RO          265    .text.DS18B20_Write_Byte  bsp_ds18b20.o
    0x08000d4a   0x08000d4a   0x00000010   Code   RO          150    .text.Delay_us      iic.o
    0x08000d5a   0x08000d5a   0x00000004   Code   RO            4    .text.HardFault_Handler  gd32e23x_it.o
    0x08000d5e   0x08000d5e   0x00000002   PAD
    0x08000d60   0x08000d60   0x00000094   Code   RO          290    .text.IIC2_Read_Byte  sgp30.o
    0x08000df4   0x08000df4   0x00000084   Code   RO          284    .text.IIC2_Send_Ack  sgp30.o
    0x08000e78   0x08000e78   0x00000088   Code   RO          288    .text.IIC2_Send_Byte  sgp30.o
    0x08000f00   0x08000f00   0x00000060   Code   RO          280    .text.IIC2_Start    sgp30.o
    0x08000f60   0x08000f60   0x00000054   Code   RO          282    .text.IIC2_Stop     sgp30.o
    0x08000fb4   0x08000fb4   0x000000d0   Code   RO          286    .text.IIC2_WaitAck  sgp30.o
    0x08001084   0x08001084   0x00000040   Code   RO          166    .text.IIC_ACK       iic.o
    0x080010c4   0x080010c4   0x00000052   Code   RO          158    .text.IIC_Init      iic.o
    0x08001116   0x08001116   0x00000040   Code   RO          168    .text.IIC_NACK      iic.o
    0x08001156   0x08001156   0x00000088   Code   RO          172    .text.IIC_Read_Byte  iic.o
    0x080011de   0x080011de   0x0000008a   Code   RO          170    .text.IIC_Send_Byte  iic.o
    0x08001268   0x08001268   0x00000040   Code   RO          160    .text.IIC_Start     iic.o
    0x080012a8   0x080012a8   0x00000040   Code   RO          162    .text.IIC_Stop      iic.o
    0x080012e8   0x080012e8   0x00000070   Code   RO          164    .text.IIC_Wait_ACK  iic.o
    0x08001358   0x08001358   0x00000002   Code   RO            2    .text.NMI_Handler   gd32e23x_it.o
    0x0800135a   0x0800135a   0x00000002   Code   RO           16    .text.PendSV_Handler  gd32e23x_it.o
    0x0800135c   0x0800135c   0x00000080   Code   RO          185    .text.RS485_init_data  porg_rs485.o
    0x080013dc   0x080013dc   0x00000044   Code   RO          278    .text.SGP30_GPIO_Init  sgp30.o
    0x08001420   0x08001420   0x00000028   Code   RO          298    .text.SGP30_Get_Value  sgp30.o
    0x08001448   0x08001448   0x00000010   Code   RO          296    .text.SGP30_Init    sgp30.o
    0x08001458   0x08001458   0x00000082   Code   RO          294    .text.SGP30_Read    sgp30.o
    0x080014da   0x080014da   0x00000044   Code   RO          292    .text.SGP30_Write_cmd  sgp30.o
    0x0800151e   0x0800151e   0x00000002   Code   RO           12    .text.SVC_Handler   gd32e23x_it.o
    0x08001520   0x08001520   0x00000002   Code   RO           18    .text.SysTick_Handler  gd32e23x_it.o
    0x08001522   0x08001522   0x00000002   PAD
    0x08001524   0x08001524   0x000000ac   Code   RO          317    .text.SystemInit    system_gd32e23x.o
    0x080015d0   0x080015d0   0x000000b4   Code   RO           29    .text.TIMER2_IRQHandler  main.o
    0x08001684   0x08001684   0x00000028   Code   RO           27    .text.USART0_IRQHandler  main.o
    0x080016ac   0x080016ac   0x00000034   Code   RO          788    .text.__NVIC_EnableIRQ  gd32e23x_misc.o
    0x080016e0   0x080016e0   0x00000084   Code   RO          786    .text.__NVIC_SetPriority  gd32e23x_misc.o
    0x08001764   0x08001764   0x00000038   Code   RO          340    .text.adc_calibration_enable  gd32e23x_adc.o
    0x0800179c   0x0800179c   0x00000068   Code   RO          356    .text.adc_channel_length_config  gd32e23x_adc.o
    0x08001804   0x08001804   0x0000004e   Code   RO          246    .text.adc_config    adc.o
    0x08001852   0x08001852   0x00000002   PAD
    0x08001854   0x08001854   0x0000002c   Code   RO          354    .text.adc_data_alignment_config  gd32e23x_adc.o
    0x08001880   0x08001880   0x00000018   Code   RO          336    .text.adc_enable    gd32e23x_adc.o
    0x08001898   0x08001898   0x0000007c   Code   RO          364    .text.adc_external_trigger_config  gd32e23x_adc.o
    0x08001914   0x08001914   0x00000054   Code   RO          366    .text.adc_external_trigger_source_config  gd32e23x_adc.o
    0x08001968   0x08001968   0x00000014   Code   RO          376    .text.adc_flag_clear  gd32e23x_adc.o
    0x0800197c   0x0800197c   0x0000002c   Code   RO          374    .text.adc_flag_get  gd32e23x_adc.o
    0x080019a8   0x080019a8   0x0000015c   Code   RO          358    .text.adc_regular_channel_config  gd32e23x_adc.o
    0x08001b04   0x08001b04   0x0000000c   Code   RO          370    .text.adc_regular_data_read  gd32e23x_adc.o
    0x08001b10   0x08001b10   0x00000040   Code   RO          368    .text.adc_software_trigger_enable  gd32e23x_adc.o
    0x08001b50   0x08001b50   0x000001b8   Code   RO          102    .text.calibration_init  data.o
    0x08001d08   0x08001d08   0x00000070   Code   RO           71    .text.delay_1ms     systick.o
    0x08001d78   0x08001d78   0x00000070   Code   RO           67    .text.delay_1us     systick.o
    0x08001de8   0x08001de8   0x00000074   Code   RO           73    .text.delay_ms      systick.o
    0x08001e5c   0x08001e5c   0x00000080   Code   RO           69    .text.delay_us      systick.o
    0x08001edc   0x08001edc   0x00000016   Code   RO           90    .text.fputc         bsp_usart.o
    0x08001ef2   0x08001ef2   0x00000002   PAD
    0x08001ef4   0x08001ef4   0x000000e4   Code   RO          224    .text.gd_eval_com_init  gd32f350r_eval.o
    0x08001fd8   0x08001fd8   0x00000040   Code   RO          248    .text.get_adc       adc.o
    0x08002018   0x08002018   0x00000054   Code   RO          250    .text.get_adc_Average  adc.o
    0x0800206c   0x0800206c   0x000000c0   Code   RO          692    .text.gpio_af_set   gd32e23x_gpio.o
    0x0800212c   0x0800212c   0x00000010   Code   RO          678    .text.gpio_bit_reset  gd32e23x_gpio.o
    0x0800213c   0x0800213c   0x00000010   Code   RO          676    .text.gpio_bit_set  gd32e23x_gpio.o
    0x0800214c   0x0800214c   0x00000024   Code   RO          680    .text.gpio_bit_write  gd32e23x_gpio.o
    0x08002170   0x08002170   0x0000009c   Code   RO          104    .text.gpio_init     data.o
    0x0800220c   0x0800220c   0x0000002a   Code   RO          684    .text.gpio_input_bit_get  gd32e23x_gpio.o
    0x08002236   0x08002236   0x0000008e   Code   RO          672    .text.gpio_mode_set  gd32e23x_gpio.o
    0x080022c4   0x080022c4   0x0000008a   Code   RO          674    .text.gpio_output_options_set  gd32e23x_gpio.o
    0x0800234e   0x0800234e   0x0000003e   Code   RO           41    .text.group_trans   main.o
    0x0800238c   0x0800238c   0x0000002a   Code   RO          156    .text.iic_read_sda  iic.o
    0x080023b6   0x080023b6   0x0000002c   Code   RO          152    .text.iic_write_scl  iic.o
    0x080023e2   0x080023e2   0x0000002c   Code   RO          154    .text.iic_write_sda  iic.o
    0x0800240e   0x0800240e   0x00000002   PAD
    0x08002410   0x08002410   0x00000140   Code   RO          191    .text.int_RX        porg_rs485.o
    0x08002550   0x08002550   0x00000116   Code   RO           39    .text.mabub         main.o
    0x08002666   0x08002666   0x00000002   PAD
    0x08002668   0x08002668   0x0000026c   Code   RO           31    .text.main          main.o
    0x080028d4   0x080028d4   0x00000014   Code   RO           35    .text.nvic_config   main.o
    0x080028e8   0x080028e8   0x0000002c   Code   RO          784    .text.nvic_irq_enable  gd32e23x_misc.o
    0x08002914   0x08002914   0x00000020   Code   RO          798    .text.nvic_vector_table_set  gd32e23x_misc.o
    0x08002934   0x08002934   0x00000184   Code   RO          875    .text.rcu_adc_clock_config  gd32e23x_rcu.o
    0x08002ab8   0x08002ab8   0x0000027c   Code   RO          923    .text.rcu_clock_freq_get  gd32e23x_rcu.o
    0x08002d34   0x08002d34   0x00000034   Code   RO           33    .text.rcu_config    main.o
    0x08002d68   0x08002d68   0x00000024   Code   RO          849    .text.rcu_periph_clock_enable  gd32e23x_rcu.o
    0x08002d8c   0x08002d8c   0x00000024   Code   RO          859    .text.rcu_periph_reset_disable  gd32e23x_rcu.o
    0x08002db0   0x08002db0   0x00000024   Code   RO          857    .text.rcu_periph_reset_enable  gd32e23x_rcu.o
    0x08002dd4   0x08002dd4   0x000000e0   Code   RO          323    .text.system_clock_72m_hxtal  system_gd32e23x.o
    0x08002eb4   0x08002eb4   0x00000008   Code   RO          319    .text.system_clock_config  system_gd32e23x.o
    0x08002ebc   0x08002ebc   0x0000002c   Code   RO          804    .text.systick_clksource_set  gd32e23x_misc.o
    0x08002ee8   0x08002ee8   0x00000040   Code   RO           65    .text.systick_config  systick.o
    0x08002f28   0x08002f28   0x00000044   Code   RO           37    .text.timer_config  main.o
    0x08002f6c   0x08002f6c   0x000000e0   Code   RO         1125    .text.timer_deinit  gd32e23x_timer.o
    0x0800304c   0x0800304c   0x00000012   Code   RO         1131    .text.timer_enable  gd32e23x_timer.o
    0x0800305e   0x0800305e   0x00000002   PAD
    0x08003060   0x08003060   0x000000fc   Code   RO         1129    .text.timer_init    gd32e23x_timer.o
    0x0800315c   0x0800315c   0x00000014   Code   RO         1167    .text.timer_interrupt_enable  gd32e23x_timer.o
    0x08003170   0x08003170   0x00000014   Code   RO         1173    .text.timer_interrupt_flag_clear  gd32e23x_timer.o
    0x08003184   0x08003184   0x0000003a   Code   RO         1171    .text.timer_interrupt_flag_get  gd32e23x_timer.o
    0x080031be   0x080031be   0x00000002   PAD
    0x080031c0   0x080031c0   0x00000028   Code   RO         1127    .text.timer_struct_para_init  gd32e23x_timer.o
    0x080031e8   0x080031e8   0x000000b0   Code   RO         1280    .text.usart_baudrate_set  gd32e23x_usart.o
    0x08003298   0x08003298   0x00000010   Code   RO         1316    .text.usart_data_receive  gd32e23x_usart.o
    0x080032a8   0x080032a8   0x00000018   Code   RO         1314    .text.usart_data_transmit  gd32e23x_usart.o
    0x080032c0   0x080032c0   0x00000050   Code   RO         1278    .text.usart_deinit  gd32e23x_usart.o
    0x08003310   0x08003310   0x00000012   Code   RO         1288    .text.usart_enable  gd32e23x_usart.o
    0x08003322   0x08003322   0x0000003c   Code   RO         1412    .text.usart_flag_get  gd32e23x_usart.o
    0x0800335e   0x0800335e   0x00000022   Code   RO         1416    .text.usart_interrupt_enable  gd32e23x_usart.o
    0x08003380   0x08003380   0x00000040   Code   RO         1424    .text.usart_interrupt_flag_clear  gd32e23x_usart.o
    0x080033c0   0x080033c0   0x00000062   Code   RO         1422    .text.usart_interrupt_flag_get  gd32e23x_usart.o
    0x08003422   0x08003422   0x0000001e   Code   RO         1294    .text.usart_receive_config  gd32e23x_usart.o
    0x08003440   0x08003440   0x00000030   Code   RO           86    .text.usart_send_data  bsp_usart.o
    0x08003470   0x08003470   0x0000001e   Code   RO         1292    .text.usart_transmit_config  gd32e23x_usart.o
    0x0800348e   0x0800348e   0x00000002   PAD
    0x08003490   0x08003490   0x00000020   Code   RO         1457    i.__0printf         mc_p.l(printfa.o)
    0x080034b0   0x080034b0   0x0000002e   Code   RO         1526    i.__ARM_clz         mf_p.l(depilogue.o)
    0x080034de   0x080034de   0x0000000e   Code   RO         1554    i.__scatterload_copy  mc_p.l(handlers.o)
    0x080034ec   0x080034ec   0x00000002   Code   RO         1555    i.__scatterload_null  mc_p.l(handlers.o)
    0x080034ee   0x080034ee   0x0000000e   Code   RO         1556    i.__scatterload_zeroinit  mc_p.l(handlers.o)
    0x080034fc   0x080034fc   0x00000174   Code   RO         1464    i._fp_digits        mc_p.l(printfa.o)
    0x08003670   0x08003670   0x000006ec   Code   RO         1465    i._printf_core      mc_p.l(printfa.o)
    0x08003d5c   0x08003d5c   0x00000020   Code   RO         1466    i._printf_post_padding  mc_p.l(printfa.o)
    0x08003d7c   0x08003d7c   0x0000002c   Code   RO         1467    i._printf_pre_padding  mc_p.l(printfa.o)
    0x08003da8   0x08003da8   0x00000053   Data   RO           56    .rodata.str1.1      main.o
    0x08003dfb   0x08003dfb   0x00000001   PAD
    0x08003dfc   0x08003dfc   0x00000020   Data   RO         1553    Region$$Table       anon$$obj.o


    Execution Region RW_IRAM1 (Exec base: 0x20000000, Load base: 0x08003e20, Size: 0x00000510, Max: 0x00002000, ABSOLUTE)

    Exec Addr    Load Addr    Size         Type   Attr      Idx    E Section Name        Object

    0x20000000   0x08003e20   0x00000004   Data   RW         1514    .data               mc_p.l(stdout.o)
    0x20000004   0x08003e24   0x00000002   Data   RW          236    .data.COM_CLK       gd32f350r_eval.o
    0x20000006   0x08003e26   0x00000002   PAD
    0x20000008   0x08003e28   0x00000004   Data   RW          238    .data.COM_RX_PIN    gd32f350r_eval.o
    0x2000000c   0x08003e2c   0x00000004   Data   RW          237    .data.COM_TX_PIN    gd32f350r_eval.o
    0x20000010   0x08003e30   0x00000004   Data   RW          325    .data.SystemCoreClock  system_gd32e23x.o
    0x20000014   0x08003e34   0x00000004   PAD
    0x20000018        -       0x00000001   Zero   RW          111    .bss.AIR_OBS_F      data.o
    0x20000019        -       0x00000001   Zero   RW          112    .bss.N2_OBS_F       data.o
    0x2000001a        -       0x00000002   Zero   RW          117    .bss.OBS_AIR        data.o
    0x2000001c        -       0x00000002   Zero   RW          109    .bss.OBS_BIAS       data.o
    0x2000001e        -       0x00000001   Zero   RW          110    .bss.OBS_FLAG       data.o
    0x2000001f   0x08003e34   0x00000001   PAD
    0x20000020        -       0x00000002   Zero   RW          115    .bss.OBS_N2         data.o
    0x20000022        -       0x00000001   Zero   RW          113    .bss.OBS_OVER_F     data.o
    0x20000023   0x08003e34   0x00000001   PAD
    0x20000024        -       0x00000002   Zero   RW          108    .bss.OBS_Y          data.o
    0x20000026        -       0x00000050   Zero   RW           47    .bss.Paixu_group    main.o
    0x20000076        -       0x00000001   Zero   RW          196    .bss.RS485_C        porg_rs485.o
    0x20000077        -       0x00000012   Zero   RW          195    .bss.R_DATA         porg_rs485.o
    0x20000089        -       0x00000001   Zero   RW          198    .bss.R_counter      porg_rs485.o
    0x2000008a        -       0x00000001   Zero   RW           49    .bss.SEC_LDOP_TEST  main.o
    0x2000008b        -       0x00000001   Zero   RW           48    .bss.SEC_SMOKE_TEST  main.o
    0x2000008c        -       0x00000050   Zero   RW           46    .bss.SmokeIns_group  main.o
    0x200000dc        -       0x00000002   Zero   RW          116    .bss.Smoke_AIR      data.o
    0x200000de        -       0x00000002   Zero   RW          114    .bss.Smoke_N2       data.o
    0x200000e0        -       0x00000002   Zero   RW           50    .bss.TIM_Cnt        main.o
    0x200000e2        -       0x00000001   Zero   RW          199    .bss.TR_JISHU       porg_rs485.o
    0x200000e3        -       0x00000001   Zero   RW          197    .bss.T_counter      porg_rs485.o
    0x200000e4        -       0x00000006   Zero   RW          106    .bss.adcData        data.o
    0x200000ea        -       0x00000001   Zero   RW           45    .bss.count          main.o
    0x200000eb   0x08003e34   0x00000001   PAD
    0x200000ec        -       0x00000004   Zero   RW           76    .bss.count_1ms      systick.o
    0x200000f0        -       0x00000004   Zero   RW           75    .bss.count_1us      systick.o
    0x200000f4        -       0x00000001   Zero   RW          203    .bss.esadd          porg_rs485.o
    0x200000f5        -       0x00000001   Zero   RW          204    .bss.esdata         porg_rs485.o
    0x200000f6        -       0x00000001   Zero   RW          202    .bss.net_control_data  porg_rs485.o
    0x200000f7        -       0x00000001   Zero   RW          200    .bss.rs_485_contror  porg_rs485.o
    0x200000f8        -       0x00000008   Zero   RW          300    .bss.sgp_data       sgp30.o
    0x20000100        -       0x00000004   Zero   RW           54    .bss.sum            main.o
    0x20000104        -       0x00000002   Zero   RW          118    .bss.temp16         data.o
    0x20000106        -       0x00000001   Zero   RW          107    .bss.temp8          data.o
    0x20000107   0x08003e34   0x00000001   PAD
    0x20000108        -       0x00000002   Zero   RW           55    .bss.temp_adc       main.o
    0x2000010a   0x08003e34   0x00000006   PAD
    0x20000110        -       0x00000400   Zero   RW          307    STACK               startup_gd32e23x.o


==============================================================================

Image component sizes


      Code (inc. data)   RO Data    RW Data    ZI Data      Debug   Object Name

       342          0          0          0          0       2080   24cxx.o
       226          4          0          0          0       1168   adc.o
       828         12          0          0          0       2054   bsp_ds18b20.o
        70          8          0          0          0       3776   bsp_usart.o
       596         52          0          0         25       1586   data.o
       924         44          0          0          0       7649   gd32e23x_adc.o
       582          0          0          0          0       4222   gd32e23x_gpio.o
        12          0          0          0          0        989   gd32e23x_it.o
       304         24          0          0          0       3877   gd32e23x_misc.o
      1132         40          0          0          0      11157   gd32e23x_rcu.o
       632         52          0          0          0      16945   gd32e23x_timer.o
       630         24          0          0          0      14157   gd32e23x_usart.o
       228         20          0         10          0       3719   gd32f350r_eval.o
       870          0          0          0          0       2728   iic.o
      1320        124         83          0        171       6507   main.o
       448         64          0          0         26       4388   porg_rs485.o
      1126         12          0          0          8       2584   sgp30.o
        28          8        204          0       1024        692   startup_gd32e23x.o
       404         52          0          4          0       1832   system_gd32e23x.o
       532         40          0          0          8       1743   systick.o

    ----------------------------------------------------------------------
     11254        580        320         16       1276      93853   Object Totals
         0          0         32          0          0          0   (incl. Generated)
        20          0          1          2         14          0   (incl. Padding)

    ----------------------------------------------------------------------

      Code (inc. data)   RO Data    RW Data    ZI Data      Debug   Library Member Name

         0          0          0          0          0          0   entry.o
         0          0          0          0          0          0   entry10a.o
         0          0          0          0          0          0   entry11a.o
         8          4          0          0          0          0   entry2.o
         4          0          0          0          0          0   entry5.o
         0          0          0          0          0          0   entry7b.o
         0          0          0          0          0          0   entry8b.o
         8          4          0          0          0          0   entry9a.o
        30          0          0          0          0          0   handlers.o
        48         10          0          0          0         68   init.o
         0          0          0          0          0          0   iusefp.o
        32          0          0          0          0         68   llshl.o
        38          0          0          0          0         68   llsshr.o
        34          0          0          0          0         68   llushr.o
      2252         98          0          0          0        412   printfa.o
         0          0          0          4          0          0   stdout.o
        62          0          0          0          0         72   uidiv_div0.o
        96          0          0          0          0         84   uldiv.o
        40          2          0          0          0         68   cdrcmple.o
        56          0          0          0          0         68   d2f.o
       356          4          0          0          0        140   dadd.o
       240          6          0          0          0         84   ddiv.o
       236          0          0          0          0        216   depilogue.o
        64         10          0          0          0         68   dfixul.o
        40          6          0          0          0         68   dflti.o
       208          6          0          0          0         88   dmul.o
        40          0          0          0          0         60   f2d.o
       124          0          0          0          0         72   fdiv.o
       130          0          0          0          0        144   fepilogue.o
        40          0          0          0          0         60   ffixui.o
        14          0          0          0          0         68   ffltui.o
       122          0          0          0          0         72   fmul.o

    ----------------------------------------------------------------------
      4326        150          0          4          0       2116   Library Totals
         4          0          0          0          0          0   (incl. Padding)

    ----------------------------------------------------------------------

      Code (inc. data)   RO Data    RW Data    ZI Data      Debug   Library Name

      2612        116          0          4          0        840   mc_p.l
      1710         34          0          0          0       1276   mf_p.l

    ----------------------------------------------------------------------
      4326        150          0          4          0       2116   Library Totals

    ----------------------------------------------------------------------

==============================================================================


      Code (inc. data)   RO Data    RW Data    ZI Data      Debug   

     15580        730        320         20       1276      94741   Grand Totals
     15580        730        320         20       1276      94741   ELF Image Totals
     15580        730        320         20          0          0   ROM Totals

==============================================================================

    Total RO  Size (Code + RO Data)                15900 (  15.53kB)
    Total RW  Size (RW Data + ZI Data)              1296 (   1.27kB)
    Total ROM Size (Code + RO Data + RW Data)      15920 (  15.55kB)

==============================================================================

