<html>
<body>
<pre>
<h1>µVision Build Log</h1>
<h2>Tool Versions:</h2>
IDE-Version: ¦ÌVision V5.39.0.0
Copyright (C) 2023 ARM Ltd and ARM Germany GmbH. All rights reserved.
License Information: 1 1, 1, LIC=----
 
Tool Versions:
Toolchain:       MDK-Lite  Version: 5.39.0.0
Toolchain Path:  D:\keil_539\ARM\ARMCLANG\Bin
C Compiler:      ArmClang.exe V6.21
Assembler:       Armasm.exe V6.21
Linker/Locator:  ArmLink.exe V6.21
Library Manager: ArmAr.exe V6.21
Hex Converter:   FromElf.exe V6.21
CPU DLL:         
Dialog DLL:      
Target DLL:      STLink\ST-LINKIII-KEIL_SWO.dll V3.2.0.0
Dialog DLL:      TCM.DLL V1.56.4.0
 
<h2>Project:</h2>
F:\1WorkingMan\E230C8T6-Newcode\Rjlz-project\Project\Project.uvprojx
Project File Date:  07/18/2024

<h2>Output:</h2>
*** Using Compiler 'V6.21', folder: 'D:\keil_539\ARM\ARMCLANG\Bin'
Rebuild target 'GD32E230C_START'
assembling startup_gd32e23x.s...
compiling bsp_usart.c...
compiling data.c...
compiling 24cxx.c...
compiling gd32e23x_it.c...
compiling systick.c...
compiling adc.c...
compiling gd32f350r_eval.c...
compiling IIC.c...
compiling bsp_ds18b20.c...
compiling sgp30.c...
compiling main.c...
compiling system_gd32e23x.c...
compiling PORG_RS485.c...
compiling gd32e23x_adc.c...
compiling gd32e23x_cmp.c...
compiling gd32e23x_crc.c...
compiling gd32e23x_dbg.c...
compiling gd32e23x_gpio.c...
compiling gd32e23x_fwdgt.c...
compiling gd32e23x_dma.c...
compiling gd32e23x_misc.c...
compiling gd32e23x_exti.c...
compiling gd32e23x_i2c.c...
compiling gd32e23x_fmc.c...
compiling gd32e23x_pmu.c...
compiling gd32e23x_rcu.c...
compiling gd32e23x_rtc.c...
compiling gd32e23x_spi.c...
compiling gd32e23x_syscfg.c...
compiling gd32e23x_timer.c...
compiling gd32e23x_wwdgt.c...
compiling gd32e23x_usart.c...
linking...
Program Size: Code=15680 RO-data=316 RW-data=20 ZI-data=1276  
FromELF: creating hex file...
".\output\GD32E230C_START.axf" - 0 Error(s), 0 Warning(s).

<h2>Software Packages used:</h2>

Package Vendor: ARM
                http://www.keil.com/pack/ARM.CMSIS.5.9.0.pack
                ARM::CMSIS@5.9.0
                CMSIS (Common Microcontroller Software Interface Standard)
   * Component: CORE Version: 5.6.0

Package Vendor: GigaDevice
                http://gd32mcu.com/data/documents/pack/GigaDevice.GD32E23x_DFP.1.1.0.pack
                GigaDevice::GD32E23x_DFP@1.1.0
                GigaDevice GD32E23x Series Device Support and Examples

<h2>Collection of Component include folders:</h2>
  ./RTE/_GD32E230C_START
  D:/keil_539/packs/ARM/CMSIS/5.9.0/CMSIS/Core/Include
  D:/keil_539/packs/GigaDevice/GD32E23x_DFP/1.1.0/Device/Include

<h2>Collection of Component Files used:</h2>

   * Component: ARM::CMSIS:CORE@5.6.0
Build Time Elapsed:  00:00:01
</pre>
</body>
</html>
