<!doctype html public "-//w3c//dtd html 4.0 transitional//en">
<html><head>
<title>Static Call Graph - [.\output\GD32E230C_START.axf]</title></head>
<body><HR>
<H1>Static Call Graph for image .\output\GD32E230C_START.axf</H1><HR>
<BR><P>#&#060CALLGRAPH&#062# ARM Linker, 6210000: Last Updated: Thu Jul 18 16:22:19 2024
<BR><P>
<H3>Maximum Stack Usage =        228 bytes + Unknown(Cycles, Untraceable Function Pointers)</H3><H3>
Call chain for Maximum Stack Depth:</H3>
main &rArr; calibration_init &rArr; AT24CXX_ReadLenByte &rArr; AT24CXX_ReadOneByte &rArr; IIC_Read_Byte &rArr; IIC_NACK &rArr; Delay_us &rArr; delay_1us &rArr; __aeabi_ui2f &rArr; _float_epilogue
<P>
<H3>
Mutually Recursive functions
</H3> <LI><a href="#[11]">ADC_CMP_IRQHandler</a>&nbsp;&nbsp;&nbsp;&rArr;&nbsp;&nbsp;&nbsp;<a href="#[11]">ADC_CMP_IRQHandler</a><BR>
</UL>
<P>
<H3>
Function Pointers
</H3><UL>
 <LI><a href="#[11]">ADC_CMP_IRQHandler</a> from startup_gd32e23x.o(.text) referenced from startup_gd32e23x.o(RESET)
 <LI><a href="#[e]">DMA_Channel0_IRQHandler</a> from startup_gd32e23x.o(.text) referenced from startup_gd32e23x.o(RESET)
 <LI><a href="#[f]">DMA_Channel1_2_IRQHandler</a> from startup_gd32e23x.o(.text) referenced from startup_gd32e23x.o(RESET)
 <LI><a href="#[10]">DMA_Channel3_4_IRQHandler</a> from startup_gd32e23x.o(.text) referenced from startup_gd32e23x.o(RESET)
 <LI><a href="#[b]">EXTI0_1_IRQHandler</a> from startup_gd32e23x.o(.text) referenced from startup_gd32e23x.o(RESET)
 <LI><a href="#[c]">EXTI2_3_IRQHandler</a> from startup_gd32e23x.o(.text) referenced from startup_gd32e23x.o(RESET)
 <LI><a href="#[d]">EXTI4_15_IRQHandler</a> from startup_gd32e23x.o(.text) referenced from startup_gd32e23x.o(RESET)
 <LI><a href="#[9]">FMC_IRQHandler</a> from startup_gd32e23x.o(.text) referenced from startup_gd32e23x.o(RESET)
 <LI><a href="#[2]">HardFault_Handler</a> from gd32e23x_it.o(.text.HardFault_Handler) referenced from startup_gd32e23x.o(RESET)
 <LI><a href="#[20]">I2C0_ER_IRQHandler</a> from startup_gd32e23x.o(.text) referenced from startup_gd32e23x.o(RESET)
 <LI><a href="#[1a]">I2C0_EV_IRQHandler</a> from startup_gd32e23x.o(.text) referenced from startup_gd32e23x.o(RESET)
 <LI><a href="#[21]">I2C1_ER_IRQHandler</a> from startup_gd32e23x.o(.text) referenced from startup_gd32e23x.o(RESET)
 <LI><a href="#[1b]">I2C1_EV_IRQHandler</a> from startup_gd32e23x.o(.text) referenced from startup_gd32e23x.o(RESET)
 <LI><a href="#[7]">LVD_IRQHandler</a> from startup_gd32e23x.o(.text) referenced from startup_gd32e23x.o(RESET)
 <LI><a href="#[1]">NMI_Handler</a> from gd32e23x_it.o(.text.NMI_Handler) referenced from startup_gd32e23x.o(RESET)
 <LI><a href="#[4]">PendSV_Handler</a> from gd32e23x_it.o(.text.PendSV_Handler) referenced from startup_gd32e23x.o(RESET)
 <LI><a href="#[a]">RCU_IRQHandler</a> from startup_gd32e23x.o(.text) referenced from startup_gd32e23x.o(RESET)
 <LI><a href="#[8]">RTC_IRQHandler</a> from startup_gd32e23x.o(.text) referenced from startup_gd32e23x.o(RESET)
 <LI><a href="#[0]">Reset_Handler</a> from startup_gd32e23x.o(.text) referenced from startup_gd32e23x.o(RESET)
 <LI><a href="#[1c]">SPI0_IRQHandler</a> from startup_gd32e23x.o(.text) referenced from startup_gd32e23x.o(RESET)
 <LI><a href="#[1d]">SPI1_IRQHandler</a> from startup_gd32e23x.o(.text) referenced from startup_gd32e23x.o(RESET)
 <LI><a href="#[3]">SVC_Handler</a> from gd32e23x_it.o(.text.SVC_Handler) referenced from startup_gd32e23x.o(RESET)
 <LI><a href="#[5]">SysTick_Handler</a> from gd32e23x_it.o(.text.SysTick_Handler) referenced from startup_gd32e23x.o(RESET)
 <LI><a href="#[23]">SystemInit</a> from system_gd32e23x.o(.text.SystemInit) referenced from startup_gd32e23x.o(.text)
 <LI><a href="#[12]">TIMER0_BRK_UP_TRG_COM_IRQHandler</a> from startup_gd32e23x.o(.text) referenced from startup_gd32e23x.o(RESET)
 <LI><a href="#[13]">TIMER0_Channel_IRQHandler</a> from startup_gd32e23x.o(.text) referenced from startup_gd32e23x.o(RESET)
 <LI><a href="#[16]">TIMER13_IRQHandler</a> from startup_gd32e23x.o(.text) referenced from startup_gd32e23x.o(RESET)
 <LI><a href="#[17]">TIMER14_IRQHandler</a> from startup_gd32e23x.o(.text) referenced from startup_gd32e23x.o(RESET)
 <LI><a href="#[18]">TIMER15_IRQHandler</a> from startup_gd32e23x.o(.text) referenced from startup_gd32e23x.o(RESET)
 <LI><a href="#[19]">TIMER16_IRQHandler</a> from startup_gd32e23x.o(.text) referenced from startup_gd32e23x.o(RESET)
 <LI><a href="#[14]">TIMER2_IRQHandler</a> from main.o(.text.TIMER2_IRQHandler) referenced from startup_gd32e23x.o(RESET)
 <LI><a href="#[15]">TIMER5_IRQHandler</a> from startup_gd32e23x.o(.text) referenced from startup_gd32e23x.o(RESET)
 <LI><a href="#[1e]">USART0_IRQHandler</a> from main.o(.text.USART0_IRQHandler) referenced from startup_gd32e23x.o(RESET)
 <LI><a href="#[1f]">USART1_IRQHandler</a> from startup_gd32e23x.o(.text) referenced from startup_gd32e23x.o(RESET)
 <LI><a href="#[6]">WWDGT_IRQHandler</a> from startup_gd32e23x.o(.text) referenced from startup_gd32e23x.o(RESET)
 <LI><a href="#[24]">__main</a> from entry.o(.ARM.Collect$$$$00000000) referenced from startup_gd32e23x.o(.text)
 <LI><a href="#[25]">fputc</a> from bsp_usart.o(.text.fputc) referenced from printfa.o(i.__0printf)
 <LI><a href="#[22]">main</a> from main.o(.text.main) referenced from entry9a.o(.ARM.Collect$$$$0000000B)
</UL>
<P>
<H3>
Global Symbols
</H3>
<P><STRONG><a name="[24]"></a>__main</STRONG> (Thumb, 0 bytes, Stack size unknown bytes, entry.o(.ARM.Collect$$$$00000000))
<BR>[Address Reference Count : 1]<UL><LI> startup_gd32e23x.o(.text)
</UL>
<P><STRONG><a name="[ac]"></a>_main_stk</STRONG> (Thumb, 0 bytes, Stack size unknown bytes, entry2.o(.ARM.Collect$$$$00000001))

<P><STRONG><a name="[26]"></a>_main_scatterload</STRONG> (Thumb, 0 bytes, Stack size unknown bytes, entry5.o(.ARM.Collect$$$$00000004))
<BR><BR>[Calls]<UL><LI><a href="#[27]">&gt;&gt;</a>&nbsp;&nbsp;&nbsp;__scatterload
</UL>

<P><STRONG><a name="[3b]"></a>__main_after_scatterload</STRONG> (Thumb, 0 bytes, Stack size unknown bytes, entry5.o(.ARM.Collect$$$$00000004))
<BR><BR>[Called By]<UL><LI><a href="#[27]">&gt;&gt;</a>&nbsp;&nbsp;&nbsp;__scatterload
</UL>

<P><STRONG><a name="[ad]"></a>_main_clock</STRONG> (Thumb, 0 bytes, Stack size unknown bytes, entry7b.o(.ARM.Collect$$$$00000008))

<P><STRONG><a name="[ae]"></a>_main_cpp_init</STRONG> (Thumb, 0 bytes, Stack size unknown bytes, entry8b.o(.ARM.Collect$$$$0000000A))

<P><STRONG><a name="[af]"></a>_main_init</STRONG> (Thumb, 0 bytes, Stack size unknown bytes, entry9a.o(.ARM.Collect$$$$0000000B))

<P><STRONG><a name="[b0]"></a>__rt_final_cpp</STRONG> (Thumb, 0 bytes, Stack size unknown bytes, entry10a.o(.ARM.Collect$$$$0000000D))

<P><STRONG><a name="[b1]"></a>__rt_final_exit</STRONG> (Thumb, 0 bytes, Stack size unknown bytes, entry11a.o(.ARM.Collect$$$$0000000F))

<P><STRONG><a name="[0]"></a>Reset_Handler</STRONG> (Thumb, 8 bytes, Stack size 0 bytes, startup_gd32e23x.o(.text))
<BR>[Address Reference Count : 1]<UL><LI> startup_gd32e23x.o(RESET)
</UL>
<P><STRONG><a name="[11]"></a>ADC_CMP_IRQHandler</STRONG> (Thumb, 0 bytes, Stack size 0 bytes, startup_gd32e23x.o(.text))
<BR><BR>[Calls]<UL><LI><a href="#[11]">&gt;&gt;</a>&nbsp;&nbsp;&nbsp;ADC_CMP_IRQHandler
</UL>
<BR>[Called By]<UL><LI><a href="#[11]">&gt;&gt;</a>&nbsp;&nbsp;&nbsp;ADC_CMP_IRQHandler
</UL>
<BR>[Address Reference Count : 1]<UL><LI> startup_gd32e23x.o(RESET)
</UL>
<P><STRONG><a name="[e]"></a>DMA_Channel0_IRQHandler</STRONG> (Thumb, 0 bytes, Stack size 0 bytes, startup_gd32e23x.o(.text))
<BR>[Address Reference Count : 1]<UL><LI> startup_gd32e23x.o(RESET)
</UL>
<P><STRONG><a name="[f]"></a>DMA_Channel1_2_IRQHandler</STRONG> (Thumb, 0 bytes, Stack size 0 bytes, startup_gd32e23x.o(.text))
<BR>[Address Reference Count : 1]<UL><LI> startup_gd32e23x.o(RESET)
</UL>
<P><STRONG><a name="[10]"></a>DMA_Channel3_4_IRQHandler</STRONG> (Thumb, 0 bytes, Stack size 0 bytes, startup_gd32e23x.o(.text))
<BR>[Address Reference Count : 1]<UL><LI> startup_gd32e23x.o(RESET)
</UL>
<P><STRONG><a name="[b]"></a>EXTI0_1_IRQHandler</STRONG> (Thumb, 0 bytes, Stack size 0 bytes, startup_gd32e23x.o(.text))
<BR>[Address Reference Count : 1]<UL><LI> startup_gd32e23x.o(RESET)
</UL>
<P><STRONG><a name="[c]"></a>EXTI2_3_IRQHandler</STRONG> (Thumb, 0 bytes, Stack size 0 bytes, startup_gd32e23x.o(.text))
<BR>[Address Reference Count : 1]<UL><LI> startup_gd32e23x.o(RESET)
</UL>
<P><STRONG><a name="[d]"></a>EXTI4_15_IRQHandler</STRONG> (Thumb, 0 bytes, Stack size 0 bytes, startup_gd32e23x.o(.text))
<BR>[Address Reference Count : 1]<UL><LI> startup_gd32e23x.o(RESET)
</UL>
<P><STRONG><a name="[9]"></a>FMC_IRQHandler</STRONG> (Thumb, 0 bytes, Stack size 0 bytes, startup_gd32e23x.o(.text))
<BR>[Address Reference Count : 1]<UL><LI> startup_gd32e23x.o(RESET)
</UL>
<P><STRONG><a name="[20]"></a>I2C0_ER_IRQHandler</STRONG> (Thumb, 0 bytes, Stack size 0 bytes, startup_gd32e23x.o(.text))
<BR>[Address Reference Count : 1]<UL><LI> startup_gd32e23x.o(RESET)
</UL>
<P><STRONG><a name="[1a]"></a>I2C0_EV_IRQHandler</STRONG> (Thumb, 0 bytes, Stack size 0 bytes, startup_gd32e23x.o(.text))
<BR>[Address Reference Count : 1]<UL><LI> startup_gd32e23x.o(RESET)
</UL>
<P><STRONG><a name="[21]"></a>I2C1_ER_IRQHandler</STRONG> (Thumb, 0 bytes, Stack size 0 bytes, startup_gd32e23x.o(.text))
<BR>[Address Reference Count : 1]<UL><LI> startup_gd32e23x.o(RESET)
</UL>
<P><STRONG><a name="[1b]"></a>I2C1_EV_IRQHandler</STRONG> (Thumb, 0 bytes, Stack size 0 bytes, startup_gd32e23x.o(.text))
<BR>[Address Reference Count : 1]<UL><LI> startup_gd32e23x.o(RESET)
</UL>
<P><STRONG><a name="[7]"></a>LVD_IRQHandler</STRONG> (Thumb, 0 bytes, Stack size 0 bytes, startup_gd32e23x.o(.text))
<BR>[Address Reference Count : 1]<UL><LI> startup_gd32e23x.o(RESET)
</UL>
<P><STRONG><a name="[a]"></a>RCU_IRQHandler</STRONG> (Thumb, 0 bytes, Stack size 0 bytes, startup_gd32e23x.o(.text))
<BR>[Address Reference Count : 1]<UL><LI> startup_gd32e23x.o(RESET)
</UL>
<P><STRONG><a name="[8]"></a>RTC_IRQHandler</STRONG> (Thumb, 0 bytes, Stack size 0 bytes, startup_gd32e23x.o(.text))
<BR>[Address Reference Count : 1]<UL><LI> startup_gd32e23x.o(RESET)
</UL>
<P><STRONG><a name="[1c]"></a>SPI0_IRQHandler</STRONG> (Thumb, 0 bytes, Stack size 0 bytes, startup_gd32e23x.o(.text))
<BR>[Address Reference Count : 1]<UL><LI> startup_gd32e23x.o(RESET)
</UL>
<P><STRONG><a name="[1d]"></a>SPI1_IRQHandler</STRONG> (Thumb, 0 bytes, Stack size 0 bytes, startup_gd32e23x.o(.text))
<BR>[Address Reference Count : 1]<UL><LI> startup_gd32e23x.o(RESET)
</UL>
<P><STRONG><a name="[12]"></a>TIMER0_BRK_UP_TRG_COM_IRQHandler</STRONG> (Thumb, 0 bytes, Stack size 0 bytes, startup_gd32e23x.o(.text))
<BR>[Address Reference Count : 1]<UL><LI> startup_gd32e23x.o(RESET)
</UL>
<P><STRONG><a name="[13]"></a>TIMER0_Channel_IRQHandler</STRONG> (Thumb, 0 bytes, Stack size 0 bytes, startup_gd32e23x.o(.text))
<BR>[Address Reference Count : 1]<UL><LI> startup_gd32e23x.o(RESET)
</UL>
<P><STRONG><a name="[16]"></a>TIMER13_IRQHandler</STRONG> (Thumb, 0 bytes, Stack size 0 bytes, startup_gd32e23x.o(.text))
<BR>[Address Reference Count : 1]<UL><LI> startup_gd32e23x.o(RESET)
</UL>
<P><STRONG><a name="[17]"></a>TIMER14_IRQHandler</STRONG> (Thumb, 0 bytes, Stack size 0 bytes, startup_gd32e23x.o(.text))
<BR>[Address Reference Count : 1]<UL><LI> startup_gd32e23x.o(RESET)
</UL>
<P><STRONG><a name="[18]"></a>TIMER15_IRQHandler</STRONG> (Thumb, 0 bytes, Stack size 0 bytes, startup_gd32e23x.o(.text))
<BR>[Address Reference Count : 1]<UL><LI> startup_gd32e23x.o(RESET)
</UL>
<P><STRONG><a name="[19]"></a>TIMER16_IRQHandler</STRONG> (Thumb, 0 bytes, Stack size 0 bytes, startup_gd32e23x.o(.text))
<BR>[Address Reference Count : 1]<UL><LI> startup_gd32e23x.o(RESET)
</UL>
<P><STRONG><a name="[15]"></a>TIMER5_IRQHandler</STRONG> (Thumb, 0 bytes, Stack size 0 bytes, startup_gd32e23x.o(.text))
<BR>[Address Reference Count : 1]<UL><LI> startup_gd32e23x.o(RESET)
</UL>
<P><STRONG><a name="[1f]"></a>USART1_IRQHandler</STRONG> (Thumb, 0 bytes, Stack size 0 bytes, startup_gd32e23x.o(.text))
<BR>[Address Reference Count : 1]<UL><LI> startup_gd32e23x.o(RESET)
</UL>
<P><STRONG><a name="[6]"></a>WWDGT_IRQHandler</STRONG> (Thumb, 0 bytes, Stack size 0 bytes, startup_gd32e23x.o(.text))
<BR>[Address Reference Count : 1]<UL><LI> startup_gd32e23x.o(RESET)
</UL>
<P><STRONG><a name="[78]"></a>__aeabi_fmul</STRONG> (Thumb, 122 bytes, Stack size 16 bytes, fmul.o(.text))
<BR><BR>[Stack]<UL><LI>Max Depth = 16<LI>Call Chain = __aeabi_fmul
</UL>
<BR>[Called By]<UL><LI><a href="#[47]">&gt;&gt;</a>&nbsp;&nbsp;&nbsp;delay_1ms
<LI><a href="#[55]">&gt;&gt;</a>&nbsp;&nbsp;&nbsp;delay_us
<LI><a href="#[4b]">&gt;&gt;</a>&nbsp;&nbsp;&nbsp;delay_1us
<LI><a href="#[7a]">&gt;&gt;</a>&nbsp;&nbsp;&nbsp;delay_ms
<LI><a href="#[8c]">&gt;&gt;</a>&nbsp;&nbsp;&nbsp;systick_config
</UL>

<P><STRONG><a name="[28]"></a>__aeabi_fdiv</STRONG> (Thumb, 124 bytes, Stack size 16 bytes, fdiv.o(.text))
<BR><BR>[Stack]<UL><LI>Max Depth = 16<LI>Call Chain = __aeabi_fdiv
</UL>
<BR>[Calls]<UL><LI><a href="#[29]">&gt;&gt;</a>&nbsp;&nbsp;&nbsp;_float_round
</UL>
<BR>[Called By]<UL><LI><a href="#[8c]">&gt;&gt;</a>&nbsp;&nbsp;&nbsp;systick_config
</UL>

<P><STRONG><a name="[2a]"></a>__aeabi_dmul</STRONG> (Thumb, 202 bytes, Stack size 72 bytes, dmul.o(.text))
<BR><BR>[Stack]<UL><LI>Max Depth = 128<LI>Call Chain = __aeabi_dmul &rArr; _double_epilogue &rArr; __aeabi_llsr
</UL>
<BR>[Calls]<UL><LI><a href="#[2b]">&gt;&gt;</a>&nbsp;&nbsp;&nbsp;_double_epilogue
</UL>
<BR>[Called By]<UL><LI><a href="#[4f]">&gt;&gt;</a>&nbsp;&nbsp;&nbsp;DS18B20_GetTemperture
<LI><a href="#[a7]">&gt;&gt;</a>&nbsp;&nbsp;&nbsp;_fp_digits
</UL>

<P><STRONG><a name="[2c]"></a>__aeabi_ui2f</STRONG> (Thumb, 14 bytes, Stack size 8 bytes, ffltui.o(.text))
<BR><BR>[Stack]<UL><LI>Max Depth = 20<LI>Call Chain = __aeabi_ui2f &rArr; _float_epilogue
</UL>
<BR>[Calls]<UL><LI><a href="#[2d]">&gt;&gt;</a>&nbsp;&nbsp;&nbsp;_float_epilogue
</UL>
<BR>[Called By]<UL><LI><a href="#[47]">&gt;&gt;</a>&nbsp;&nbsp;&nbsp;delay_1ms
<LI><a href="#[55]">&gt;&gt;</a>&nbsp;&nbsp;&nbsp;delay_us
<LI><a href="#[4b]">&gt;&gt;</a>&nbsp;&nbsp;&nbsp;delay_1us
<LI><a href="#[7a]">&gt;&gt;</a>&nbsp;&nbsp;&nbsp;delay_ms
<LI><a href="#[8c]">&gt;&gt;</a>&nbsp;&nbsp;&nbsp;systick_config
</UL>

<P><STRONG><a name="[2e]"></a>__aeabi_i2d</STRONG> (Thumb, 34 bytes, Stack size 16 bytes, dflti.o(.text))
<BR><BR>[Stack]<UL><LI>Max Depth = 72<LI>Call Chain = __aeabi_i2d &rArr; _double_epilogue &rArr; __aeabi_llsr
</UL>
<BR>[Calls]<UL><LI><a href="#[2b]">&gt;&gt;</a>&nbsp;&nbsp;&nbsp;_double_epilogue
</UL>
<BR>[Called By]<UL><LI><a href="#[4f]">&gt;&gt;</a>&nbsp;&nbsp;&nbsp;DS18B20_GetTemperture
</UL>

<P><STRONG><a name="[79]"></a>__aeabi_f2uiz</STRONG> (Thumb, 40 bytes, Stack size 0 bytes, ffixui.o(.text))
<BR><BR>[Called By]<UL><LI><a href="#[47]">&gt;&gt;</a>&nbsp;&nbsp;&nbsp;delay_1ms
<LI><a href="#[55]">&gt;&gt;</a>&nbsp;&nbsp;&nbsp;delay_us
<LI><a href="#[4b]">&gt;&gt;</a>&nbsp;&nbsp;&nbsp;delay_1us
<LI><a href="#[7a]">&gt;&gt;</a>&nbsp;&nbsp;&nbsp;delay_ms
</UL>

<P><STRONG><a name="[92]"></a>__aeabi_f2d</STRONG> (Thumb, 40 bytes, Stack size 0 bytes, f2d.o(.text))
<BR><BR>[Called By]<UL><LI><a href="#[22]">&gt;&gt;</a>&nbsp;&nbsp;&nbsp;main
</UL>

<P><STRONG><a name="[2f]"></a>__aeabi_d2f</STRONG> (Thumb, 56 bytes, Stack size 8 bytes, d2f.o(.text))
<BR><BR>[Stack]<UL><LI>Max Depth = 8<LI>Call Chain = __aeabi_d2f
</UL>
<BR>[Calls]<UL><LI><a href="#[29]">&gt;&gt;</a>&nbsp;&nbsp;&nbsp;_float_round
</UL>
<BR>[Called By]<UL><LI><a href="#[4f]">&gt;&gt;</a>&nbsp;&nbsp;&nbsp;DS18B20_GetTemperture
</UL>

<P><STRONG><a name="[30]"></a>__aeabi_uldivmod</STRONG> (Thumb, 96 bytes, Stack size 48 bytes, uldiv.o(.text), UNUSED)
<BR><BR>[Calls]<UL><LI><a href="#[31]">&gt;&gt;</a>&nbsp;&nbsp;&nbsp;__aeabi_llsr
<LI><a href="#[32]">&gt;&gt;</a>&nbsp;&nbsp;&nbsp;__aeabi_llsl
</UL>
<BR>[Called By]<UL><LI><a href="#[a6]">&gt;&gt;</a>&nbsp;&nbsp;&nbsp;_printf_core
<LI><a href="#[a7]">&gt;&gt;</a>&nbsp;&nbsp;&nbsp;_fp_digits
</UL>

<P><STRONG><a name="[b2]"></a>__I$use$fp</STRONG> (Thumb, 0 bytes, Stack size 0 bytes, iusefp.o(.text), UNUSED)

<P><STRONG><a name="[29]"></a>_float_round</STRONG> (Thumb, 16 bytes, Stack size 0 bytes, fepilogue.o(.text))
<BR><BR>[Called By]<UL><LI><a href="#[2f]">&gt;&gt;</a>&nbsp;&nbsp;&nbsp;__aeabi_d2f
<LI><a href="#[28]">&gt;&gt;</a>&nbsp;&nbsp;&nbsp;__aeabi_fdiv
</UL>

<P><STRONG><a name="[2d]"></a>_float_epilogue</STRONG> (Thumb, 114 bytes, Stack size 12 bytes, fepilogue.o(.text))
<BR><BR>[Stack]<UL><LI>Max Depth = 12<LI>Call Chain = _float_epilogue
</UL>
<BR>[Called By]<UL><LI><a href="#[2c]">&gt;&gt;</a>&nbsp;&nbsp;&nbsp;__aeabi_ui2f
</UL>

<P><STRONG><a name="[34]"></a>_double_round</STRONG> (Thumb, 26 bytes, Stack size 8 bytes, depilogue.o(.text))
<BR><BR>[Stack]<UL><LI>Max Depth = 8<LI>Call Chain = _double_round
</UL>
<BR>[Called By]<UL><LI><a href="#[2b]">&gt;&gt;</a>&nbsp;&nbsp;&nbsp;_double_epilogue
<LI><a href="#[39]">&gt;&gt;</a>&nbsp;&nbsp;&nbsp;__aeabi_ddiv
<LI><a href="#[35]">&gt;&gt;</a>&nbsp;&nbsp;&nbsp;__aeabi_dadd
</UL>

<P><STRONG><a name="[2b]"></a>_double_epilogue</STRONG> (Thumb, 164 bytes, Stack size 48 bytes, depilogue.o(.text))
<BR><BR>[Stack]<UL><LI>Max Depth = 56<LI>Call Chain = _double_epilogue &rArr; __aeabi_llsr
</UL>
<BR>[Calls]<UL><LI><a href="#[31]">&gt;&gt;</a>&nbsp;&nbsp;&nbsp;__aeabi_llsr
<LI><a href="#[32]">&gt;&gt;</a>&nbsp;&nbsp;&nbsp;__aeabi_llsl
<LI><a href="#[33]">&gt;&gt;</a>&nbsp;&nbsp;&nbsp;__ARM_clz
<LI><a href="#[34]">&gt;&gt;</a>&nbsp;&nbsp;&nbsp;_double_round
</UL>
<BR>[Called By]<UL><LI><a href="#[2a]">&gt;&gt;</a>&nbsp;&nbsp;&nbsp;__aeabi_dmul
<LI><a href="#[2e]">&gt;&gt;</a>&nbsp;&nbsp;&nbsp;__aeabi_i2d
<LI><a href="#[35]">&gt;&gt;</a>&nbsp;&nbsp;&nbsp;__aeabi_dadd
</UL>

<P><STRONG><a name="[35]"></a>__aeabi_dadd</STRONG> (Thumb, 328 bytes, Stack size 48 bytes, dadd.o(.text), UNUSED)
<BR><BR>[Calls]<UL><LI><a href="#[36]">&gt;&gt;</a>&nbsp;&nbsp;&nbsp;__aeabi_lasr
<LI><a href="#[32]">&gt;&gt;</a>&nbsp;&nbsp;&nbsp;__aeabi_llsl
<LI><a href="#[34]">&gt;&gt;</a>&nbsp;&nbsp;&nbsp;_double_round
<LI><a href="#[2b]">&gt;&gt;</a>&nbsp;&nbsp;&nbsp;_double_epilogue
</UL>
<BR>[Called By]<UL><LI><a href="#[38]">&gt;&gt;</a>&nbsp;&nbsp;&nbsp;__aeabi_drsub
<LI><a href="#[37]">&gt;&gt;</a>&nbsp;&nbsp;&nbsp;__aeabi_dsub
<LI><a href="#[a7]">&gt;&gt;</a>&nbsp;&nbsp;&nbsp;_fp_digits
</UL>

<P><STRONG><a name="[37]"></a>__aeabi_dsub</STRONG> (Thumb, 12 bytes, Stack size 8 bytes, dadd.o(.text), UNUSED)
<BR><BR>[Calls]<UL><LI><a href="#[35]">&gt;&gt;</a>&nbsp;&nbsp;&nbsp;__aeabi_dadd
</UL>

<P><STRONG><a name="[38]"></a>__aeabi_drsub</STRONG> (Thumb, 12 bytes, Stack size 8 bytes, dadd.o(.text), UNUSED)
<BR><BR>[Calls]<UL><LI><a href="#[35]">&gt;&gt;</a>&nbsp;&nbsp;&nbsp;__aeabi_dadd
</UL>

<P><STRONG><a name="[39]"></a>__aeabi_ddiv</STRONG> (Thumb, 234 bytes, Stack size 40 bytes, ddiv.o(.text), UNUSED)
<BR><BR>[Calls]<UL><LI><a href="#[34]">&gt;&gt;</a>&nbsp;&nbsp;&nbsp;_double_round
</UL>
<BR>[Called By]<UL><LI><a href="#[a7]">&gt;&gt;</a>&nbsp;&nbsp;&nbsp;_fp_digits
</UL>

<P><STRONG><a name="[3a]"></a>__aeabi_d2ulz</STRONG> (Thumb, 54 bytes, Stack size 8 bytes, dfixul.o(.text), UNUSED)
<BR><BR>[Calls]<UL><LI><a href="#[31]">&gt;&gt;</a>&nbsp;&nbsp;&nbsp;__aeabi_llsr
<LI><a href="#[32]">&gt;&gt;</a>&nbsp;&nbsp;&nbsp;__aeabi_llsl
</UL>
<BR>[Called By]<UL><LI><a href="#[a7]">&gt;&gt;</a>&nbsp;&nbsp;&nbsp;_fp_digits
</UL>

<P><STRONG><a name="[a8]"></a>__aeabi_cdrcmple</STRONG> (Thumb, 38 bytes, Stack size 0 bytes, cdrcmple.o(.text), UNUSED)
<BR><BR>[Called By]<UL><LI><a href="#[a7]">&gt;&gt;</a>&nbsp;&nbsp;&nbsp;_fp_digits
</UL>

<P><STRONG><a name="[27]"></a>__scatterload</STRONG> (Thumb, 38 bytes, Stack size 0 bytes, init.o(.text))
<BR><BR>[Calls]<UL><LI><a href="#[3b]">&gt;&gt;</a>&nbsp;&nbsp;&nbsp;__main_after_scatterload
</UL>
<BR>[Called By]<UL><LI><a href="#[26]">&gt;&gt;</a>&nbsp;&nbsp;&nbsp;_main_scatterload
</UL>

<P><STRONG><a name="[b3]"></a>__scatterload_rt2</STRONG> (Thumb, 0 bytes, Stack size 0 bytes, init.o(.text), UNUSED)

<P><STRONG><a name="[b4]"></a>__aeabi_uidiv$div0</STRONG> (Thumb, 0 bytes, Stack size 16 bytes, uidiv_div0.o(.text), UNUSED)

<P><STRONG><a name="[ab]"></a>__aeabi_uidivmod</STRONG> (Thumb, 62 bytes, Stack size 16 bytes, uidiv_div0.o(.text), UNUSED)
<BR><BR>[Called By]<UL><LI><a href="#[a6]">&gt;&gt;</a>&nbsp;&nbsp;&nbsp;_printf_core
</UL>

<P><STRONG><a name="[32]"></a>__aeabi_llsl</STRONG> (Thumb, 32 bytes, Stack size 8 bytes, llshl.o(.text))
<BR><BR>[Stack]<UL><LI>Max Depth = 8<LI>Call Chain = __aeabi_llsl
</UL>
<BR>[Called By]<UL><LI><a href="#[30]">&gt;&gt;</a>&nbsp;&nbsp;&nbsp;__aeabi_uldivmod
<LI><a href="#[2b]">&gt;&gt;</a>&nbsp;&nbsp;&nbsp;_double_epilogue
<LI><a href="#[35]">&gt;&gt;</a>&nbsp;&nbsp;&nbsp;__aeabi_dadd
<LI><a href="#[3a]">&gt;&gt;</a>&nbsp;&nbsp;&nbsp;__aeabi_d2ulz
</UL>

<P><STRONG><a name="[b5]"></a>_ll_shift_l</STRONG> (Thumb, 0 bytes, Stack size 8 bytes, llshl.o(.text), UNUSED)

<P><STRONG><a name="[31]"></a>__aeabi_llsr</STRONG> (Thumb, 34 bytes, Stack size 8 bytes, llushr.o(.text))
<BR><BR>[Stack]<UL><LI>Max Depth = 8<LI>Call Chain = __aeabi_llsr
</UL>
<BR>[Called By]<UL><LI><a href="#[30]">&gt;&gt;</a>&nbsp;&nbsp;&nbsp;__aeabi_uldivmod
<LI><a href="#[2b]">&gt;&gt;</a>&nbsp;&nbsp;&nbsp;_double_epilogue
<LI><a href="#[3a]">&gt;&gt;</a>&nbsp;&nbsp;&nbsp;__aeabi_d2ulz
</UL>

<P><STRONG><a name="[b6]"></a>_ll_ushift_r</STRONG> (Thumb, 0 bytes, Stack size 8 bytes, llushr.o(.text), UNUSED)

<P><STRONG><a name="[36]"></a>__aeabi_lasr</STRONG> (Thumb, 38 bytes, Stack size 8 bytes, llsshr.o(.text), UNUSED)
<BR><BR>[Called By]<UL><LI><a href="#[35]">&gt;&gt;</a>&nbsp;&nbsp;&nbsp;__aeabi_dadd
</UL>

<P><STRONG><a name="[b7]"></a>_ll_sshift_r</STRONG> (Thumb, 0 bytes, Stack size 8 bytes, llsshr.o(.text), UNUSED)

<P><STRONG><a name="[3c]"></a>AT24CXX_Init</STRONG> (Thumb, 8 bytes, Stack size 8 bytes, 24cxx.o(.text.AT24CXX_Init))
<BR><BR>[Stack]<UL><LI>Max Depth = 64<LI>Call Chain = AT24CXX_Init &rArr; IIC_Init &rArr; gpio_output_options_set
</UL>
<BR>[Calls]<UL><LI><a href="#[3d]">&gt;&gt;</a>&nbsp;&nbsp;&nbsp;IIC_Init
</UL>
<BR>[Called By]<UL><LI><a href="#[22]">&gt;&gt;</a>&nbsp;&nbsp;&nbsp;main
</UL>

<P><STRONG><a name="[3e]"></a>AT24CXX_ReadLenByte</STRONG> (Thumb, 90 bytes, Stack size 24 bytes, 24cxx.o(.text.AT24CXX_ReadLenByte))
<BR><BR>[Stack]<UL><LI>Max Depth = 164<LI>Call Chain = AT24CXX_ReadLenByte &rArr; AT24CXX_ReadOneByte &rArr; IIC_Read_Byte &rArr; IIC_NACK &rArr; Delay_us &rArr; delay_1us &rArr; __aeabi_ui2f &rArr; _float_epilogue
</UL>
<BR>[Calls]<UL><LI><a href="#[3f]">&gt;&gt;</a>&nbsp;&nbsp;&nbsp;AT24CXX_ReadOneByte
</UL>
<BR>[Called By]<UL><LI><a href="#[77]">&gt;&gt;</a>&nbsp;&nbsp;&nbsp;calibration_init
</UL>

<P><STRONG><a name="[3f]"></a>AT24CXX_ReadOneByte</STRONG> (Thumb, 92 bytes, Stack size 32 bytes, 24cxx.o(.text.AT24CXX_ReadOneByte))
<BR><BR>[Stack]<UL><LI>Max Depth = 140<LI>Call Chain = AT24CXX_ReadOneByte &rArr; IIC_Read_Byte &rArr; IIC_NACK &rArr; Delay_us &rArr; delay_1us &rArr; __aeabi_ui2f &rArr; _float_epilogue
</UL>
<BR>[Calls]<UL><LI><a href="#[44]">&gt;&gt;</a>&nbsp;&nbsp;&nbsp;IIC_Stop
<LI><a href="#[43]">&gt;&gt;</a>&nbsp;&nbsp;&nbsp;IIC_Read_Byte
<LI><a href="#[42]">&gt;&gt;</a>&nbsp;&nbsp;&nbsp;IIC_Wait_ACK
<LI><a href="#[41]">&gt;&gt;</a>&nbsp;&nbsp;&nbsp;IIC_Send_Byte
<LI><a href="#[40]">&gt;&gt;</a>&nbsp;&nbsp;&nbsp;IIC_Start
</UL>
<BR>[Called By]<UL><LI><a href="#[3e]">&gt;&gt;</a>&nbsp;&nbsp;&nbsp;AT24CXX_ReadLenByte
<LI><a href="#[77]">&gt;&gt;</a>&nbsp;&nbsp;&nbsp;calibration_init
</UL>

<P><STRONG><a name="[45]"></a>AT24CXX_WriteLenByte</STRONG> (Thumb, 74 bytes, Stack size 24 bytes, 24cxx.o(.text.AT24CXX_WriteLenByte))
<BR><BR>[Stack]<UL><LI>Max Depth = 156<LI>Call Chain = AT24CXX_WriteLenByte &rArr; AT24CXX_WriteOneByte &rArr; IIC_Wait_ACK &rArr; IIC_Stop &rArr; Delay_us &rArr; delay_1us &rArr; __aeabi_ui2f &rArr; _float_epilogue
</UL>
<BR>[Calls]<UL><LI><a href="#[46]">&gt;&gt;</a>&nbsp;&nbsp;&nbsp;AT24CXX_WriteOneByte
</UL>
<BR>[Called By]<UL><LI><a href="#[77]">&gt;&gt;</a>&nbsp;&nbsp;&nbsp;calibration_init
</UL>

<P><STRONG><a name="[46]"></a>AT24CXX_WriteOneByte</STRONG> (Thumb, 78 bytes, Stack size 24 bytes, 24cxx.o(.text.AT24CXX_WriteOneByte))
<BR><BR>[Stack]<UL><LI>Max Depth = 132<LI>Call Chain = AT24CXX_WriteOneByte &rArr; IIC_Wait_ACK &rArr; IIC_Stop &rArr; Delay_us &rArr; delay_1us &rArr; __aeabi_ui2f &rArr; _float_epilogue
</UL>
<BR>[Calls]<UL><LI><a href="#[44]">&gt;&gt;</a>&nbsp;&nbsp;&nbsp;IIC_Stop
<LI><a href="#[42]">&gt;&gt;</a>&nbsp;&nbsp;&nbsp;IIC_Wait_ACK
<LI><a href="#[41]">&gt;&gt;</a>&nbsp;&nbsp;&nbsp;IIC_Send_Byte
<LI><a href="#[40]">&gt;&gt;</a>&nbsp;&nbsp;&nbsp;IIC_Start
<LI><a href="#[47]">&gt;&gt;</a>&nbsp;&nbsp;&nbsp;delay_1ms
</UL>
<BR>[Called By]<UL><LI><a href="#[45]">&gt;&gt;</a>&nbsp;&nbsp;&nbsp;AT24CXX_WriteLenByte
<LI><a href="#[77]">&gt;&gt;</a>&nbsp;&nbsp;&nbsp;calibration_init
</UL>

<P><STRONG><a name="[48]"></a>DS18B20_Check</STRONG> (Thumb, 280 bytes, Stack size 56 bytes, bsp_ds18b20.o(.text.DS18B20_Check))
<BR><BR>[Stack]<UL><LI>Max Depth = 100<LI>Call Chain = DS18B20_Check &rArr; delay_1us &rArr; __aeabi_ui2f &rArr; _float_epilogue
</UL>
<BR>[Calls]<UL><LI><a href="#[4a]">&gt;&gt;</a>&nbsp;&nbsp;&nbsp;gpio_bit_write
<LI><a href="#[4c]">&gt;&gt;</a>&nbsp;&nbsp;&nbsp;gpio_input_bit_get
<LI><a href="#[49]">&gt;&gt;</a>&nbsp;&nbsp;&nbsp;gpio_mode_set
<LI><a href="#[4b]">&gt;&gt;</a>&nbsp;&nbsp;&nbsp;delay_1us
</UL>
<BR>[Called By]<UL><LI><a href="#[50]">&gt;&gt;</a>&nbsp;&nbsp;&nbsp;DS18B20_Start
<LI><a href="#[4f]">&gt;&gt;</a>&nbsp;&nbsp;&nbsp;DS18B20_GetTemperture
<LI><a href="#[4d]">&gt;&gt;</a>&nbsp;&nbsp;&nbsp;DS18B20_GPIO_Init
</UL>

<P><STRONG><a name="[4d]"></a>DS18B20_GPIO_Init</STRONG> (Thumb, 58 bytes, Stack size 24 bytes, bsp_ds18b20.o(.text.DS18B20_GPIO_Init))
<BR><BR>[Stack]<UL><LI>Max Depth = 124<LI>Call Chain = DS18B20_GPIO_Init &rArr; DS18B20_Check &rArr; delay_1us &rArr; __aeabi_ui2f &rArr; _float_epilogue
</UL>
<BR>[Calls]<UL><LI><a href="#[48]">&gt;&gt;</a>&nbsp;&nbsp;&nbsp;DS18B20_Check
<LI><a href="#[4e]">&gt;&gt;</a>&nbsp;&nbsp;&nbsp;gpio_output_options_set
<LI><a href="#[49]">&gt;&gt;</a>&nbsp;&nbsp;&nbsp;gpio_mode_set
</UL>
<BR>[Called By]<UL><LI><a href="#[22]">&gt;&gt;</a>&nbsp;&nbsp;&nbsp;main
</UL>

<P><STRONG><a name="[4f]"></a>DS18B20_GetTemperture</STRONG> (Thumb, 140 bytes, Stack size 32 bytes, bsp_ds18b20.o(.text.DS18B20_GetTemperture))
<BR><BR>[Stack]<UL><LI>Max Depth = 160<LI>Call Chain = DS18B20_GetTemperture &rArr; __aeabi_dmul &rArr; _double_epilogue &rArr; __aeabi_llsr
</UL>
<BR>[Calls]<UL><LI><a href="#[2f]">&gt;&gt;</a>&nbsp;&nbsp;&nbsp;__aeabi_d2f
<LI><a href="#[2a]">&gt;&gt;</a>&nbsp;&nbsp;&nbsp;__aeabi_dmul
<LI><a href="#[2e]">&gt;&gt;</a>&nbsp;&nbsp;&nbsp;__aeabi_i2d
<LI><a href="#[50]">&gt;&gt;</a>&nbsp;&nbsp;&nbsp;DS18B20_Start
<LI><a href="#[51]">&gt;&gt;</a>&nbsp;&nbsp;&nbsp;DS18B20_Write_Byte
<LI><a href="#[52]">&gt;&gt;</a>&nbsp;&nbsp;&nbsp;DS18B20_Read_Byte
<LI><a href="#[48]">&gt;&gt;</a>&nbsp;&nbsp;&nbsp;DS18B20_Check
</UL>
<BR>[Called By]<UL><LI><a href="#[22]">&gt;&gt;</a>&nbsp;&nbsp;&nbsp;main
</UL>

<P><STRONG><a name="[52]"></a>DS18B20_Read_Byte</STRONG> (Thumb, 164 bytes, Stack size 32 bytes, bsp_ds18b20.o(.text.DS18B20_Read_Byte))
<BR><BR>[Stack]<UL><LI>Max Depth = 76<LI>Call Chain = DS18B20_Read_Byte &rArr; delay_1us &rArr; __aeabi_ui2f &rArr; _float_epilogue
</UL>
<BR>[Calls]<UL><LI><a href="#[4a]">&gt;&gt;</a>&nbsp;&nbsp;&nbsp;gpio_bit_write
<LI><a href="#[4c]">&gt;&gt;</a>&nbsp;&nbsp;&nbsp;gpio_input_bit_get
<LI><a href="#[49]">&gt;&gt;</a>&nbsp;&nbsp;&nbsp;gpio_mode_set
<LI><a href="#[4b]">&gt;&gt;</a>&nbsp;&nbsp;&nbsp;delay_1us
</UL>
<BR>[Called By]<UL><LI><a href="#[4f]">&gt;&gt;</a>&nbsp;&nbsp;&nbsp;DS18B20_GetTemperture
</UL>

<P><STRONG><a name="[50]"></a>DS18B20_Start</STRONG> (Thumb, 20 bytes, Stack size 8 bytes, bsp_ds18b20.o(.text.DS18B20_Start))
<BR><BR>[Stack]<UL><LI>Max Depth = 108<LI>Call Chain = DS18B20_Start &rArr; DS18B20_Check &rArr; delay_1us &rArr; __aeabi_ui2f &rArr; _float_epilogue
</UL>
<BR>[Calls]<UL><LI><a href="#[51]">&gt;&gt;</a>&nbsp;&nbsp;&nbsp;DS18B20_Write_Byte
<LI><a href="#[48]">&gt;&gt;</a>&nbsp;&nbsp;&nbsp;DS18B20_Check
</UL>
<BR>[Called By]<UL><LI><a href="#[4f]">&gt;&gt;</a>&nbsp;&nbsp;&nbsp;DS18B20_GetTemperture
</UL>

<P><STRONG><a name="[51]"></a>DS18B20_Write_Byte</STRONG> (Thumb, 154 bytes, Stack size 40 bytes, bsp_ds18b20.o(.text.DS18B20_Write_Byte))
<BR><BR>[Stack]<UL><LI>Max Depth = 84<LI>Call Chain = DS18B20_Write_Byte &rArr; delay_1us &rArr; __aeabi_ui2f &rArr; _float_epilogue
</UL>
<BR>[Calls]<UL><LI><a href="#[4a]">&gt;&gt;</a>&nbsp;&nbsp;&nbsp;gpio_bit_write
<LI><a href="#[49]">&gt;&gt;</a>&nbsp;&nbsp;&nbsp;gpio_mode_set
<LI><a href="#[4b]">&gt;&gt;</a>&nbsp;&nbsp;&nbsp;delay_1us
</UL>
<BR>[Called By]<UL><LI><a href="#[50]">&gt;&gt;</a>&nbsp;&nbsp;&nbsp;DS18B20_Start
<LI><a href="#[4f]">&gt;&gt;</a>&nbsp;&nbsp;&nbsp;DS18B20_GetTemperture
</UL>

<P><STRONG><a name="[53]"></a>Delay_us</STRONG> (Thumb, 16 bytes, Stack size 16 bytes, iic.o(.text.Delay_us))
<BR><BR>[Stack]<UL><LI>Max Depth = 60<LI>Call Chain = Delay_us &rArr; delay_1us &rArr; __aeabi_ui2f &rArr; _float_epilogue
</UL>
<BR>[Calls]<UL><LI><a href="#[4b]">&gt;&gt;</a>&nbsp;&nbsp;&nbsp;delay_1us
</UL>
<BR>[Called By]<UL><LI><a href="#[5f]">&gt;&gt;</a>&nbsp;&nbsp;&nbsp;IIC_NACK
<LI><a href="#[5b]">&gt;&gt;</a>&nbsp;&nbsp;&nbsp;IIC_ACK
<LI><a href="#[44]">&gt;&gt;</a>&nbsp;&nbsp;&nbsp;IIC_Stop
<LI><a href="#[43]">&gt;&gt;</a>&nbsp;&nbsp;&nbsp;IIC_Read_Byte
<LI><a href="#[42]">&gt;&gt;</a>&nbsp;&nbsp;&nbsp;IIC_Wait_ACK
<LI><a href="#[41]">&gt;&gt;</a>&nbsp;&nbsp;&nbsp;IIC_Send_Byte
<LI><a href="#[40]">&gt;&gt;</a>&nbsp;&nbsp;&nbsp;IIC_Start
</UL>

<P><STRONG><a name="[2]"></a>HardFault_Handler</STRONG> (Thumb, 4 bytes, Stack size 0 bytes, gd32e23x_it.o(.text.HardFault_Handler))
<BR>[Address Reference Count : 1]<UL><LI> startup_gd32e23x.o(RESET)
</UL>
<P><STRONG><a name="[54]"></a>IIC2_Read_Byte</STRONG> (Thumb, 148 bytes, Stack size 32 bytes, sgp30.o(.text.IIC2_Read_Byte))
<BR><BR>[Stack]<UL><LI>Max Depth = 76<LI>Call Chain = IIC2_Read_Byte &rArr; delay_us &rArr; __aeabi_ui2f &rArr; _float_epilogue
</UL>
<BR>[Calls]<UL><LI><a href="#[4a]">&gt;&gt;</a>&nbsp;&nbsp;&nbsp;gpio_bit_write
<LI><a href="#[4c]">&gt;&gt;</a>&nbsp;&nbsp;&nbsp;gpio_input_bit_get
<LI><a href="#[49]">&gt;&gt;</a>&nbsp;&nbsp;&nbsp;gpio_mode_set
<LI><a href="#[55]">&gt;&gt;</a>&nbsp;&nbsp;&nbsp;delay_us
</UL>
<BR>[Called By]<UL><LI><a href="#[66]">&gt;&gt;</a>&nbsp;&nbsp;&nbsp;SGP30_Read
</UL>

<P><STRONG><a name="[56]"></a>IIC2_Send_Ack</STRONG> (Thumb, 132 bytes, Stack size 40 bytes, sgp30.o(.text.IIC2_Send_Ack))
<BR><BR>[Stack]<UL><LI>Max Depth = 84<LI>Call Chain = IIC2_Send_Ack &rArr; delay_us &rArr; __aeabi_ui2f &rArr; _float_epilogue
</UL>
<BR>[Calls]<UL><LI><a href="#[4a]">&gt;&gt;</a>&nbsp;&nbsp;&nbsp;gpio_bit_write
<LI><a href="#[49]">&gt;&gt;</a>&nbsp;&nbsp;&nbsp;gpio_mode_set
<LI><a href="#[55]">&gt;&gt;</a>&nbsp;&nbsp;&nbsp;delay_us
</UL>
<BR>[Called By]<UL><LI><a href="#[66]">&gt;&gt;</a>&nbsp;&nbsp;&nbsp;SGP30_Read
</UL>

<P><STRONG><a name="[57]"></a>IIC2_Send_Byte</STRONG> (Thumb, 136 bytes, Stack size 48 bytes, sgp30.o(.text.IIC2_Send_Byte))
<BR><BR>[Stack]<UL><LI>Max Depth = 92<LI>Call Chain = IIC2_Send_Byte &rArr; delay_us &rArr; __aeabi_ui2f &rArr; _float_epilogue
</UL>
<BR>[Calls]<UL><LI><a href="#[4a]">&gt;&gt;</a>&nbsp;&nbsp;&nbsp;gpio_bit_write
<LI><a href="#[49]">&gt;&gt;</a>&nbsp;&nbsp;&nbsp;gpio_mode_set
<LI><a href="#[55]">&gt;&gt;</a>&nbsp;&nbsp;&nbsp;delay_us
</UL>
<BR>[Called By]<UL><LI><a href="#[66]">&gt;&gt;</a>&nbsp;&nbsp;&nbsp;SGP30_Read
<LI><a href="#[65]">&gt;&gt;</a>&nbsp;&nbsp;&nbsp;SGP30_Write_cmd
</UL>

<P><STRONG><a name="[58]"></a>IIC2_Start</STRONG> (Thumb, 96 bytes, Stack size 32 bytes, sgp30.o(.text.IIC2_Start))
<BR><BR>[Stack]<UL><LI>Max Depth = 76<LI>Call Chain = IIC2_Start &rArr; delay_us &rArr; __aeabi_ui2f &rArr; _float_epilogue
</UL>
<BR>[Calls]<UL><LI><a href="#[4a]">&gt;&gt;</a>&nbsp;&nbsp;&nbsp;gpio_bit_write
<LI><a href="#[49]">&gt;&gt;</a>&nbsp;&nbsp;&nbsp;gpio_mode_set
<LI><a href="#[55]">&gt;&gt;</a>&nbsp;&nbsp;&nbsp;delay_us
</UL>
<BR>[Called By]<UL><LI><a href="#[66]">&gt;&gt;</a>&nbsp;&nbsp;&nbsp;SGP30_Read
<LI><a href="#[65]">&gt;&gt;</a>&nbsp;&nbsp;&nbsp;SGP30_Write_cmd
</UL>

<P><STRONG><a name="[59]"></a>IIC2_Stop</STRONG> (Thumb, 84 bytes, Stack size 32 bytes, sgp30.o(.text.IIC2_Stop))
<BR><BR>[Stack]<UL><LI>Max Depth = 76<LI>Call Chain = IIC2_Stop &rArr; delay_us &rArr; __aeabi_ui2f &rArr; _float_epilogue
</UL>
<BR>[Calls]<UL><LI><a href="#[4a]">&gt;&gt;</a>&nbsp;&nbsp;&nbsp;gpio_bit_write
<LI><a href="#[49]">&gt;&gt;</a>&nbsp;&nbsp;&nbsp;gpio_mode_set
<LI><a href="#[55]">&gt;&gt;</a>&nbsp;&nbsp;&nbsp;delay_us
</UL>
<BR>[Called By]<UL><LI><a href="#[66]">&gt;&gt;</a>&nbsp;&nbsp;&nbsp;SGP30_Read
<LI><a href="#[65]">&gt;&gt;</a>&nbsp;&nbsp;&nbsp;SGP30_Write_cmd
<LI><a href="#[5a]">&gt;&gt;</a>&nbsp;&nbsp;&nbsp;IIC2_WaitAck
</UL>

<P><STRONG><a name="[5a]"></a>IIC2_WaitAck</STRONG> (Thumb, 204 bytes, Stack size 56 bytes, sgp30.o(.text.IIC2_WaitAck))
<BR><BR>[Stack]<UL><LI>Max Depth = 132<LI>Call Chain = IIC2_WaitAck &rArr; IIC2_Stop &rArr; delay_us &rArr; __aeabi_ui2f &rArr; _float_epilogue
</UL>
<BR>[Calls]<UL><LI><a href="#[59]">&gt;&gt;</a>&nbsp;&nbsp;&nbsp;IIC2_Stop
<LI><a href="#[4a]">&gt;&gt;</a>&nbsp;&nbsp;&nbsp;gpio_bit_write
<LI><a href="#[4c]">&gt;&gt;</a>&nbsp;&nbsp;&nbsp;gpio_input_bit_get
<LI><a href="#[49]">&gt;&gt;</a>&nbsp;&nbsp;&nbsp;gpio_mode_set
<LI><a href="#[55]">&gt;&gt;</a>&nbsp;&nbsp;&nbsp;delay_us
</UL>
<BR>[Called By]<UL><LI><a href="#[66]">&gt;&gt;</a>&nbsp;&nbsp;&nbsp;SGP30_Read
<LI><a href="#[65]">&gt;&gt;</a>&nbsp;&nbsp;&nbsp;SGP30_Write_cmd
</UL>

<P><STRONG><a name="[5b]"></a>IIC_ACK</STRONG> (Thumb, 64 bytes, Stack size 24 bytes, iic.o(.text.IIC_ACK))
<BR><BR>[Stack]<UL><LI>Max Depth = 84<LI>Call Chain = IIC_ACK &rArr; Delay_us &rArr; delay_1us &rArr; __aeabi_ui2f &rArr; _float_epilogue
</UL>
<BR>[Calls]<UL><LI><a href="#[5d]">&gt;&gt;</a>&nbsp;&nbsp;&nbsp;iic_write_sda
<LI><a href="#[5c]">&gt;&gt;</a>&nbsp;&nbsp;&nbsp;iic_write_scl
<LI><a href="#[53]">&gt;&gt;</a>&nbsp;&nbsp;&nbsp;Delay_us
<LI><a href="#[49]">&gt;&gt;</a>&nbsp;&nbsp;&nbsp;gpio_mode_set
</UL>
<BR>[Called By]<UL><LI><a href="#[43]">&gt;&gt;</a>&nbsp;&nbsp;&nbsp;IIC_Read_Byte
</UL>

<P><STRONG><a name="[3d]"></a>IIC_Init</STRONG> (Thumb, 82 bytes, Stack size 24 bytes, iic.o(.text.IIC_Init))
<BR><BR>[Stack]<UL><LI>Max Depth = 56<LI>Call Chain = IIC_Init &rArr; gpio_output_options_set
</UL>
<BR>[Calls]<UL><LI><a href="#[4e]">&gt;&gt;</a>&nbsp;&nbsp;&nbsp;gpio_output_options_set
<LI><a href="#[49]">&gt;&gt;</a>&nbsp;&nbsp;&nbsp;gpio_mode_set
<LI><a href="#[5e]">&gt;&gt;</a>&nbsp;&nbsp;&nbsp;gpio_bit_set
</UL>
<BR>[Called By]<UL><LI><a href="#[3c]">&gt;&gt;</a>&nbsp;&nbsp;&nbsp;AT24CXX_Init
</UL>

<P><STRONG><a name="[5f]"></a>IIC_NACK</STRONG> (Thumb, 64 bytes, Stack size 24 bytes, iic.o(.text.IIC_NACK))
<BR><BR>[Stack]<UL><LI>Max Depth = 84<LI>Call Chain = IIC_NACK &rArr; Delay_us &rArr; delay_1us &rArr; __aeabi_ui2f &rArr; _float_epilogue
</UL>
<BR>[Calls]<UL><LI><a href="#[5d]">&gt;&gt;</a>&nbsp;&nbsp;&nbsp;iic_write_sda
<LI><a href="#[5c]">&gt;&gt;</a>&nbsp;&nbsp;&nbsp;iic_write_scl
<LI><a href="#[53]">&gt;&gt;</a>&nbsp;&nbsp;&nbsp;Delay_us
<LI><a href="#[49]">&gt;&gt;</a>&nbsp;&nbsp;&nbsp;gpio_mode_set
</UL>
<BR>[Called By]<UL><LI><a href="#[43]">&gt;&gt;</a>&nbsp;&nbsp;&nbsp;IIC_Read_Byte
</UL>

<P><STRONG><a name="[43]"></a>IIC_Read_Byte</STRONG> (Thumb, 136 bytes, Stack size 24 bytes, iic.o(.text.IIC_Read_Byte))
<BR><BR>[Stack]<UL><LI>Max Depth = 108<LI>Call Chain = IIC_Read_Byte &rArr; IIC_NACK &rArr; Delay_us &rArr; delay_1us &rArr; __aeabi_ui2f &rArr; _float_epilogue
</UL>
<BR>[Calls]<UL><LI><a href="#[5f]">&gt;&gt;</a>&nbsp;&nbsp;&nbsp;IIC_NACK
<LI><a href="#[5b]">&gt;&gt;</a>&nbsp;&nbsp;&nbsp;IIC_ACK
<LI><a href="#[60]">&gt;&gt;</a>&nbsp;&nbsp;&nbsp;iic_read_sda
<LI><a href="#[5c]">&gt;&gt;</a>&nbsp;&nbsp;&nbsp;iic_write_scl
<LI><a href="#[53]">&gt;&gt;</a>&nbsp;&nbsp;&nbsp;Delay_us
<LI><a href="#[49]">&gt;&gt;</a>&nbsp;&nbsp;&nbsp;gpio_mode_set
</UL>
<BR>[Called By]<UL><LI><a href="#[3f]">&gt;&gt;</a>&nbsp;&nbsp;&nbsp;AT24CXX_ReadOneByte
</UL>

<P><STRONG><a name="[41]"></a>IIC_Send_Byte</STRONG> (Thumb, 138 bytes, Stack size 32 bytes, iic.o(.text.IIC_Send_Byte))
<BR><BR>[Stack]<UL><LI>Max Depth = 92<LI>Call Chain = IIC_Send_Byte &rArr; Delay_us &rArr; delay_1us &rArr; __aeabi_ui2f &rArr; _float_epilogue
</UL>
<BR>[Calls]<UL><LI><a href="#[5d]">&gt;&gt;</a>&nbsp;&nbsp;&nbsp;iic_write_sda
<LI><a href="#[5c]">&gt;&gt;</a>&nbsp;&nbsp;&nbsp;iic_write_scl
<LI><a href="#[53]">&gt;&gt;</a>&nbsp;&nbsp;&nbsp;Delay_us
<LI><a href="#[49]">&gt;&gt;</a>&nbsp;&nbsp;&nbsp;gpio_mode_set
</UL>
<BR>[Called By]<UL><LI><a href="#[46]">&gt;&gt;</a>&nbsp;&nbsp;&nbsp;AT24CXX_WriteOneByte
<LI><a href="#[3f]">&gt;&gt;</a>&nbsp;&nbsp;&nbsp;AT24CXX_ReadOneByte
</UL>

<P><STRONG><a name="[40]"></a>IIC_Start</STRONG> (Thumb, 64 bytes, Stack size 24 bytes, iic.o(.text.IIC_Start))
<BR><BR>[Stack]<UL><LI>Max Depth = 84<LI>Call Chain = IIC_Start &rArr; Delay_us &rArr; delay_1us &rArr; __aeabi_ui2f &rArr; _float_epilogue
</UL>
<BR>[Calls]<UL><LI><a href="#[5d]">&gt;&gt;</a>&nbsp;&nbsp;&nbsp;iic_write_sda
<LI><a href="#[5c]">&gt;&gt;</a>&nbsp;&nbsp;&nbsp;iic_write_scl
<LI><a href="#[53]">&gt;&gt;</a>&nbsp;&nbsp;&nbsp;Delay_us
<LI><a href="#[49]">&gt;&gt;</a>&nbsp;&nbsp;&nbsp;gpio_mode_set
</UL>
<BR>[Called By]<UL><LI><a href="#[46]">&gt;&gt;</a>&nbsp;&nbsp;&nbsp;AT24CXX_WriteOneByte
<LI><a href="#[3f]">&gt;&gt;</a>&nbsp;&nbsp;&nbsp;AT24CXX_ReadOneByte
</UL>

<P><STRONG><a name="[44]"></a>IIC_Stop</STRONG> (Thumb, 64 bytes, Stack size 24 bytes, iic.o(.text.IIC_Stop))
<BR><BR>[Stack]<UL><LI>Max Depth = 84<LI>Call Chain = IIC_Stop &rArr; Delay_us &rArr; delay_1us &rArr; __aeabi_ui2f &rArr; _float_epilogue
</UL>
<BR>[Calls]<UL><LI><a href="#[5d]">&gt;&gt;</a>&nbsp;&nbsp;&nbsp;iic_write_sda
<LI><a href="#[5c]">&gt;&gt;</a>&nbsp;&nbsp;&nbsp;iic_write_scl
<LI><a href="#[53]">&gt;&gt;</a>&nbsp;&nbsp;&nbsp;Delay_us
<LI><a href="#[49]">&gt;&gt;</a>&nbsp;&nbsp;&nbsp;gpio_mode_set
</UL>
<BR>[Called By]<UL><LI><a href="#[42]">&gt;&gt;</a>&nbsp;&nbsp;&nbsp;IIC_Wait_ACK
<LI><a href="#[46]">&gt;&gt;</a>&nbsp;&nbsp;&nbsp;AT24CXX_WriteOneByte
<LI><a href="#[3f]">&gt;&gt;</a>&nbsp;&nbsp;&nbsp;AT24CXX_ReadOneByte
</UL>

<P><STRONG><a name="[42]"></a>IIC_Wait_ACK</STRONG> (Thumb, 112 bytes, Stack size 24 bytes, iic.o(.text.IIC_Wait_ACK))
<BR><BR>[Stack]<UL><LI>Max Depth = 108<LI>Call Chain = IIC_Wait_ACK &rArr; IIC_Stop &rArr; Delay_us &rArr; delay_1us &rArr; __aeabi_ui2f &rArr; _float_epilogue
</UL>
<BR>[Calls]<UL><LI><a href="#[60]">&gt;&gt;</a>&nbsp;&nbsp;&nbsp;iic_read_sda
<LI><a href="#[5d]">&gt;&gt;</a>&nbsp;&nbsp;&nbsp;iic_write_sda
<LI><a href="#[5c]">&gt;&gt;</a>&nbsp;&nbsp;&nbsp;iic_write_scl
<LI><a href="#[53]">&gt;&gt;</a>&nbsp;&nbsp;&nbsp;Delay_us
<LI><a href="#[44]">&gt;&gt;</a>&nbsp;&nbsp;&nbsp;IIC_Stop
<LI><a href="#[49]">&gt;&gt;</a>&nbsp;&nbsp;&nbsp;gpio_mode_set
</UL>
<BR>[Called By]<UL><LI><a href="#[46]">&gt;&gt;</a>&nbsp;&nbsp;&nbsp;AT24CXX_WriteOneByte
<LI><a href="#[3f]">&gt;&gt;</a>&nbsp;&nbsp;&nbsp;AT24CXX_ReadOneByte
</UL>

<P><STRONG><a name="[1]"></a>NMI_Handler</STRONG> (Thumb, 2 bytes, Stack size 0 bytes, gd32e23x_it.o(.text.NMI_Handler))
<BR>[Address Reference Count : 1]<UL><LI> startup_gd32e23x.o(RESET)
</UL>
<P><STRONG><a name="[4]"></a>PendSV_Handler</STRONG> (Thumb, 2 bytes, Stack size 0 bytes, gd32e23x_it.o(.text.PendSV_Handler))
<BR>[Address Reference Count : 1]<UL><LI> startup_gd32e23x.o(RESET)
</UL>
<P><STRONG><a name="[61]"></a>RS485_init_data</STRONG> (Thumb, 100 bytes, Stack size 16 bytes, porg_rs485.o(.text.RS485_init_data))
<BR><BR>[Stack]<UL><LI>Max Depth = 24<LI>Call Chain = RS485_init_data &rArr; gpio_bit_reset
</UL>
<BR>[Calls]<UL><LI><a href="#[62]">&gt;&gt;</a>&nbsp;&nbsp;&nbsp;gpio_bit_reset
</UL>
<BR>[Called By]<UL><LI><a href="#[22]">&gt;&gt;</a>&nbsp;&nbsp;&nbsp;main
</UL>

<P><STRONG><a name="[63]"></a>SGP30_GPIO_Init</STRONG> (Thumb, 64 bytes, Stack size 24 bytes, sgp30.o(.text.SGP30_GPIO_Init))
<BR><BR>[Stack]<UL><LI>Max Depth = 56<LI>Call Chain = SGP30_GPIO_Init &rArr; gpio_output_options_set
</UL>
<BR>[Calls]<UL><LI><a href="#[4e]">&gt;&gt;</a>&nbsp;&nbsp;&nbsp;gpio_output_options_set
<LI><a href="#[49]">&gt;&gt;</a>&nbsp;&nbsp;&nbsp;gpio_mode_set
</UL>
<BR>[Called By]<UL><LI><a href="#[67]">&gt;&gt;</a>&nbsp;&nbsp;&nbsp;SGP30_Init
</UL>

<P><STRONG><a name="[64]"></a>SGP30_Get_Value</STRONG> (Thumb, 36 bytes, Stack size 16 bytes, sgp30.o(.text.SGP30_Get_Value))
<BR><BR>[Stack]<UL><LI>Max Depth = 172<LI>Call Chain = SGP30_Get_Value &rArr; SGP30_Read &rArr; IIC2_WaitAck &rArr; IIC2_Stop &rArr; delay_us &rArr; __aeabi_ui2f &rArr; _float_epilogue
</UL>
<BR>[Calls]<UL><LI><a href="#[66]">&gt;&gt;</a>&nbsp;&nbsp;&nbsp;SGP30_Read
<LI><a href="#[65]">&gt;&gt;</a>&nbsp;&nbsp;&nbsp;SGP30_Write_cmd
</UL>
<BR>[Called By]<UL><LI><a href="#[22]">&gt;&gt;</a>&nbsp;&nbsp;&nbsp;main
</UL>

<P><STRONG><a name="[67]"></a>SGP30_Init</STRONG> (Thumb, 16 bytes, Stack size 8 bytes, sgp30.o(.text.SGP30_Init))
<BR><BR>[Stack]<UL><LI>Max Depth = 164<LI>Call Chain = SGP30_Init &rArr; SGP30_Write_cmd &rArr; IIC2_WaitAck &rArr; IIC2_Stop &rArr; delay_us &rArr; __aeabi_ui2f &rArr; _float_epilogue
</UL>
<BR>[Calls]<UL><LI><a href="#[65]">&gt;&gt;</a>&nbsp;&nbsp;&nbsp;SGP30_Write_cmd
<LI><a href="#[63]">&gt;&gt;</a>&nbsp;&nbsp;&nbsp;SGP30_GPIO_Init
</UL>
<BR>[Called By]<UL><LI><a href="#[22]">&gt;&gt;</a>&nbsp;&nbsp;&nbsp;main
</UL>

<P><STRONG><a name="[66]"></a>SGP30_Read</STRONG> (Thumb, 130 bytes, Stack size 24 bytes, sgp30.o(.text.SGP30_Read))
<BR><BR>[Stack]<UL><LI>Max Depth = 156<LI>Call Chain = SGP30_Read &rArr; IIC2_WaitAck &rArr; IIC2_Stop &rArr; delay_us &rArr; __aeabi_ui2f &rArr; _float_epilogue
</UL>
<BR>[Calls]<UL><LI><a href="#[54]">&gt;&gt;</a>&nbsp;&nbsp;&nbsp;IIC2_Read_Byte
<LI><a href="#[57]">&gt;&gt;</a>&nbsp;&nbsp;&nbsp;IIC2_Send_Byte
<LI><a href="#[5a]">&gt;&gt;</a>&nbsp;&nbsp;&nbsp;IIC2_WaitAck
<LI><a href="#[56]">&gt;&gt;</a>&nbsp;&nbsp;&nbsp;IIC2_Send_Ack
<LI><a href="#[59]">&gt;&gt;</a>&nbsp;&nbsp;&nbsp;IIC2_Stop
<LI><a href="#[58]">&gt;&gt;</a>&nbsp;&nbsp;&nbsp;IIC2_Start
</UL>
<BR>[Called By]<UL><LI><a href="#[64]">&gt;&gt;</a>&nbsp;&nbsp;&nbsp;SGP30_Get_Value
</UL>

<P><STRONG><a name="[65]"></a>SGP30_Write_cmd</STRONG> (Thumb, 68 bytes, Stack size 24 bytes, sgp30.o(.text.SGP30_Write_cmd))
<BR><BR>[Stack]<UL><LI>Max Depth = 156<LI>Call Chain = SGP30_Write_cmd &rArr; IIC2_WaitAck &rArr; IIC2_Stop &rArr; delay_us &rArr; __aeabi_ui2f &rArr; _float_epilogue
</UL>
<BR>[Calls]<UL><LI><a href="#[57]">&gt;&gt;</a>&nbsp;&nbsp;&nbsp;IIC2_Send_Byte
<LI><a href="#[5a]">&gt;&gt;</a>&nbsp;&nbsp;&nbsp;IIC2_WaitAck
<LI><a href="#[59]">&gt;&gt;</a>&nbsp;&nbsp;&nbsp;IIC2_Stop
<LI><a href="#[58]">&gt;&gt;</a>&nbsp;&nbsp;&nbsp;IIC2_Start
<LI><a href="#[47]">&gt;&gt;</a>&nbsp;&nbsp;&nbsp;delay_1ms
</UL>
<BR>[Called By]<UL><LI><a href="#[64]">&gt;&gt;</a>&nbsp;&nbsp;&nbsp;SGP30_Get_Value
<LI><a href="#[67]">&gt;&gt;</a>&nbsp;&nbsp;&nbsp;SGP30_Init
</UL>

<P><STRONG><a name="[3]"></a>SVC_Handler</STRONG> (Thumb, 2 bytes, Stack size 0 bytes, gd32e23x_it.o(.text.SVC_Handler))
<BR>[Address Reference Count : 1]<UL><LI> startup_gd32e23x.o(RESET)
</UL>
<P><STRONG><a name="[5]"></a>SysTick_Handler</STRONG> (Thumb, 2 bytes, Stack size 0 bytes, gd32e23x_it.o(.text.SysTick_Handler))
<BR>[Address Reference Count : 1]<UL><LI> startup_gd32e23x.o(RESET)
</UL>
<P><STRONG><a name="[23]"></a>SystemInit</STRONG> (Thumb, 136 bytes, Stack size 16 bytes, system_gd32e23x.o(.text.SystemInit))
<BR><BR>[Stack]<UL><LI>Max Depth = 40<LI>Call Chain = SystemInit &rArr; system_clock_config &rArr; system_clock_72m_hxtal
</UL>
<BR>[Calls]<UL><LI><a href="#[69]">&gt;&gt;</a>&nbsp;&nbsp;&nbsp;nvic_vector_table_set
<LI><a href="#[68]">&gt;&gt;</a>&nbsp;&nbsp;&nbsp;system_clock_config
</UL>
<BR>[Address Reference Count : 1]<UL><LI> startup_gd32e23x.o(.text)
</UL>
<P><STRONG><a name="[14]"></a>TIMER2_IRQHandler</STRONG> (Thumb, 164 bytes, Stack size 16 bytes, main.o(.text.TIMER2_IRQHandler))
<BR><BR>[Stack]<UL><LI>Max Depth = 32<LI>Call Chain = TIMER2_IRQHandler &rArr; timer_interrupt_flag_get
</UL>
<BR>[Calls]<UL><LI><a href="#[6b]">&gt;&gt;</a>&nbsp;&nbsp;&nbsp;timer_interrupt_flag_clear
<LI><a href="#[62]">&gt;&gt;</a>&nbsp;&nbsp;&nbsp;gpio_bit_reset
<LI><a href="#[5e]">&gt;&gt;</a>&nbsp;&nbsp;&nbsp;gpio_bit_set
<LI><a href="#[6a]">&gt;&gt;</a>&nbsp;&nbsp;&nbsp;timer_interrupt_flag_get
</UL>
<BR>[Address Reference Count : 1]<UL><LI> startup_gd32e23x.o(RESET)
</UL>
<P><STRONG><a name="[1e]"></a>USART0_IRQHandler</STRONG> (Thumb, 32 bytes, Stack size 8 bytes, main.o(.text.USART0_IRQHandler))
<BR><BR>[Stack]<UL><LI>Max Depth = 36<LI>Call Chain = USART0_IRQHandler &rArr; usart_interrupt_flag_get
</UL>
<BR>[Calls]<UL><LI><a href="#[6e]">&gt;&gt;</a>&nbsp;&nbsp;&nbsp;int_RX
<LI><a href="#[6d]">&gt;&gt;</a>&nbsp;&nbsp;&nbsp;usart_interrupt_flag_clear
<LI><a href="#[6c]">&gt;&gt;</a>&nbsp;&nbsp;&nbsp;usart_interrupt_flag_get
</UL>
<BR>[Address Reference Count : 1]<UL><LI> startup_gd32e23x.o(RESET)
</UL>
<P><STRONG><a name="[75]"></a>adc_calibration_enable</STRONG> (Thumb, 56 bytes, Stack size 0 bytes, gd32e23x_adc.o(.text.adc_calibration_enable))
<BR><BR>[Called By]<UL><LI><a href="#[6f]">&gt;&gt;</a>&nbsp;&nbsp;&nbsp;adc_config
</UL>

<P><STRONG><a name="[70]"></a>adc_channel_length_config</STRONG> (Thumb, 96 bytes, Stack size 12 bytes, gd32e23x_adc.o(.text.adc_channel_length_config))
<BR><BR>[Stack]<UL><LI>Max Depth = 12<LI>Call Chain = adc_channel_length_config
</UL>
<BR>[Called By]<UL><LI><a href="#[6f]">&gt;&gt;</a>&nbsp;&nbsp;&nbsp;adc_config
</UL>

<P><STRONG><a name="[6f]"></a>adc_config</STRONG> (Thumb, 78 bytes, Stack size 16 bytes, adc.o(.text.adc_config))
<BR><BR>[Stack]<UL><LI>Max Depth = 60<LI>Call Chain = adc_config &rArr; delay_1ms &rArr; __aeabi_ui2f &rArr; _float_epilogue
</UL>
<BR>[Calls]<UL><LI><a href="#[76]">&gt;&gt;</a>&nbsp;&nbsp;&nbsp;adc_software_trigger_enable
<LI><a href="#[75]">&gt;&gt;</a>&nbsp;&nbsp;&nbsp;adc_calibration_enable
<LI><a href="#[74]">&gt;&gt;</a>&nbsp;&nbsp;&nbsp;adc_enable
<LI><a href="#[73]">&gt;&gt;</a>&nbsp;&nbsp;&nbsp;adc_data_alignment_config
<LI><a href="#[72]">&gt;&gt;</a>&nbsp;&nbsp;&nbsp;adc_external_trigger_source_config
<LI><a href="#[71]">&gt;&gt;</a>&nbsp;&nbsp;&nbsp;adc_external_trigger_config
<LI><a href="#[70]">&gt;&gt;</a>&nbsp;&nbsp;&nbsp;adc_channel_length_config
<LI><a href="#[49]">&gt;&gt;</a>&nbsp;&nbsp;&nbsp;gpio_mode_set
<LI><a href="#[47]">&gt;&gt;</a>&nbsp;&nbsp;&nbsp;delay_1ms
</UL>
<BR>[Called By]<UL><LI><a href="#[22]">&gt;&gt;</a>&nbsp;&nbsp;&nbsp;main
</UL>

<P><STRONG><a name="[73]"></a>adc_data_alignment_config</STRONG> (Thumb, 44 bytes, Stack size 4 bytes, gd32e23x_adc.o(.text.adc_data_alignment_config))
<BR><BR>[Stack]<UL><LI>Max Depth = 4<LI>Call Chain = adc_data_alignment_config
</UL>
<BR>[Called By]<UL><LI><a href="#[6f]">&gt;&gt;</a>&nbsp;&nbsp;&nbsp;adc_config
</UL>

<P><STRONG><a name="[74]"></a>adc_enable</STRONG> (Thumb, 24 bytes, Stack size 0 bytes, gd32e23x_adc.o(.text.adc_enable))
<BR><BR>[Called By]<UL><LI><a href="#[6f]">&gt;&gt;</a>&nbsp;&nbsp;&nbsp;adc_config
</UL>

<P><STRONG><a name="[71]"></a>adc_external_trigger_config</STRONG> (Thumb, 124 bytes, Stack size 8 bytes, gd32e23x_adc.o(.text.adc_external_trigger_config))
<BR><BR>[Stack]<UL><LI>Max Depth = 8<LI>Call Chain = adc_external_trigger_config
</UL>
<BR>[Called By]<UL><LI><a href="#[6f]">&gt;&gt;</a>&nbsp;&nbsp;&nbsp;adc_config
</UL>

<P><STRONG><a name="[72]"></a>adc_external_trigger_source_config</STRONG> (Thumb, 80 bytes, Stack size 12 bytes, gd32e23x_adc.o(.text.adc_external_trigger_source_config))
<BR><BR>[Stack]<UL><LI>Max Depth = 12<LI>Call Chain = adc_external_trigger_source_config
</UL>
<BR>[Called By]<UL><LI><a href="#[6f]">&gt;&gt;</a>&nbsp;&nbsp;&nbsp;adc_config
</UL>

<P><STRONG><a name="[87]"></a>adc_flag_clear</STRONG> (Thumb, 20 bytes, Stack size 4 bytes, gd32e23x_adc.o(.text.adc_flag_clear))
<BR><BR>[Stack]<UL><LI>Max Depth = 4<LI>Call Chain = adc_flag_clear
</UL>
<BR>[Called By]<UL><LI><a href="#[84]">&gt;&gt;</a>&nbsp;&nbsp;&nbsp;get_adc
</UL>

<P><STRONG><a name="[86]"></a>adc_flag_get</STRONG> (Thumb, 40 bytes, Stack size 8 bytes, gd32e23x_adc.o(.text.adc_flag_get))
<BR><BR>[Stack]<UL><LI>Max Depth = 8<LI>Call Chain = adc_flag_get
</UL>
<BR>[Called By]<UL><LI><a href="#[84]">&gt;&gt;</a>&nbsp;&nbsp;&nbsp;get_adc
</UL>

<P><STRONG><a name="[85]"></a>adc_regular_channel_config</STRONG> (Thumb, 328 bytes, Stack size 28 bytes, gd32e23x_adc.o(.text.adc_regular_channel_config))
<BR><BR>[Stack]<UL><LI>Max Depth = 28<LI>Call Chain = adc_regular_channel_config
</UL>
<BR>[Called By]<UL><LI><a href="#[84]">&gt;&gt;</a>&nbsp;&nbsp;&nbsp;get_adc
</UL>

<P><STRONG><a name="[88]"></a>adc_regular_data_read</STRONG> (Thumb, 8 bytes, Stack size 0 bytes, gd32e23x_adc.o(.text.adc_regular_data_read))
<BR><BR>[Called By]<UL><LI><a href="#[84]">&gt;&gt;</a>&nbsp;&nbsp;&nbsp;get_adc
</UL>

<P><STRONG><a name="[76]"></a>adc_software_trigger_enable</STRONG> (Thumb, 60 bytes, Stack size 4 bytes, gd32e23x_adc.o(.text.adc_software_trigger_enable))
<BR><BR>[Stack]<UL><LI>Max Depth = 4<LI>Call Chain = adc_software_trigger_enable
</UL>
<BR>[Called By]<UL><LI><a href="#[84]">&gt;&gt;</a>&nbsp;&nbsp;&nbsp;get_adc
<LI><a href="#[6f]">&gt;&gt;</a>&nbsp;&nbsp;&nbsp;adc_config
</UL>

<P><STRONG><a name="[77]"></a>calibration_init</STRONG> (Thumb, 392 bytes, Stack size 32 bytes, data.o(.text.calibration_init))
<BR><BR>[Stack]<UL><LI>Max Depth = 196<LI>Call Chain = calibration_init &rArr; AT24CXX_ReadLenByte &rArr; AT24CXX_ReadOneByte &rArr; IIC_Read_Byte &rArr; IIC_NACK &rArr; Delay_us &rArr; delay_1us &rArr; __aeabi_ui2f &rArr; _float_epilogue
</UL>
<BR>[Calls]<UL><LI><a href="#[45]">&gt;&gt;</a>&nbsp;&nbsp;&nbsp;AT24CXX_WriteLenByte
<LI><a href="#[46]">&gt;&gt;</a>&nbsp;&nbsp;&nbsp;AT24CXX_WriteOneByte
<LI><a href="#[3e]">&gt;&gt;</a>&nbsp;&nbsp;&nbsp;AT24CXX_ReadLenByte
<LI><a href="#[3f]">&gt;&gt;</a>&nbsp;&nbsp;&nbsp;AT24CXX_ReadOneByte
</UL>
<BR>[Called By]<UL><LI><a href="#[22]">&gt;&gt;</a>&nbsp;&nbsp;&nbsp;main
</UL>

<P><STRONG><a name="[47]"></a>delay_1ms</STRONG> (Thumb, 112 bytes, Stack size 24 bytes, systick.o(.text.delay_1ms))
<BR><BR>[Stack]<UL><LI>Max Depth = 44<LI>Call Chain = delay_1ms &rArr; __aeabi_ui2f &rArr; _float_epilogue
</UL>
<BR>[Calls]<UL><LI><a href="#[79]">&gt;&gt;</a>&nbsp;&nbsp;&nbsp;__aeabi_f2uiz
<LI><a href="#[78]">&gt;&gt;</a>&nbsp;&nbsp;&nbsp;__aeabi_fmul
<LI><a href="#[2c]">&gt;&gt;</a>&nbsp;&nbsp;&nbsp;__aeabi_ui2f
</UL>
<BR>[Called By]<UL><LI><a href="#[65]">&gt;&gt;</a>&nbsp;&nbsp;&nbsp;SGP30_Write_cmd
<LI><a href="#[46]">&gt;&gt;</a>&nbsp;&nbsp;&nbsp;AT24CXX_WriteOneByte
<LI><a href="#[6f]">&gt;&gt;</a>&nbsp;&nbsp;&nbsp;adc_config
</UL>

<P><STRONG><a name="[4b]"></a>delay_1us</STRONG> (Thumb, 112 bytes, Stack size 24 bytes, systick.o(.text.delay_1us))
<BR><BR>[Stack]<UL><LI>Max Depth = 44<LI>Call Chain = delay_1us &rArr; __aeabi_ui2f &rArr; _float_epilogue
</UL>
<BR>[Calls]<UL><LI><a href="#[79]">&gt;&gt;</a>&nbsp;&nbsp;&nbsp;__aeabi_f2uiz
<LI><a href="#[78]">&gt;&gt;</a>&nbsp;&nbsp;&nbsp;__aeabi_fmul
<LI><a href="#[2c]">&gt;&gt;</a>&nbsp;&nbsp;&nbsp;__aeabi_ui2f
</UL>
<BR>[Called By]<UL><LI><a href="#[51]">&gt;&gt;</a>&nbsp;&nbsp;&nbsp;DS18B20_Write_Byte
<LI><a href="#[52]">&gt;&gt;</a>&nbsp;&nbsp;&nbsp;DS18B20_Read_Byte
<LI><a href="#[48]">&gt;&gt;</a>&nbsp;&nbsp;&nbsp;DS18B20_Check
<LI><a href="#[53]">&gt;&gt;</a>&nbsp;&nbsp;&nbsp;Delay_us
</UL>

<P><STRONG><a name="[7a]"></a>delay_ms</STRONG> (Thumb, 112 bytes, Stack size 24 bytes, systick.o(.text.delay_ms))
<BR><BR>[Stack]<UL><LI>Max Depth = 44<LI>Call Chain = delay_ms &rArr; __aeabi_ui2f &rArr; _float_epilogue
</UL>
<BR>[Calls]<UL><LI><a href="#[79]">&gt;&gt;</a>&nbsp;&nbsp;&nbsp;__aeabi_f2uiz
<LI><a href="#[78]">&gt;&gt;</a>&nbsp;&nbsp;&nbsp;__aeabi_fmul
<LI><a href="#[2c]">&gt;&gt;</a>&nbsp;&nbsp;&nbsp;__aeabi_ui2f
</UL>
<BR>[Called By]<UL><LI><a href="#[22]">&gt;&gt;</a>&nbsp;&nbsp;&nbsp;main
</UL>

<P><STRONG><a name="[55]"></a>delay_us</STRONG> (Thumb, 112 bytes, Stack size 24 bytes, systick.o(.text.delay_us))
<BR><BR>[Stack]<UL><LI>Max Depth = 44<LI>Call Chain = delay_us &rArr; __aeabi_ui2f &rArr; _float_epilogue
</UL>
<BR>[Calls]<UL><LI><a href="#[79]">&gt;&gt;</a>&nbsp;&nbsp;&nbsp;__aeabi_f2uiz
<LI><a href="#[78]">&gt;&gt;</a>&nbsp;&nbsp;&nbsp;__aeabi_fmul
<LI><a href="#[2c]">&gt;&gt;</a>&nbsp;&nbsp;&nbsp;__aeabi_ui2f
</UL>
<BR>[Called By]<UL><LI><a href="#[54]">&gt;&gt;</a>&nbsp;&nbsp;&nbsp;IIC2_Read_Byte
<LI><a href="#[57]">&gt;&gt;</a>&nbsp;&nbsp;&nbsp;IIC2_Send_Byte
<LI><a href="#[5a]">&gt;&gt;</a>&nbsp;&nbsp;&nbsp;IIC2_WaitAck
<LI><a href="#[56]">&gt;&gt;</a>&nbsp;&nbsp;&nbsp;IIC2_Send_Ack
<LI><a href="#[59]">&gt;&gt;</a>&nbsp;&nbsp;&nbsp;IIC2_Stop
<LI><a href="#[58]">&gt;&gt;</a>&nbsp;&nbsp;&nbsp;IIC2_Start
</UL>

<P><STRONG><a name="[25]"></a>fputc</STRONG> (Thumb, 22 bytes, Stack size 16 bytes, bsp_usart.o(.text.fputc))
<BR><BR>[Stack]<UL><LI>Max Depth = 48<LI>Call Chain = fputc &rArr; usart_send_data &rArr; usart_flag_get
</UL>
<BR>[Calls]<UL><LI><a href="#[7b]">&gt;&gt;</a>&nbsp;&nbsp;&nbsp;usart_send_data
</UL>
<BR>[Address Reference Count : 1]<UL><LI> printfa.o(i.__0printf)
</UL>
<P><STRONG><a name="[7c]"></a>gd_eval_com_init</STRONG> (Thumb, 208 bytes, Stack size 40 bytes, gd32f350r_eval.o(.text.gd_eval_com_init))
<BR><BR>[Stack]<UL><LI>Max Depth = 192<LI>Call Chain = gd_eval_com_init &rArr; usart_baudrate_set &rArr; rcu_clock_freq_get
</UL>
<BR>[Calls]<UL><LI><a href="#[81]">&gt;&gt;</a>&nbsp;&nbsp;&nbsp;usart_receive_config
<LI><a href="#[82]">&gt;&gt;</a>&nbsp;&nbsp;&nbsp;usart_transmit_config
<LI><a href="#[83]">&gt;&gt;</a>&nbsp;&nbsp;&nbsp;usart_enable
<LI><a href="#[80]">&gt;&gt;</a>&nbsp;&nbsp;&nbsp;usart_baudrate_set
<LI><a href="#[7f]">&gt;&gt;</a>&nbsp;&nbsp;&nbsp;usart_deinit
<LI><a href="#[4e]">&gt;&gt;</a>&nbsp;&nbsp;&nbsp;gpio_output_options_set
<LI><a href="#[49]">&gt;&gt;</a>&nbsp;&nbsp;&nbsp;gpio_mode_set
<LI><a href="#[7e]">&gt;&gt;</a>&nbsp;&nbsp;&nbsp;gpio_af_set
<LI><a href="#[7d]">&gt;&gt;</a>&nbsp;&nbsp;&nbsp;rcu_periph_clock_enable
</UL>
<BR>[Called By]<UL><LI><a href="#[22]">&gt;&gt;</a>&nbsp;&nbsp;&nbsp;main
</UL>

<P><STRONG><a name="[84]"></a>get_adc</STRONG> (Thumb, 60 bytes, Stack size 16 bytes, adc.o(.text.get_adc))
<BR><BR>[Stack]<UL><LI>Max Depth = 44<LI>Call Chain = get_adc &rArr; adc_regular_channel_config
</UL>
<BR>[Calls]<UL><LI><a href="#[88]">&gt;&gt;</a>&nbsp;&nbsp;&nbsp;adc_regular_data_read
<LI><a href="#[87]">&gt;&gt;</a>&nbsp;&nbsp;&nbsp;adc_flag_clear
<LI><a href="#[86]">&gt;&gt;</a>&nbsp;&nbsp;&nbsp;adc_flag_get
<LI><a href="#[85]">&gt;&gt;</a>&nbsp;&nbsp;&nbsp;adc_regular_channel_config
<LI><a href="#[76]">&gt;&gt;</a>&nbsp;&nbsp;&nbsp;adc_software_trigger_enable
</UL>
<BR>[Called By]<UL><LI><a href="#[89]">&gt;&gt;</a>&nbsp;&nbsp;&nbsp;get_adc_Average
</UL>

<P><STRONG><a name="[89]"></a>get_adc_Average</STRONG> (Thumb, 84 bytes, Stack size 24 bytes, adc.o(.text.get_adc_Average))
<BR><BR>[Stack]<UL><LI>Max Depth = 68<LI>Call Chain = get_adc_Average &rArr; get_adc &rArr; adc_regular_channel_config
</UL>
<BR>[Calls]<UL><LI><a href="#[84]">&gt;&gt;</a>&nbsp;&nbsp;&nbsp;get_adc
</UL>
<BR>[Called By]<UL><LI><a href="#[22]">&gt;&gt;</a>&nbsp;&nbsp;&nbsp;main
</UL>

<P><STRONG><a name="[7e]"></a>gpio_af_set</STRONG> (Thumb, 192 bytes, Stack size 24 bytes, gd32e23x_gpio.o(.text.gpio_af_set))
<BR><BR>[Stack]<UL><LI>Max Depth = 24<LI>Call Chain = gpio_af_set
</UL>
<BR>[Called By]<UL><LI><a href="#[7c]">&gt;&gt;</a>&nbsp;&nbsp;&nbsp;gd_eval_com_init
</UL>

<P><STRONG><a name="[62]"></a>gpio_bit_reset</STRONG> (Thumb, 16 bytes, Stack size 8 bytes, gd32e23x_gpio.o(.text.gpio_bit_reset))
<BR><BR>[Stack]<UL><LI>Max Depth = 8<LI>Call Chain = gpio_bit_reset
</UL>
<BR>[Called By]<UL><LI><a href="#[5d]">&gt;&gt;</a>&nbsp;&nbsp;&nbsp;iic_write_sda
<LI><a href="#[5c]">&gt;&gt;</a>&nbsp;&nbsp;&nbsp;iic_write_scl
<LI><a href="#[61]">&gt;&gt;</a>&nbsp;&nbsp;&nbsp;RS485_init_data
<LI><a href="#[8a]">&gt;&gt;</a>&nbsp;&nbsp;&nbsp;gpio_init
<LI><a href="#[14]">&gt;&gt;</a>&nbsp;&nbsp;&nbsp;TIMER2_IRQHandler
</UL>

<P><STRONG><a name="[5e]"></a>gpio_bit_set</STRONG> (Thumb, 16 bytes, Stack size 8 bytes, gd32e23x_gpio.o(.text.gpio_bit_set))
<BR><BR>[Stack]<UL><LI>Max Depth = 8<LI>Call Chain = gpio_bit_set
</UL>
<BR>[Called By]<UL><LI><a href="#[5d]">&gt;&gt;</a>&nbsp;&nbsp;&nbsp;iic_write_sda
<LI><a href="#[5c]">&gt;&gt;</a>&nbsp;&nbsp;&nbsp;iic_write_scl
<LI><a href="#[3d]">&gt;&gt;</a>&nbsp;&nbsp;&nbsp;IIC_Init
<LI><a href="#[8a]">&gt;&gt;</a>&nbsp;&nbsp;&nbsp;gpio_init
<LI><a href="#[14]">&gt;&gt;</a>&nbsp;&nbsp;&nbsp;TIMER2_IRQHandler
</UL>

<P><STRONG><a name="[4a]"></a>gpio_bit_write</STRONG> (Thumb, 36 bytes, Stack size 12 bytes, gd32e23x_gpio.o(.text.gpio_bit_write))
<BR><BR>[Stack]<UL><LI>Max Depth = 12<LI>Call Chain = gpio_bit_write
</UL>
<BR>[Called By]<UL><LI><a href="#[54]">&gt;&gt;</a>&nbsp;&nbsp;&nbsp;IIC2_Read_Byte
<LI><a href="#[57]">&gt;&gt;</a>&nbsp;&nbsp;&nbsp;IIC2_Send_Byte
<LI><a href="#[5a]">&gt;&gt;</a>&nbsp;&nbsp;&nbsp;IIC2_WaitAck
<LI><a href="#[56]">&gt;&gt;</a>&nbsp;&nbsp;&nbsp;IIC2_Send_Ack
<LI><a href="#[59]">&gt;&gt;</a>&nbsp;&nbsp;&nbsp;IIC2_Stop
<LI><a href="#[58]">&gt;&gt;</a>&nbsp;&nbsp;&nbsp;IIC2_Start
<LI><a href="#[51]">&gt;&gt;</a>&nbsp;&nbsp;&nbsp;DS18B20_Write_Byte
<LI><a href="#[52]">&gt;&gt;</a>&nbsp;&nbsp;&nbsp;DS18B20_Read_Byte
<LI><a href="#[48]">&gt;&gt;</a>&nbsp;&nbsp;&nbsp;DS18B20_Check
</UL>

<P><STRONG><a name="[8a]"></a>gpio_init</STRONG> (Thumb, 152 bytes, Stack size 48 bytes, data.o(.text.gpio_init))
<BR><BR>[Stack]<UL><LI>Max Depth = 80<LI>Call Chain = gpio_init &rArr; gpio_output_options_set
</UL>
<BR>[Calls]<UL><LI><a href="#[4e]">&gt;&gt;</a>&nbsp;&nbsp;&nbsp;gpio_output_options_set
<LI><a href="#[49]">&gt;&gt;</a>&nbsp;&nbsp;&nbsp;gpio_mode_set
<LI><a href="#[62]">&gt;&gt;</a>&nbsp;&nbsp;&nbsp;gpio_bit_reset
<LI><a href="#[5e]">&gt;&gt;</a>&nbsp;&nbsp;&nbsp;gpio_bit_set
</UL>
<BR>[Called By]<UL><LI><a href="#[22]">&gt;&gt;</a>&nbsp;&nbsp;&nbsp;main
</UL>

<P><STRONG><a name="[4c]"></a>gpio_input_bit_get</STRONG> (Thumb, 42 bytes, Stack size 12 bytes, gd32e23x_gpio.o(.text.gpio_input_bit_get))
<BR><BR>[Stack]<UL><LI>Max Depth = 12<LI>Call Chain = gpio_input_bit_get
</UL>
<BR>[Called By]<UL><LI><a href="#[54]">&gt;&gt;</a>&nbsp;&nbsp;&nbsp;IIC2_Read_Byte
<LI><a href="#[5a]">&gt;&gt;</a>&nbsp;&nbsp;&nbsp;IIC2_WaitAck
<LI><a href="#[52]">&gt;&gt;</a>&nbsp;&nbsp;&nbsp;DS18B20_Read_Byte
<LI><a href="#[48]">&gt;&gt;</a>&nbsp;&nbsp;&nbsp;DS18B20_Check
<LI><a href="#[60]">&gt;&gt;</a>&nbsp;&nbsp;&nbsp;iic_read_sda
</UL>

<P><STRONG><a name="[49]"></a>gpio_mode_set</STRONG> (Thumb, 142 bytes, Stack size 28 bytes, gd32e23x_gpio.o(.text.gpio_mode_set))
<BR><BR>[Stack]<UL><LI>Max Depth = 28<LI>Call Chain = gpio_mode_set
</UL>
<BR>[Called By]<UL><LI><a href="#[54]">&gt;&gt;</a>&nbsp;&nbsp;&nbsp;IIC2_Read_Byte
<LI><a href="#[57]">&gt;&gt;</a>&nbsp;&nbsp;&nbsp;IIC2_Send_Byte
<LI><a href="#[5a]">&gt;&gt;</a>&nbsp;&nbsp;&nbsp;IIC2_WaitAck
<LI><a href="#[56]">&gt;&gt;</a>&nbsp;&nbsp;&nbsp;IIC2_Send_Ack
<LI><a href="#[59]">&gt;&gt;</a>&nbsp;&nbsp;&nbsp;IIC2_Stop
<LI><a href="#[58]">&gt;&gt;</a>&nbsp;&nbsp;&nbsp;IIC2_Start
<LI><a href="#[63]">&gt;&gt;</a>&nbsp;&nbsp;&nbsp;SGP30_GPIO_Init
<LI><a href="#[51]">&gt;&gt;</a>&nbsp;&nbsp;&nbsp;DS18B20_Write_Byte
<LI><a href="#[52]">&gt;&gt;</a>&nbsp;&nbsp;&nbsp;DS18B20_Read_Byte
<LI><a href="#[48]">&gt;&gt;</a>&nbsp;&nbsp;&nbsp;DS18B20_Check
<LI><a href="#[5f]">&gt;&gt;</a>&nbsp;&nbsp;&nbsp;IIC_NACK
<LI><a href="#[5b]">&gt;&gt;</a>&nbsp;&nbsp;&nbsp;IIC_ACK
<LI><a href="#[44]">&gt;&gt;</a>&nbsp;&nbsp;&nbsp;IIC_Stop
<LI><a href="#[43]">&gt;&gt;</a>&nbsp;&nbsp;&nbsp;IIC_Read_Byte
<LI><a href="#[42]">&gt;&gt;</a>&nbsp;&nbsp;&nbsp;IIC_Wait_ACK
<LI><a href="#[41]">&gt;&gt;</a>&nbsp;&nbsp;&nbsp;IIC_Send_Byte
<LI><a href="#[40]">&gt;&gt;</a>&nbsp;&nbsp;&nbsp;IIC_Start
<LI><a href="#[3d]">&gt;&gt;</a>&nbsp;&nbsp;&nbsp;IIC_Init
<LI><a href="#[4d]">&gt;&gt;</a>&nbsp;&nbsp;&nbsp;DS18B20_GPIO_Init
<LI><a href="#[7c]">&gt;&gt;</a>&nbsp;&nbsp;&nbsp;gd_eval_com_init
<LI><a href="#[6f]">&gt;&gt;</a>&nbsp;&nbsp;&nbsp;adc_config
<LI><a href="#[8a]">&gt;&gt;</a>&nbsp;&nbsp;&nbsp;gpio_init
</UL>

<P><STRONG><a name="[4e]"></a>gpio_output_options_set</STRONG> (Thumb, 138 bytes, Stack size 32 bytes, gd32e23x_gpio.o(.text.gpio_output_options_set))
<BR><BR>[Stack]<UL><LI>Max Depth = 32<LI>Call Chain = gpio_output_options_set
</UL>
<BR>[Called By]<UL><LI><a href="#[63]">&gt;&gt;</a>&nbsp;&nbsp;&nbsp;SGP30_GPIO_Init
<LI><a href="#[3d]">&gt;&gt;</a>&nbsp;&nbsp;&nbsp;IIC_Init
<LI><a href="#[4d]">&gt;&gt;</a>&nbsp;&nbsp;&nbsp;DS18B20_GPIO_Init
<LI><a href="#[7c]">&gt;&gt;</a>&nbsp;&nbsp;&nbsp;gd_eval_com_init
<LI><a href="#[8a]">&gt;&gt;</a>&nbsp;&nbsp;&nbsp;gpio_init
</UL>

<P><STRONG><a name="[95]"></a>group_trans</STRONG> (Thumb, 62 bytes, Stack size 12 bytes, main.o(.text.group_trans))
<BR><BR>[Stack]<UL><LI>Max Depth = 12<LI>Call Chain = group_trans
</UL>
<BR>[Called By]<UL><LI><a href="#[22]">&gt;&gt;</a>&nbsp;&nbsp;&nbsp;main
</UL>

<P><STRONG><a name="[60]"></a>iic_read_sda</STRONG> (Thumb, 42 bytes, Stack size 16 bytes, iic.o(.text.iic_read_sda))
<BR><BR>[Stack]<UL><LI>Max Depth = 28<LI>Call Chain = iic_read_sda &rArr; gpio_input_bit_get
</UL>
<BR>[Calls]<UL><LI><a href="#[4c]">&gt;&gt;</a>&nbsp;&nbsp;&nbsp;gpio_input_bit_get
</UL>
<BR>[Called By]<UL><LI><a href="#[43]">&gt;&gt;</a>&nbsp;&nbsp;&nbsp;IIC_Read_Byte
<LI><a href="#[42]">&gt;&gt;</a>&nbsp;&nbsp;&nbsp;IIC_Wait_ACK
</UL>

<P><STRONG><a name="[5c]"></a>iic_write_scl</STRONG> (Thumb, 44 bytes, Stack size 16 bytes, iic.o(.text.iic_write_scl))
<BR><BR>[Stack]<UL><LI>Max Depth = 24<LI>Call Chain = iic_write_scl &rArr; gpio_bit_reset
</UL>
<BR>[Calls]<UL><LI><a href="#[62]">&gt;&gt;</a>&nbsp;&nbsp;&nbsp;gpio_bit_reset
<LI><a href="#[5e]">&gt;&gt;</a>&nbsp;&nbsp;&nbsp;gpio_bit_set
</UL>
<BR>[Called By]<UL><LI><a href="#[5f]">&gt;&gt;</a>&nbsp;&nbsp;&nbsp;IIC_NACK
<LI><a href="#[5b]">&gt;&gt;</a>&nbsp;&nbsp;&nbsp;IIC_ACK
<LI><a href="#[44]">&gt;&gt;</a>&nbsp;&nbsp;&nbsp;IIC_Stop
<LI><a href="#[43]">&gt;&gt;</a>&nbsp;&nbsp;&nbsp;IIC_Read_Byte
<LI><a href="#[42]">&gt;&gt;</a>&nbsp;&nbsp;&nbsp;IIC_Wait_ACK
<LI><a href="#[41]">&gt;&gt;</a>&nbsp;&nbsp;&nbsp;IIC_Send_Byte
<LI><a href="#[40]">&gt;&gt;</a>&nbsp;&nbsp;&nbsp;IIC_Start
</UL>

<P><STRONG><a name="[5d]"></a>iic_write_sda</STRONG> (Thumb, 44 bytes, Stack size 16 bytes, iic.o(.text.iic_write_sda))
<BR><BR>[Stack]<UL><LI>Max Depth = 24<LI>Call Chain = iic_write_sda &rArr; gpio_bit_reset
</UL>
<BR>[Calls]<UL><LI><a href="#[62]">&gt;&gt;</a>&nbsp;&nbsp;&nbsp;gpio_bit_reset
<LI><a href="#[5e]">&gt;&gt;</a>&nbsp;&nbsp;&nbsp;gpio_bit_set
</UL>
<BR>[Called By]<UL><LI><a href="#[5f]">&gt;&gt;</a>&nbsp;&nbsp;&nbsp;IIC_NACK
<LI><a href="#[5b]">&gt;&gt;</a>&nbsp;&nbsp;&nbsp;IIC_ACK
<LI><a href="#[44]">&gt;&gt;</a>&nbsp;&nbsp;&nbsp;IIC_Stop
<LI><a href="#[42]">&gt;&gt;</a>&nbsp;&nbsp;&nbsp;IIC_Wait_ACK
<LI><a href="#[41]">&gt;&gt;</a>&nbsp;&nbsp;&nbsp;IIC_Send_Byte
<LI><a href="#[40]">&gt;&gt;</a>&nbsp;&nbsp;&nbsp;IIC_Start
</UL>

<P><STRONG><a name="[6e]"></a>int_RX</STRONG> (Thumb, 284 bytes, Stack size 16 bytes, porg_rs485.o(.text.int_RX))
<BR><BR>[Stack]<UL><LI>Max Depth = 20<LI>Call Chain = int_RX &rArr; usart_data_receive
</UL>
<BR>[Calls]<UL><LI><a href="#[8b]">&gt;&gt;</a>&nbsp;&nbsp;&nbsp;usart_data_receive
</UL>
<BR>[Called By]<UL><LI><a href="#[1e]">&gt;&gt;</a>&nbsp;&nbsp;&nbsp;USART0_IRQHandler
</UL>

<P><STRONG><a name="[94]"></a>mabub</STRONG> (Thumb, 278 bytes, Stack size 28 bytes, main.o(.text.mabub))
<BR><BR>[Stack]<UL><LI>Max Depth = 28<LI>Call Chain = mabub
</UL>
<BR>[Called By]<UL><LI><a href="#[22]">&gt;&gt;</a>&nbsp;&nbsp;&nbsp;main
</UL>

<P><STRONG><a name="[22]"></a>main</STRONG> (Thumb, 540 bytes, Stack size 32 bytes, main.o(.text.main))
<BR><BR>[Stack]<UL><LI>Max Depth = 228<LI>Call Chain = main &rArr; calibration_init &rArr; AT24CXX_ReadLenByte &rArr; AT24CXX_ReadOneByte &rArr; IIC_Read_Byte &rArr; IIC_NACK &rArr; Delay_us &rArr; delay_1us &rArr; __aeabi_ui2f &rArr; _float_epilogue
</UL>
<BR>[Calls]<UL><LI><a href="#[95]">&gt;&gt;</a>&nbsp;&nbsp;&nbsp;group_trans
<LI><a href="#[94]">&gt;&gt;</a>&nbsp;&nbsp;&nbsp;mabub
<LI><a href="#[89]">&gt;&gt;</a>&nbsp;&nbsp;&nbsp;get_adc_Average
<LI><a href="#[7a]">&gt;&gt;</a>&nbsp;&nbsp;&nbsp;delay_ms
<LI><a href="#[64]">&gt;&gt;</a>&nbsp;&nbsp;&nbsp;SGP30_Get_Value
<LI><a href="#[92]">&gt;&gt;</a>&nbsp;&nbsp;&nbsp;__aeabi_f2d
<LI><a href="#[4f]">&gt;&gt;</a>&nbsp;&nbsp;&nbsp;DS18B20_GetTemperture
<LI><a href="#[77]">&gt;&gt;</a>&nbsp;&nbsp;&nbsp;calibration_init
<LI><a href="#[91]">&gt;&gt;</a>&nbsp;&nbsp;&nbsp;usart_interrupt_enable
<LI><a href="#[90]">&gt;&gt;</a>&nbsp;&nbsp;&nbsp;usart_flag_get
<LI><a href="#[61]">&gt;&gt;</a>&nbsp;&nbsp;&nbsp;RS485_init_data
<LI><a href="#[67]">&gt;&gt;</a>&nbsp;&nbsp;&nbsp;SGP30_Init
<LI><a href="#[4d]">&gt;&gt;</a>&nbsp;&nbsp;&nbsp;DS18B20_GPIO_Init
<LI><a href="#[7c]">&gt;&gt;</a>&nbsp;&nbsp;&nbsp;gd_eval_com_init
<LI><a href="#[3c]">&gt;&gt;</a>&nbsp;&nbsp;&nbsp;AT24CXX_Init
<LI><a href="#[8f]">&gt;&gt;</a>&nbsp;&nbsp;&nbsp;timer_config
<LI><a href="#[6f]">&gt;&gt;</a>&nbsp;&nbsp;&nbsp;adc_config
<LI><a href="#[8e]">&gt;&gt;</a>&nbsp;&nbsp;&nbsp;nvic_config
<LI><a href="#[8a]">&gt;&gt;</a>&nbsp;&nbsp;&nbsp;gpio_init
<LI><a href="#[8d]">&gt;&gt;</a>&nbsp;&nbsp;&nbsp;rcu_config
<LI><a href="#[8c]">&gt;&gt;</a>&nbsp;&nbsp;&nbsp;systick_config
<LI><a href="#[93]">&gt;&gt;</a>&nbsp;&nbsp;&nbsp;printf
</UL>
<BR>[Address Reference Count : 1]<UL><LI> entry9a.o(.ARM.Collect$$$$0000000B)
</UL>
<P><STRONG><a name="[8e]"></a>nvic_config</STRONG> (Thumb, 20 bytes, Stack size 8 bytes, main.o(.text.nvic_config))
<BR><BR>[Stack]<UL><LI>Max Depth = 56<LI>Call Chain = nvic_config &rArr; nvic_irq_enable &rArr; __NVIC_SetPriority
</UL>
<BR>[Calls]<UL><LI><a href="#[96]">&gt;&gt;</a>&nbsp;&nbsp;&nbsp;nvic_irq_enable
</UL>
<BR>[Called By]<UL><LI><a href="#[22]">&gt;&gt;</a>&nbsp;&nbsp;&nbsp;main
</UL>

<P><STRONG><a name="[96]"></a>nvic_irq_enable</STRONG> (Thumb, 44 bytes, Stack size 24 bytes, gd32e23x_misc.o(.text.nvic_irq_enable))
<BR><BR>[Stack]<UL><LI>Max Depth = 48<LI>Call Chain = nvic_irq_enable &rArr; __NVIC_SetPriority
</UL>
<BR>[Calls]<UL><LI><a href="#[98]">&gt;&gt;</a>&nbsp;&nbsp;&nbsp;__NVIC_EnableIRQ
<LI><a href="#[97]">&gt;&gt;</a>&nbsp;&nbsp;&nbsp;__NVIC_SetPriority
</UL>
<BR>[Called By]<UL><LI><a href="#[8e]">&gt;&gt;</a>&nbsp;&nbsp;&nbsp;nvic_config
</UL>

<P><STRONG><a name="[69]"></a>nvic_vector_table_set</STRONG> (Thumb, 24 bytes, Stack size 8 bytes, gd32e23x_misc.o(.text.nvic_vector_table_set))
<BR><BR>[Stack]<UL><LI>Max Depth = 8<LI>Call Chain = nvic_vector_table_set
</UL>
<BR>[Called By]<UL><LI><a href="#[23]">&gt;&gt;</a>&nbsp;&nbsp;&nbsp;SystemInit
</UL>

<P><STRONG><a name="[99]"></a>rcu_adc_clock_config</STRONG> (Thumb, 384 bytes, Stack size 8 bytes, gd32e23x_rcu.o(.text.rcu_adc_clock_config))
<BR><BR>[Stack]<UL><LI>Max Depth = 8<LI>Call Chain = rcu_adc_clock_config
</UL>
<BR>[Called By]<UL><LI><a href="#[8d]">&gt;&gt;</a>&nbsp;&nbsp;&nbsp;rcu_config
</UL>

<P><STRONG><a name="[a3]"></a>rcu_clock_freq_get</STRONG> (Thumb, 600 bytes, Stack size 112 bytes, gd32e23x_rcu.o(.text.rcu_clock_freq_get))
<BR><BR>[Stack]<UL><LI>Max Depth = 112<LI>Call Chain = rcu_clock_freq_get
</UL>
<BR>[Called By]<UL><LI><a href="#[80]">&gt;&gt;</a>&nbsp;&nbsp;&nbsp;usart_baudrate_set
</UL>

<P><STRONG><a name="[8d]"></a>rcu_config</STRONG> (Thumb, 36 bytes, Stack size 8 bytes, main.o(.text.rcu_config))
<BR><BR>[Stack]<UL><LI>Max Depth = 16<LI>Call Chain = rcu_config &rArr; rcu_adc_clock_config
</UL>
<BR>[Calls]<UL><LI><a href="#[99]">&gt;&gt;</a>&nbsp;&nbsp;&nbsp;rcu_adc_clock_config
<LI><a href="#[7d]">&gt;&gt;</a>&nbsp;&nbsp;&nbsp;rcu_periph_clock_enable
</UL>
<BR>[Called By]<UL><LI><a href="#[22]">&gt;&gt;</a>&nbsp;&nbsp;&nbsp;main
</UL>

<P><STRONG><a name="[7d]"></a>rcu_periph_clock_enable</STRONG> (Thumb, 36 bytes, Stack size 4 bytes, gd32e23x_rcu.o(.text.rcu_periph_clock_enable))
<BR><BR>[Stack]<UL><LI>Max Depth = 4<LI>Call Chain = rcu_periph_clock_enable
</UL>
<BR>[Called By]<UL><LI><a href="#[7c]">&gt;&gt;</a>&nbsp;&nbsp;&nbsp;gd_eval_com_init
<LI><a href="#[8d]">&gt;&gt;</a>&nbsp;&nbsp;&nbsp;rcu_config
</UL>

<P><STRONG><a name="[a2]"></a>rcu_periph_reset_disable</STRONG> (Thumb, 36 bytes, Stack size 4 bytes, gd32e23x_rcu.o(.text.rcu_periph_reset_disable))
<BR><BR>[Stack]<UL><LI>Max Depth = 4<LI>Call Chain = rcu_periph_reset_disable
</UL>
<BR>[Called By]<UL><LI><a href="#[7f]">&gt;&gt;</a>&nbsp;&nbsp;&nbsp;usart_deinit
<LI><a href="#[9c]">&gt;&gt;</a>&nbsp;&nbsp;&nbsp;timer_deinit
</UL>

<P><STRONG><a name="[a1]"></a>rcu_periph_reset_enable</STRONG> (Thumb, 36 bytes, Stack size 4 bytes, gd32e23x_rcu.o(.text.rcu_periph_reset_enable))
<BR><BR>[Stack]<UL><LI>Max Depth = 4<LI>Call Chain = rcu_periph_reset_enable
</UL>
<BR>[Called By]<UL><LI><a href="#[7f]">&gt;&gt;</a>&nbsp;&nbsp;&nbsp;usart_deinit
<LI><a href="#[9c]">&gt;&gt;</a>&nbsp;&nbsp;&nbsp;timer_deinit
</UL>

<P><STRONG><a name="[9b]"></a>systick_clksource_set</STRONG> (Thumb, 40 bytes, Stack size 4 bytes, gd32e23x_misc.o(.text.systick_clksource_set))
<BR><BR>[Stack]<UL><LI>Max Depth = 4<LI>Call Chain = systick_clksource_set
</UL>
<BR>[Called By]<UL><LI><a href="#[8c]">&gt;&gt;</a>&nbsp;&nbsp;&nbsp;systick_config
</UL>

<P><STRONG><a name="[8c]"></a>systick_config</STRONG> (Thumb, 44 bytes, Stack size 8 bytes, systick.o(.text.systick_config))
<BR><BR>[Stack]<UL><LI>Max Depth = 28<LI>Call Chain = systick_config &rArr; __aeabi_ui2f &rArr; _float_epilogue
</UL>
<BR>[Calls]<UL><LI><a href="#[78]">&gt;&gt;</a>&nbsp;&nbsp;&nbsp;__aeabi_fmul
<LI><a href="#[28]">&gt;&gt;</a>&nbsp;&nbsp;&nbsp;__aeabi_fdiv
<LI><a href="#[2c]">&gt;&gt;</a>&nbsp;&nbsp;&nbsp;__aeabi_ui2f
<LI><a href="#[9b]">&gt;&gt;</a>&nbsp;&nbsp;&nbsp;systick_clksource_set
</UL>
<BR>[Called By]<UL><LI><a href="#[22]">&gt;&gt;</a>&nbsp;&nbsp;&nbsp;main
</UL>

<P><STRONG><a name="[8f]"></a>timer_config</STRONG> (Thumb, 64 bytes, Stack size 32 bytes, main.o(.text.timer_config))
<BR><BR>[Stack]<UL><LI>Max Depth = 84<LI>Call Chain = timer_config &rArr; timer_deinit &rArr; rcu_periph_reset_disable
</UL>
<BR>[Calls]<UL><LI><a href="#[a0]">&gt;&gt;</a>&nbsp;&nbsp;&nbsp;timer_enable
<LI><a href="#[9f]">&gt;&gt;</a>&nbsp;&nbsp;&nbsp;timer_interrupt_enable
<LI><a href="#[9e]">&gt;&gt;</a>&nbsp;&nbsp;&nbsp;timer_init
<LI><a href="#[9d]">&gt;&gt;</a>&nbsp;&nbsp;&nbsp;timer_struct_para_init
<LI><a href="#[9c]">&gt;&gt;</a>&nbsp;&nbsp;&nbsp;timer_deinit
</UL>
<BR>[Called By]<UL><LI><a href="#[22]">&gt;&gt;</a>&nbsp;&nbsp;&nbsp;main
</UL>

<P><STRONG><a name="[9c]"></a>timer_deinit</STRONG> (Thumb, 200 bytes, Stack size 48 bytes, gd32e23x_timer.o(.text.timer_deinit))
<BR><BR>[Stack]<UL><LI>Max Depth = 52<LI>Call Chain = timer_deinit &rArr; rcu_periph_reset_disable
</UL>
<BR>[Calls]<UL><LI><a href="#[a2]">&gt;&gt;</a>&nbsp;&nbsp;&nbsp;rcu_periph_reset_disable
<LI><a href="#[a1]">&gt;&gt;</a>&nbsp;&nbsp;&nbsp;rcu_periph_reset_enable
</UL>
<BR>[Called By]<UL><LI><a href="#[8f]">&gt;&gt;</a>&nbsp;&nbsp;&nbsp;timer_config
</UL>

<P><STRONG><a name="[a0]"></a>timer_enable</STRONG> (Thumb, 18 bytes, Stack size 4 bytes, gd32e23x_timer.o(.text.timer_enable))
<BR><BR>[Stack]<UL><LI>Max Depth = 4<LI>Call Chain = timer_enable
</UL>
<BR>[Called By]<UL><LI><a href="#[8f]">&gt;&gt;</a>&nbsp;&nbsp;&nbsp;timer_config
</UL>

<P><STRONG><a name="[9e]"></a>timer_init</STRONG> (Thumb, 228 bytes, Stack size 8 bytes, gd32e23x_timer.o(.text.timer_init))
<BR><BR>[Stack]<UL><LI>Max Depth = 8<LI>Call Chain = timer_init
</UL>
<BR>[Called By]<UL><LI><a href="#[8f]">&gt;&gt;</a>&nbsp;&nbsp;&nbsp;timer_config
</UL>

<P><STRONG><a name="[9f]"></a>timer_interrupt_enable</STRONG> (Thumb, 20 bytes, Stack size 8 bytes, gd32e23x_timer.o(.text.timer_interrupt_enable))
<BR><BR>[Stack]<UL><LI>Max Depth = 8<LI>Call Chain = timer_interrupt_enable
</UL>
<BR>[Called By]<UL><LI><a href="#[8f]">&gt;&gt;</a>&nbsp;&nbsp;&nbsp;timer_config
</UL>

<P><STRONG><a name="[6b]"></a>timer_interrupt_flag_clear</STRONG> (Thumb, 20 bytes, Stack size 8 bytes, gd32e23x_timer.o(.text.timer_interrupt_flag_clear))
<BR><BR>[Stack]<UL><LI>Max Depth = 8<LI>Call Chain = timer_interrupt_flag_clear
</UL>
<BR>[Called By]<UL><LI><a href="#[14]">&gt;&gt;</a>&nbsp;&nbsp;&nbsp;TIMER2_IRQHandler
</UL>

<P><STRONG><a name="[6a]"></a>timer_interrupt_flag_get</STRONG> (Thumb, 58 bytes, Stack size 16 bytes, gd32e23x_timer.o(.text.timer_interrupt_flag_get))
<BR><BR>[Stack]<UL><LI>Max Depth = 16<LI>Call Chain = timer_interrupt_flag_get
</UL>
<BR>[Called By]<UL><LI><a href="#[14]">&gt;&gt;</a>&nbsp;&nbsp;&nbsp;TIMER2_IRQHandler
</UL>

<P><STRONG><a name="[9d]"></a>timer_struct_para_init</STRONG> (Thumb, 36 bytes, Stack size 4 bytes, gd32e23x_timer.o(.text.timer_struct_para_init))
<BR><BR>[Stack]<UL><LI>Max Depth = 4<LI>Call Chain = timer_struct_para_init
</UL>
<BR>[Called By]<UL><LI><a href="#[8f]">&gt;&gt;</a>&nbsp;&nbsp;&nbsp;timer_config
</UL>

<P><STRONG><a name="[80]"></a>usart_baudrate_set</STRONG> (Thumb, 172 bytes, Stack size 40 bytes, gd32e23x_usart.o(.text.usart_baudrate_set))
<BR><BR>[Stack]<UL><LI>Max Depth = 152<LI>Call Chain = usart_baudrate_set &rArr; rcu_clock_freq_get
</UL>
<BR>[Calls]<UL><LI><a href="#[a3]">&gt;&gt;</a>&nbsp;&nbsp;&nbsp;rcu_clock_freq_get
</UL>
<BR>[Called By]<UL><LI><a href="#[7c]">&gt;&gt;</a>&nbsp;&nbsp;&nbsp;gd_eval_com_init
</UL>

<P><STRONG><a name="[8b]"></a>usart_data_receive</STRONG> (Thumb, 16 bytes, Stack size 4 bytes, gd32e23x_usart.o(.text.usart_data_receive))
<BR><BR>[Stack]<UL><LI>Max Depth = 4<LI>Call Chain = usart_data_receive
</UL>
<BR>[Called By]<UL><LI><a href="#[6e]">&gt;&gt;</a>&nbsp;&nbsp;&nbsp;int_RX
</UL>

<P><STRONG><a name="[a4]"></a>usart_data_transmit</STRONG> (Thumb, 20 bytes, Stack size 8 bytes, gd32e23x_usart.o(.text.usart_data_transmit))
<BR><BR>[Stack]<UL><LI>Max Depth = 8<LI>Call Chain = usart_data_transmit
</UL>
<BR>[Called By]<UL><LI><a href="#[7b]">&gt;&gt;</a>&nbsp;&nbsp;&nbsp;usart_send_data
</UL>

<P><STRONG><a name="[7f]"></a>usart_deinit</STRONG> (Thumb, 68 bytes, Stack size 24 bytes, gd32e23x_usart.o(.text.usart_deinit))
<BR><BR>[Stack]<UL><LI>Max Depth = 28<LI>Call Chain = usart_deinit &rArr; rcu_periph_reset_disable
</UL>
<BR>[Calls]<UL><LI><a href="#[a2]">&gt;&gt;</a>&nbsp;&nbsp;&nbsp;rcu_periph_reset_disable
<LI><a href="#[a1]">&gt;&gt;</a>&nbsp;&nbsp;&nbsp;rcu_periph_reset_enable
</UL>
<BR>[Called By]<UL><LI><a href="#[7c]">&gt;&gt;</a>&nbsp;&nbsp;&nbsp;gd_eval_com_init
</UL>

<P><STRONG><a name="[83]"></a>usart_enable</STRONG> (Thumb, 18 bytes, Stack size 4 bytes, gd32e23x_usart.o(.text.usart_enable))
<BR><BR>[Stack]<UL><LI>Max Depth = 4<LI>Call Chain = usart_enable
</UL>
<BR>[Called By]<UL><LI><a href="#[7c]">&gt;&gt;</a>&nbsp;&nbsp;&nbsp;gd_eval_com_init
</UL>

<P><STRONG><a name="[90]"></a>usart_flag_get</STRONG> (Thumb, 60 bytes, Stack size 16 bytes, gd32e23x_usart.o(.text.usart_flag_get))
<BR><BR>[Stack]<UL><LI>Max Depth = 16<LI>Call Chain = usart_flag_get
</UL>
<BR>[Called By]<UL><LI><a href="#[7b]">&gt;&gt;</a>&nbsp;&nbsp;&nbsp;usart_send_data
<LI><a href="#[22]">&gt;&gt;</a>&nbsp;&nbsp;&nbsp;main
</UL>

<P><STRONG><a name="[91]"></a>usart_interrupt_enable</STRONG> (Thumb, 34 bytes, Stack size 8 bytes, gd32e23x_usart.o(.text.usart_interrupt_enable))
<BR><BR>[Stack]<UL><LI>Max Depth = 8<LI>Call Chain = usart_interrupt_enable
</UL>
<BR>[Called By]<UL><LI><a href="#[22]">&gt;&gt;</a>&nbsp;&nbsp;&nbsp;main
</UL>

<P><STRONG><a name="[6d]"></a>usart_interrupt_flag_clear</STRONG> (Thumb, 60 bytes, Stack size 8 bytes, gd32e23x_usart.o(.text.usart_interrupt_flag_clear))
<BR><BR>[Stack]<UL><LI>Max Depth = 8<LI>Call Chain = usart_interrupt_flag_clear
</UL>
<BR>[Called By]<UL><LI><a href="#[1e]">&gt;&gt;</a>&nbsp;&nbsp;&nbsp;USART0_IRQHandler
</UL>

<P><STRONG><a name="[6c]"></a>usart_interrupt_flag_get</STRONG> (Thumb, 98 bytes, Stack size 28 bytes, gd32e23x_usart.o(.text.usart_interrupt_flag_get))
<BR><BR>[Stack]<UL><LI>Max Depth = 28<LI>Call Chain = usart_interrupt_flag_get
</UL>
<BR>[Called By]<UL><LI><a href="#[1e]">&gt;&gt;</a>&nbsp;&nbsp;&nbsp;USART0_IRQHandler
</UL>

<P><STRONG><a name="[81]"></a>usart_receive_config</STRONG> (Thumb, 30 bytes, Stack size 8 bytes, gd32e23x_usart.o(.text.usart_receive_config))
<BR><BR>[Stack]<UL><LI>Max Depth = 8<LI>Call Chain = usart_receive_config
</UL>
<BR>[Called By]<UL><LI><a href="#[7c]">&gt;&gt;</a>&nbsp;&nbsp;&nbsp;gd_eval_com_init
</UL>

<P><STRONG><a name="[7b]"></a>usart_send_data</STRONG> (Thumb, 40 bytes, Stack size 16 bytes, bsp_usart.o(.text.usart_send_data))
<BR><BR>[Stack]<UL><LI>Max Depth = 32<LI>Call Chain = usart_send_data &rArr; usart_flag_get
</UL>
<BR>[Calls]<UL><LI><a href="#[a4]">&gt;&gt;</a>&nbsp;&nbsp;&nbsp;usart_data_transmit
<LI><a href="#[90]">&gt;&gt;</a>&nbsp;&nbsp;&nbsp;usart_flag_get
</UL>
<BR>[Called By]<UL><LI><a href="#[25]">&gt;&gt;</a>&nbsp;&nbsp;&nbsp;fputc
</UL>

<P><STRONG><a name="[82]"></a>usart_transmit_config</STRONG> (Thumb, 30 bytes, Stack size 8 bytes, gd32e23x_usart.o(.text.usart_transmit_config))
<BR><BR>[Stack]<UL><LI>Max Depth = 8<LI>Call Chain = usart_transmit_config
</UL>
<BR>[Called By]<UL><LI><a href="#[7c]">&gt;&gt;</a>&nbsp;&nbsp;&nbsp;gd_eval_com_init
</UL>

<P><STRONG><a name="[a5]"></a>__0printf</STRONG> (Thumb, 24 bytes, Stack size 24 bytes, printfa.o(i.__0printf), UNUSED)
<BR><BR>[Calls]<UL><LI><a href="#[a6]">&gt;&gt;</a>&nbsp;&nbsp;&nbsp;_printf_core
</UL>

<P><STRONG><a name="[b8]"></a>__1printf</STRONG> (Thumb, 0 bytes, Stack size 24 bytes, printfa.o(i.__0printf), UNUSED)

<P><STRONG><a name="[b9]"></a>__2printf</STRONG> (Thumb, 0 bytes, Stack size 24 bytes, printfa.o(i.__0printf), UNUSED)

<P><STRONG><a name="[ba]"></a>__c89printf</STRONG> (Thumb, 0 bytes, Stack size 24 bytes, printfa.o(i.__0printf), UNUSED)

<P><STRONG><a name="[93]"></a>printf</STRONG> (Thumb, 0 bytes, Stack size 24 bytes, printfa.o(i.__0printf))
<BR><BR>[Stack]<UL><LI>Max Depth = 24<LI>Call Chain = printf
</UL>
<BR>[Called By]<UL><LI><a href="#[22]">&gt;&gt;</a>&nbsp;&nbsp;&nbsp;main
</UL>

<P><STRONG><a name="[33]"></a>__ARM_clz</STRONG> (Thumb, 46 bytes, Stack size 0 bytes, depilogue.o(i.__ARM_clz))
<BR><BR>[Called By]<UL><LI><a href="#[2b]">&gt;&gt;</a>&nbsp;&nbsp;&nbsp;_double_epilogue
</UL>

<P><STRONG><a name="[bb]"></a>__scatterload_copy</STRONG> (Thumb, 14 bytes, Stack size unknown bytes, handlers.o(i.__scatterload_copy), UNUSED)

<P><STRONG><a name="[bc]"></a>__scatterload_null</STRONG> (Thumb, 2 bytes, Stack size unknown bytes, handlers.o(i.__scatterload_null), UNUSED)

<P><STRONG><a name="[bd]"></a>__scatterload_zeroinit</STRONG> (Thumb, 14 bytes, Stack size unknown bytes, handlers.o(i.__scatterload_zeroinit), UNUSED)
<P>
<H3>
Local Symbols
</H3>
<P><STRONG><a name="[68]"></a>system_clock_config</STRONG> (Thumb, 8 bytes, Stack size 8 bytes, system_gd32e23x.o(.text.system_clock_config))
<BR><BR>[Stack]<UL><LI>Max Depth = 24<LI>Call Chain = system_clock_config &rArr; system_clock_72m_hxtal
</UL>
<BR>[Calls]<UL><LI><a href="#[9a]">&gt;&gt;</a>&nbsp;&nbsp;&nbsp;system_clock_72m_hxtal
</UL>
<BR>[Called By]<UL><LI><a href="#[23]">&gt;&gt;</a>&nbsp;&nbsp;&nbsp;SystemInit
</UL>

<P><STRONG><a name="[9a]"></a>system_clock_72m_hxtal</STRONG> (Thumb, 208 bytes, Stack size 16 bytes, system_gd32e23x.o(.text.system_clock_72m_hxtal))
<BR><BR>[Stack]<UL><LI>Max Depth = 16<LI>Call Chain = system_clock_72m_hxtal
</UL>
<BR>[Called By]<UL><LI><a href="#[68]">&gt;&gt;</a>&nbsp;&nbsp;&nbsp;system_clock_config
</UL>

<P><STRONG><a name="[97]"></a>__NVIC_SetPriority</STRONG> (Thumb, 124 bytes, Stack size 24 bytes, gd32e23x_misc.o(.text.__NVIC_SetPriority))
<BR><BR>[Stack]<UL><LI>Max Depth = 24<LI>Call Chain = __NVIC_SetPriority
</UL>
<BR>[Called By]<UL><LI><a href="#[96]">&gt;&gt;</a>&nbsp;&nbsp;&nbsp;nvic_irq_enable
</UL>

<P><STRONG><a name="[98]"></a>__NVIC_EnableIRQ</STRONG> (Thumb, 48 bytes, Stack size 4 bytes, gd32e23x_misc.o(.text.__NVIC_EnableIRQ))
<BR><BR>[Stack]<UL><LI>Max Depth = 4<LI>Call Chain = __NVIC_EnableIRQ
</UL>
<BR>[Called By]<UL><LI><a href="#[96]">&gt;&gt;</a>&nbsp;&nbsp;&nbsp;nvic_irq_enable
</UL>

<P><STRONG><a name="[a7]"></a>_fp_digits</STRONG> (Thumb, 344 bytes, Stack size 64 bytes, printfa.o(i._fp_digits), UNUSED)
<BR><BR>[Calls]<UL><LI><a href="#[2a]">&gt;&gt;</a>&nbsp;&nbsp;&nbsp;__aeabi_dmul
<LI><a href="#[30]">&gt;&gt;</a>&nbsp;&nbsp;&nbsp;__aeabi_uldivmod
<LI><a href="#[39]">&gt;&gt;</a>&nbsp;&nbsp;&nbsp;__aeabi_ddiv
<LI><a href="#[35]">&gt;&gt;</a>&nbsp;&nbsp;&nbsp;__aeabi_dadd
<LI><a href="#[3a]">&gt;&gt;</a>&nbsp;&nbsp;&nbsp;__aeabi_d2ulz
<LI><a href="#[a8]">&gt;&gt;</a>&nbsp;&nbsp;&nbsp;__aeabi_cdrcmple
</UL>
<BR>[Called By]<UL><LI><a href="#[a6]">&gt;&gt;</a>&nbsp;&nbsp;&nbsp;_printf_core
</UL>

<P><STRONG><a name="[a6]"></a>_printf_core</STRONG> (Thumb, 1754 bytes, Stack size 128 bytes, printfa.o(i._printf_core), UNUSED)
<BR><BR>[Calls]<UL><LI><a href="#[ab]">&gt;&gt;</a>&nbsp;&nbsp;&nbsp;__aeabi_uidivmod
<LI><a href="#[30]">&gt;&gt;</a>&nbsp;&nbsp;&nbsp;__aeabi_uldivmod
<LI><a href="#[a9]">&gt;&gt;</a>&nbsp;&nbsp;&nbsp;_printf_pre_padding
<LI><a href="#[aa]">&gt;&gt;</a>&nbsp;&nbsp;&nbsp;_printf_post_padding
<LI><a href="#[a7]">&gt;&gt;</a>&nbsp;&nbsp;&nbsp;_fp_digits
</UL>
<BR>[Called By]<UL><LI><a href="#[a5]">&gt;&gt;</a>&nbsp;&nbsp;&nbsp;__0printf
</UL>

<P><STRONG><a name="[aa]"></a>_printf_post_padding</STRONG> (Thumb, 32 bytes, Stack size 24 bytes, printfa.o(i._printf_post_padding), UNUSED)
<BR><BR>[Called By]<UL><LI><a href="#[a6]">&gt;&gt;</a>&nbsp;&nbsp;&nbsp;_printf_core
</UL>

<P><STRONG><a name="[a9]"></a>_printf_pre_padding</STRONG> (Thumb, 44 bytes, Stack size 40 bytes, printfa.o(i._printf_pre_padding), UNUSED)
<BR><BR>[Called By]<UL><LI><a href="#[a6]">&gt;&gt;</a>&nbsp;&nbsp;&nbsp;_printf_core
</UL>
<P>
<H3>
Undefined Global Symbols
</H3><HR></body></html>
